[    0.000000] microcode: microcode updated early to revision 0x5003707, date = 2024-03-01
[    0.000000] Linux version 5.11.0.f2fs-zns (root@oslab-PowerEdge-R740xd) (gcc (Ubuntu 9.4.0-1ubuntu1~20.04.2) 9.4.0, GNU ld (GNU Binutils for Ubuntu) 2.34) #83 SMP Mon Dec 23 21:30:36 KST 2024
[    0.000000] Command line: BOOT_IMAGE=/boot/vmlinuz-5.11.0.f2fs-zns root=UUID=0fe244cb-556c-49fd-bc46-148ab2afc428 ro memmap=448G$64G intremap=off isolcpus=37,39 quiet splash vt.handoff=7
[    0.000000] KERNEL supported cpus:
[    0.000000]   Intel GenuineIntel
[    0.000000]   AMD AuthenticAMD
[    0.000000]   Hygon HygonGenuine
[    0.000000]   Centaur CentaurHauls
[    0.000000]   zhaoxin   Shanghai  
[    0.000000] x86/fpu: Supporting XSAVE feature 0x001: 'x87 floating point registers'
[    0.000000] x86/fpu: Supporting XSAVE feature 0x002: 'SSE registers'
[    0.000000] x86/fpu: Supporting XSAVE feature 0x004: 'AVX registers'
[    0.000000] x86/fpu: Supporting XSAVE feature 0x008: 'MPX bounds registers'
[    0.000000] x86/fpu: Supporting XSAVE feature 0x010: 'MPX CSR'
[    0.000000] x86/fpu: Supporting XSAVE feature 0x020: 'AVX-512 opmask'
[    0.000000] x86/fpu: Supporting XSAVE feature 0x040: 'AVX-512 Hi256'
[    0.000000] x86/fpu: Supporting XSAVE feature 0x080: 'AVX-512 ZMM_Hi256'
[    0.000000] x86/fpu: Supporting XSAVE feature 0x200: 'Protection Keys User registers'
[    0.000000] x86/fpu: xstate_offset[2]:  576, xstate_sizes[2]:  256
[    0.000000] x86/fpu: xstate_offset[3]:  832, xstate_sizes[3]:   64
[    0.000000] x86/fpu: xstate_offset[4]:  896, xstate_sizes[4]:   64
[    0.000000] x86/fpu: xstate_offset[5]:  960, xstate_sizes[5]:   64
[    0.000000] x86/fpu: xstate_offset[6]: 1024, xstate_sizes[6]:  512
[    0.000000] x86/fpu: xstate_offset[7]: 1536, xstate_sizes[7]: 1024
[    0.000000] x86/fpu: xstate_offset[9]: 2560, xstate_sizes[9]:    8
[    0.000000] x86/fpu: Enabled xstate features 0x2ff, context size is 2568 bytes, using 'compacted' format.
[    0.000000] BIOS-provided physical RAM map:
[    0.000000] BIOS-e820: [mem 0x0000000000000000-0x000000000009ffff] usable
[    0.000000] BIOS-e820: [mem 0x00000000000a0000-0x00000000000fffff] reserved
[    0.000000] BIOS-e820: [mem 0x0000000000100000-0x00000000682fefff] usable
[    0.000000] BIOS-e820: [mem 0x00000000682ff000-0x000000006ebfefff] reserved
[    0.000000] BIOS-e820: [mem 0x000000006ebff000-0x000000006f9fefff] ACPI NVS
[    0.000000] BIOS-e820: [mem 0x000000006f9ff000-0x000000006fffefff] ACPI data
[    0.000000] BIOS-e820: [mem 0x000000006ffff000-0x000000006fffffff] usable
[    0.000000] BIOS-e820: [mem 0x0000000070000000-0x000000008fffffff] reserved
[    0.000000] BIOS-e820: [mem 0x00000000fe000000-0x00000000fe010fff] reserved
[    0.000000] BIOS-e820: [mem 0x0000000100000000-0x000000807fffffff] usable
[    0.000000] NX (Execute Disable) protection: active
[    0.000000] e820: update [mem 0x4bca5020-0x4bcad05f] usable ==> usable
[    0.000000] e820: update [mem 0x4bca5020-0x4bcad05f] usable ==> usable
[    0.000000] e820: update [mem 0x4bc8c020-0x4bca465f] usable ==> usable
[    0.000000] e820: update [mem 0x4bc8c020-0x4bca465f] usable ==> usable
[    0.000000] e820: update [mem 0x4bc2c020-0x4bc8ba5f] usable ==> usable
[    0.000000] e820: update [mem 0x4bc2c020-0x4bc8ba5f] usable ==> usable
[    0.000000] e820: update [mem 0x4bbcc020-0x4bc2ba5f] usable ==> usable
[    0.000000] e820: update [mem 0x4bbcc020-0x4bc2ba5f] usable ==> usable
[    0.000000] e820: update [mem 0x4bb6f020-0x4bbcbc5f] usable ==> usable
[    0.000000] e820: update [mem 0x4bb6f020-0x4bbcbc5f] usable ==> usable
[    0.000000] e820: update [mem 0x4bb12020-0x4bb6ec5f] usable ==> usable
[    0.000000] e820: update [mem 0x4bb12020-0x4bb6ec5f] usable ==> usable
[    0.000000] e820: update [mem 0x4bb07020-0x4bb11a5f] usable ==> usable
[    0.000000] e820: update [mem 0x4bb07020-0x4bb11a5f] usable ==> usable
[    0.000000] e820: update [mem 0x4bb00020-0x4bb0645f] usable ==> usable
[    0.000000] e820: update [mem 0x4bb00020-0x4bb0645f] usable ==> usable
[    0.000000] extended physical RAM map:
[    0.000000] reserve setup_data: [mem 0x0000000000000000-0x000000000009ffff] usable
[    0.000000] reserve setup_data: [mem 0x00000000000a0000-0x00000000000fffff] reserved
[    0.000000] reserve setup_data: [mem 0x0000000000100000-0x000000004bb0001f] usable
[    0.000000] reserve setup_data: [mem 0x000000004bb00020-0x000000004bb0645f] usable
[    0.000000] reserve setup_data: [mem 0x000000004bb06460-0x000000004bb0701f] usable
[    0.000000] reserve setup_data: [mem 0x000000004bb07020-0x000000004bb11a5f] usable
[    0.000000] reserve setup_data: [mem 0x000000004bb11a60-0x000000004bb1201f] usable
[    0.000000] reserve setup_data: [mem 0x000000004bb12020-0x000000004bb6ec5f] usable
[    0.000000] reserve setup_data: [mem 0x000000004bb6ec60-0x000000004bb6f01f] usable
[    0.000000] reserve setup_data: [mem 0x000000004bb6f020-0x000000004bbcbc5f] usable
[    0.000000] reserve setup_data: [mem 0x000000004bbcbc60-0x000000004bbcc01f] usable
[    0.000000] reserve setup_data: [mem 0x000000004bbcc020-0x000000004bc2ba5f] usable
[    0.000000] reserve setup_data: [mem 0x000000004bc2ba60-0x000000004bc2c01f] usable
[    0.000000] reserve setup_data: [mem 0x000000004bc2c020-0x000000004bc8ba5f] usable
[    0.000000] reserve setup_data: [mem 0x000000004bc8ba60-0x000000004bc8c01f] usable
[    0.000000] reserve setup_data: [mem 0x000000004bc8c020-0x000000004bca465f] usable
[    0.000000] reserve setup_data: [mem 0x000000004bca4660-0x000000004bca501f] usable
[    0.000000] reserve setup_data: [mem 0x000000004bca5020-0x000000004bcad05f] usable
[    0.000000] reserve setup_data: [mem 0x000000004bcad060-0x00000000682fefff] usable
[    0.000000] reserve setup_data: [mem 0x00000000682ff000-0x000000006ebfefff] reserved
[    0.000000] reserve setup_data: [mem 0x000000006ebff000-0x000000006f9fefff] ACPI NVS
[    0.000000] reserve setup_data: [mem 0x000000006f9ff000-0x000000006fffefff] ACPI data
[    0.000000] reserve setup_data: [mem 0x000000006ffff000-0x000000006fffffff] usable
[    0.000000] reserve setup_data: [mem 0x0000000070000000-0x000000008fffffff] reserved
[    0.000000] reserve setup_data: [mem 0x00000000fe000000-0x00000000fe010fff] reserved
[    0.000000] reserve setup_data: [mem 0x0000000100000000-0x0000000fffffffff] usable
[    0.000000] reserve setup_data: [mem 0x0000001000000000-0x0000007fffffffff] reserved
[    0.000000] reserve setup_data: [mem 0x0000008000000000-0x000000807fffffff] usable
[    0.000000] user-defined physical RAM map:
[    0.000000] user: [mem 0x0000000000000000-0x000000000009ffff] usable
[    0.000000] user: [mem 0x00000000000a0000-0x00000000000fffff] reserved
[    0.000000] user: [mem 0x0000000000100000-0x000000004bb0001f] usable
[    0.000000] user: [mem 0x000000004bb00020-0x000000004bb0645f] usable
[    0.000000] user: [mem 0x000000004bb06460-0x000000004bb0701f] usable
[    0.000000] user: [mem 0x000000004bb07020-0x000000004bb11a5f] usable
[    0.000000] user: [mem 0x000000004bb11a60-0x000000004bb1201f] usable
[    0.000000] user: [mem 0x000000004bb12020-0x000000004bb6ec5f] usable
[    0.000000] user: [mem 0x000000004bb6ec60-0x000000004bb6f01f] usable
[    0.000000] user: [mem 0x000000004bb6f020-0x000000004bbcbc5f] usable
[    0.000000] user: [mem 0x000000004bbcbc60-0x000000004bbcc01f] usable
[    0.000000] user: [mem 0x000000004bbcc020-0x000000004bc2ba5f] usable
[    0.000000] user: [mem 0x000000004bc2ba60-0x000000004bc2c01f] usable
[    0.000000] user: [mem 0x000000004bc2c020-0x000000004bc8ba5f] usable
[    0.000000] user: [mem 0x000000004bc8ba60-0x000000004bc8c01f] usable
[    0.000000] user: [mem 0x000000004bc8c020-0x000000004bca465f] usable
[    0.000000] user: [mem 0x000000004bca4660-0x000000004bca501f] usable
[    0.000000] user: [mem 0x000000004bca5020-0x000000004bcad05f] usable
[    0.000000] user: [mem 0x000000004bcad060-0x00000000682fefff] usable
[    0.000000] user: [mem 0x00000000682ff000-0x000000006ebfefff] reserved
[    0.000000] user: [mem 0x000000006ebff000-0x000000006f9fefff] ACPI NVS
[    0.000000] user: [mem 0x000000006f9ff000-0x000000006fffefff] ACPI data
[    0.000000] user: [mem 0x000000006ffff000-0x000000006fffffff] usable
[    0.000000] user: [mem 0x0000000070000000-0x000000008fffffff] reserved
[    0.000000] user: [mem 0x00000000fe000000-0x00000000fe010fff] reserved
[    0.000000] user: [mem 0x0000000100000000-0x0000000fffffffff] usable
[    0.000000] user: [mem 0x0000001000000000-0x0000007fffffffff] reserved
[    0.000000] user: [mem 0x0000008000000000-0x000000807fffffff] usable
[    0.000000] efi: EFI v2.70 by Dell Inc.
[    0.000000] efi: ACPI=0x6fffe000 ACPI 2.0=0x6fffe014 SMBIOS=0x68d36000 SMBIOS 3.0=0x68d34000 MEMATTR=0x65053020 MOKvar=0x683aa000 RNG=0x683d5720 
[    0.000000] efi: seeding entropy pool
[    0.000000] random: fast init done
[    0.000000] SMBIOS 3.2.0 present.
[    0.000000] DMI: Dell Inc. PowerEdge R740xd/06WXJT, BIOS 2.14.2 03/21/2022
[    0.000000] tsc: Detected 2100.000 MHz processor
[    0.000008] e820: update [mem 0x00000000-0x00000fff] usable ==> reserved
[    0.000012] e820: remove [mem 0x000a0000-0x000fffff] usable
[    0.000021] last_pfn = 0x8080000 max_arch_pfn = 0x400000000
[    0.000024] MTRR default type: uncachable
[    0.000026] MTRR fixed ranges enabled:
[    0.000027]   00000-9FFFF write-back
[    0.000029]   A0000-BFFFF uncachable
[    0.000030]   C0000-FFFFF write-protect
[    0.000032] MTRR variable ranges enabled:
[    0.000033]   0 base 000000000000 mask 3F8000000000 write-back
[    0.000035]   1 base 008000000000 mask 3FFF80000000 write-back
[    0.000037]   2 base 000080000000 mask 3FFF80000000 uncachable
[    0.000039]   3 base 000070000000 mask 3FFFFC000000 uncachable
[    0.000041]   4 disabled
[    0.000042]   5 disabled
[    0.000043]   6 disabled
[    0.000044]   7 disabled
[    0.000045]   8 disabled
[    0.000045]   9 disabled
[    0.000201] x86/PAT: Configuration [0-7]: WB  WC  UC- UC  WB  WP  UC- WT  
[    0.001070] total RAM covered: 524224M
[    0.001308]  gran_size: 64K 	chunk_size: 64K 	num_reg: 10  	lose cover RAM: 386G
[    0.001311]  gran_size: 64K 	chunk_size: 128K 	num_reg: 10  	lose cover RAM: 386G
[    0.001314]  gran_size: 64K 	chunk_size: 256K 	num_reg: 10  	lose cover RAM: 386G
[    0.001316]  gran_size: 64K 	chunk_size: 512K 	num_reg: 10  	lose cover RAM: 386G
[    0.001317]  gran_size: 64K 	chunk_size: 1M 	num_reg: 10  	lose cover RAM: 386G
[    0.001319]  gran_size: 64K 	chunk_size: 2M 	num_reg: 10  	lose cover RAM: 386G
[    0.001321]  gran_size: 64K 	chunk_size: 4M 	num_reg: 10  	lose cover RAM: 386G
[    0.001323]  gran_size: 64K 	chunk_size: 8M 	num_reg: 10  	lose cover RAM: 386G
[    0.001325]  gran_size: 64K 	chunk_size: 16M 	num_reg: 10  	lose cover RAM: 386G
[    0.001327]  gran_size: 64K 	chunk_size: 32M 	num_reg: 10  	lose cover RAM: 386G
[    0.001328]  gran_size: 64K 	chunk_size: 64M 	num_reg: 10  	lose cover RAM: 386G
[    0.001330]  gran_size: 64K 	chunk_size: 128M 	num_reg: 10  	lose cover RAM: 482G
[    0.001332]  gran_size: 64K 	chunk_size: 256M 	num_reg: 10  	lose cover RAM: 482G
[    0.001334]  gran_size: 64K 	chunk_size: 512M 	num_reg: 10  	lose cover RAM: 0G
[    0.001336]  gran_size: 64K 	chunk_size: 1G 	num_reg: 10  	lose cover RAM: 0G
[    0.001338]  gran_size: 64K 	chunk_size: 2G 	num_reg: 10  	lose cover RAM: 0G
[    0.001340]  gran_size: 128K 	chunk_size: 128K 	num_reg: 10  	lose cover RAM: 386G
[    0.001342]  gran_size: 128K 	chunk_size: 256K 	num_reg: 10  	lose cover RAM: 386G
[    0.001344]  gran_size: 128K 	chunk_size: 512K 	num_reg: 10  	lose cover RAM: 386G
[    0.001346]  gran_size: 128K 	chunk_size: 1M 	num_reg: 10  	lose cover RAM: 386G
[    0.001348]  gran_size: 128K 	chunk_size: 2M 	num_reg: 10  	lose cover RAM: 386G
[    0.001350]  gran_size: 128K 	chunk_size: 4M 	num_reg: 10  	lose cover RAM: 386G
[    0.001352]  gran_size: 128K 	chunk_size: 8M 	num_reg: 10  	lose cover RAM: 386G
[    0.001354]  gran_size: 128K 	chunk_size: 16M 	num_reg: 10  	lose cover RAM: 386G
[    0.001356]  gran_size: 128K 	chunk_size: 32M 	num_reg: 10  	lose cover RAM: 386G
[    0.001358]  gran_size: 128K 	chunk_size: 64M 	num_reg: 10  	lose cover RAM: 386G
[    0.001360]  gran_size: 128K 	chunk_size: 128M 	num_reg: 10  	lose cover RAM: 482G
[    0.001362]  gran_size: 128K 	chunk_size: 256M 	num_reg: 10  	lose cover RAM: 482G
[    0.001364]  gran_size: 128K 	chunk_size: 512M 	num_reg: 10  	lose cover RAM: 0G
[    0.001365]  gran_size: 128K 	chunk_size: 1G 	num_reg: 10  	lose cover RAM: 0G
[    0.001367]  gran_size: 128K 	chunk_size: 2G 	num_reg: 10  	lose cover RAM: 0G
[    0.001369]  gran_size: 256K 	chunk_size: 256K 	num_reg: 10  	lose cover RAM: 386G
[    0.001371]  gran_size: 256K 	chunk_size: 512K 	num_reg: 10  	lose cover RAM: 386G
[    0.001373]  gran_size: 256K 	chunk_size: 1M 	num_reg: 10  	lose cover RAM: 386G
[    0.001375]  gran_size: 256K 	chunk_size: 2M 	num_reg: 10  	lose cover RAM: 386G
[    0.001377]  gran_size: 256K 	chunk_size: 4M 	num_reg: 10  	lose cover RAM: 386G
[    0.001379]  gran_size: 256K 	chunk_size: 8M 	num_reg: 10  	lose cover RAM: 386G
[    0.001380]  gran_size: 256K 	chunk_size: 16M 	num_reg: 10  	lose cover RAM: 386G
[    0.001382]  gran_size: 256K 	chunk_size: 32M 	num_reg: 10  	lose cover RAM: 386G
[    0.001384]  gran_size: 256K 	chunk_size: 64M 	num_reg: 10  	lose cover RAM: 386G
[    0.001386]  gran_size: 256K 	chunk_size: 128M 	num_reg: 10  	lose cover RAM: 482G
[    0.001388]  gran_size: 256K 	chunk_size: 256M 	num_reg: 10  	lose cover RAM: 482G
[    0.001389]  gran_size: 256K 	chunk_size: 512M 	num_reg: 10  	lose cover RAM: 0G
[    0.001391]  gran_size: 256K 	chunk_size: 1G 	num_reg: 10  	lose cover RAM: 0G
[    0.001394]  gran_size: 256K 	chunk_size: 2G 	num_reg: 10  	lose cover RAM: 0G
[    0.001395]  gran_size: 512K 	chunk_size: 512K 	num_reg: 10  	lose cover RAM: 386G
[    0.001397]  gran_size: 512K 	chunk_size: 1M 	num_reg: 10  	lose cover RAM: 386G
[    0.001399]  gran_size: 512K 	chunk_size: 2M 	num_reg: 10  	lose cover RAM: 386G
[    0.001401]  gran_size: 512K 	chunk_size: 4M 	num_reg: 10  	lose cover RAM: 386G
[    0.001403]  gran_size: 512K 	chunk_size: 8M 	num_reg: 10  	lose cover RAM: 386G
[    0.001405]  gran_size: 512K 	chunk_size: 16M 	num_reg: 10  	lose cover RAM: 386G
[    0.001407]  gran_size: 512K 	chunk_size: 32M 	num_reg: 10  	lose cover RAM: 386G
[    0.001409]  gran_size: 512K 	chunk_size: 64M 	num_reg: 10  	lose cover RAM: 386G
[    0.001410]  gran_size: 512K 	chunk_size: 128M 	num_reg: 10  	lose cover RAM: 482G
[    0.001412]  gran_size: 512K 	chunk_size: 256M 	num_reg: 10  	lose cover RAM: 482G
[    0.001414]  gran_size: 512K 	chunk_size: 512M 	num_reg: 10  	lose cover RAM: 0G
[    0.001416]  gran_size: 512K 	chunk_size: 1G 	num_reg: 10  	lose cover RAM: 0G
[    0.001418]  gran_size: 512K 	chunk_size: 2G 	num_reg: 10  	lose cover RAM: 0G
[    0.001420]  gran_size: 1M 	chunk_size: 1M 	num_reg: 10  	lose cover RAM: 386G
[    0.001421]  gran_size: 1M 	chunk_size: 2M 	num_reg: 10  	lose cover RAM: 386G
[    0.001423]  gran_size: 1M 	chunk_size: 4M 	num_reg: 10  	lose cover RAM: 386G
[    0.001425]  gran_size: 1M 	chunk_size: 8M 	num_reg: 10  	lose cover RAM: 386G
[    0.001427]  gran_size: 1M 	chunk_size: 16M 	num_reg: 10  	lose cover RAM: 386G
[    0.001429]  gran_size: 1M 	chunk_size: 32M 	num_reg: 10  	lose cover RAM: 386G
[    0.001430]  gran_size: 1M 	chunk_size: 64M 	num_reg: 10  	lose cover RAM: 386G
[    0.001432]  gran_size: 1M 	chunk_size: 128M 	num_reg: 10  	lose cover RAM: 482G
[    0.001434]  gran_size: 1M 	chunk_size: 256M 	num_reg: 10  	lose cover RAM: 482G
[    0.001436]  gran_size: 1M 	chunk_size: 512M 	num_reg: 10  	lose cover RAM: 0G
[    0.001438]  gran_size: 1M 	chunk_size: 1G 	num_reg: 10  	lose cover RAM: 0G
[    0.001439]  gran_size: 1M 	chunk_size: 2G 	num_reg: 10  	lose cover RAM: 0G
[    0.001441]  gran_size: 2M 	chunk_size: 2M 	num_reg: 10  	lose cover RAM: 386G
[    0.001443]  gran_size: 2M 	chunk_size: 4M 	num_reg: 10  	lose cover RAM: 386G
[    0.001445]  gran_size: 2M 	chunk_size: 8M 	num_reg: 10  	lose cover RAM: 386G
[    0.001447]  gran_size: 2M 	chunk_size: 16M 	num_reg: 10  	lose cover RAM: 386G
[    0.001449]  gran_size: 2M 	chunk_size: 32M 	num_reg: 10  	lose cover RAM: 386G
[    0.001450]  gran_size: 2M 	chunk_size: 64M 	num_reg: 10  	lose cover RAM: 386G
[    0.001452]  gran_size: 2M 	chunk_size: 128M 	num_reg: 10  	lose cover RAM: 482G
[    0.001454]  gran_size: 2M 	chunk_size: 256M 	num_reg: 10  	lose cover RAM: 482G
[    0.001456]  gran_size: 2M 	chunk_size: 512M 	num_reg: 10  	lose cover RAM: 0G
[    0.001458]  gran_size: 2M 	chunk_size: 1G 	num_reg: 10  	lose cover RAM: 0G
[    0.001460]  gran_size: 2M 	chunk_size: 2G 	num_reg: 10  	lose cover RAM: 0G
[    0.001462]  gran_size: 4M 	chunk_size: 4M 	num_reg: 10  	lose cover RAM: 386G
[    0.001463]  gran_size: 4M 	chunk_size: 8M 	num_reg: 10  	lose cover RAM: 386G
[    0.001465]  gran_size: 4M 	chunk_size: 16M 	num_reg: 10  	lose cover RAM: 386G
[    0.001467]  gran_size: 4M 	chunk_size: 32M 	num_reg: 10  	lose cover RAM: 386G
[    0.001469]  gran_size: 4M 	chunk_size: 64M 	num_reg: 10  	lose cover RAM: 386G
[    0.001470]  gran_size: 4M 	chunk_size: 128M 	num_reg: 10  	lose cover RAM: 482G
[    0.001472]  gran_size: 4M 	chunk_size: 256M 	num_reg: 10  	lose cover RAM: 482G
[    0.001474]  gran_size: 4M 	chunk_size: 512M 	num_reg: 10  	lose cover RAM: 0G
[    0.001476]  gran_size: 4M 	chunk_size: 1G 	num_reg: 10  	lose cover RAM: 0G
[    0.001478]  gran_size: 4M 	chunk_size: 2G 	num_reg: 10  	lose cover RAM: 0G
[    0.001479]  gran_size: 8M 	chunk_size: 8M 	num_reg: 10  	lose cover RAM: 386G
[    0.001481]  gran_size: 8M 	chunk_size: 16M 	num_reg: 10  	lose cover RAM: 386G
[    0.001483]  gran_size: 8M 	chunk_size: 32M 	num_reg: 10  	lose cover RAM: 386G
[    0.001485]  gran_size: 8M 	chunk_size: 64M 	num_reg: 10  	lose cover RAM: 386G
[    0.001487]  gran_size: 8M 	chunk_size: 128M 	num_reg: 10  	lose cover RAM: 482G
[    0.001488]  gran_size: 8M 	chunk_size: 256M 	num_reg: 10  	lose cover RAM: 482G
[    0.001490]  gran_size: 8M 	chunk_size: 512M 	num_reg: 10  	lose cover RAM: 0G
[    0.001492]  gran_size: 8M 	chunk_size: 1G 	num_reg: 10  	lose cover RAM: 0G
[    0.001494]  gran_size: 8M 	chunk_size: 2G 	num_reg: 10  	lose cover RAM: 0G
[    0.001496]  gran_size: 16M 	chunk_size: 16M 	num_reg: 10  	lose cover RAM: 386G
[    0.001498]  gran_size: 16M 	chunk_size: 32M 	num_reg: 10  	lose cover RAM: 386G
[    0.001500]  gran_size: 16M 	chunk_size: 64M 	num_reg: 10  	lose cover RAM: 386G
[    0.001502]  gran_size: 16M 	chunk_size: 128M 	num_reg: 10  	lose cover RAM: 482G
[    0.001503]  gran_size: 16M 	chunk_size: 256M 	num_reg: 10  	lose cover RAM: 482G
[    0.001505]  gran_size: 16M 	chunk_size: 512M 	num_reg: 10  	lose cover RAM: 0G
[    0.001507]  gran_size: 16M 	chunk_size: 1G 	num_reg: 10  	lose cover RAM: 0G
[    0.001509]  gran_size: 16M 	chunk_size: 2G 	num_reg: 10  	lose cover RAM: 0G
[    0.001511]  gran_size: 32M 	chunk_size: 32M 	num_reg: 10  	lose cover RAM: 386G
[    0.001513]  gran_size: 32M 	chunk_size: 64M 	num_reg: 10  	lose cover RAM: 386G
[    0.001514]  gran_size: 32M 	chunk_size: 128M 	num_reg: 10  	lose cover RAM: 482G
[    0.001516]  gran_size: 32M 	chunk_size: 256M 	num_reg: 10  	lose cover RAM: 482G
[    0.001518]  gran_size: 32M 	chunk_size: 512M 	num_reg: 10  	lose cover RAM: 0G
[    0.001520]  gran_size: 32M 	chunk_size: 1G 	num_reg: 10  	lose cover RAM: 0G
[    0.001522]  gran_size: 32M 	chunk_size: 2G 	num_reg: 10  	lose cover RAM: 0G
[    0.001523]  gran_size: 64M 	chunk_size: 64M 	num_reg: 10  	lose cover RAM: 386G
[    0.001525]  gran_size: 64M 	chunk_size: 128M 	num_reg: 10  	lose cover RAM: 482G
[    0.001527]  gran_size: 64M 	chunk_size: 256M 	num_reg: 10  	lose cover RAM: 482G
[    0.001529]  gran_size: 64M 	chunk_size: 512M 	num_reg: 10  	lose cover RAM: 0G
[    0.001531]  gran_size: 64M 	chunk_size: 1G 	num_reg: 10  	lose cover RAM: 0G
[    0.001533]  gran_size: 64M 	chunk_size: 2G 	num_reg: 10  	lose cover RAM: 0G
[    0.001534]  gran_size: 128M 	chunk_size: 128M 	num_reg: 10  	lose cover RAM: 395328M
[    0.001537]  gran_size: 128M 	chunk_size: 256M 	num_reg: 10  	lose cover RAM: 395328M
[    0.001538]  gran_size: 128M 	chunk_size: 512M 	num_reg: 10  	lose cover RAM: 0G
[    0.001540]  gran_size: 128M 	chunk_size: 1G 	num_reg: 10  	lose cover RAM: 0G
[    0.001542]  gran_size: 128M 	chunk_size: 2G 	num_reg: 10  	lose cover RAM: 0G
[    0.001544]  gran_size: 256M 	chunk_size: 256M 	num_reg: 10  	lose cover RAM: 2240M
[    0.001546]  gran_size: 256M 	chunk_size: 512M 	num_reg: 10  	lose cover RAM: 0G
[    0.001548]  gran_size: 256M 	chunk_size: 1G 	num_reg: 10  	lose cover RAM: 0G
[    0.001550]  gran_size: 256M 	chunk_size: 2G 	num_reg: 10  	lose cover RAM: 0G
[    0.001552]  gran_size: 512M 	chunk_size: 512M 	num_reg: 10  	lose cover RAM: 448M
[    0.001553]  gran_size: 512M 	chunk_size: 1G 	num_reg: 10  	lose cover RAM: 2304M
[    0.001555]  gran_size: 512M 	chunk_size: 2G 	num_reg: 10  	lose cover RAM: 2304M
[    0.001557]  gran_size: 1G 	chunk_size: 1G 	num_reg: 9  	lose cover RAM: 960M
[    0.001559]  gran_size: 1G 	chunk_size: 2G 	num_reg: 10  	lose cover RAM: 264960M
[    0.001561]  gran_size: 2G 	chunk_size: 2G 	num_reg: 8  	lose cover RAM: 1984M
[    0.001563] mtrr_cleanup: can not find optimal value
[    0.001564] please specify mtrr_gran_size/mtrr_chunk_size
[    0.001567] e820: update [mem 0x70000000-0x73ffffff] usable ==> reserved
[    0.001570] e820: update [mem 0x80000000-0xffffffff] usable ==> reserved
[    0.001575] last_pfn = 0x70000 max_arch_pfn = 0x400000000
[    0.008820] efi: Failed to lookup EFI memory descriptor for 0x00000000683aa000
[    0.008839] check: Scanning 1 areas for low memory corruption
[    0.008844] Using GB pages for direct mapping
[    0.009357] Secure boot disabled
[    0.009358] RAMDISK: [mem 0x4bcae000-0x4f8defff]
[    0.009367] ACPI: Early table checksum verification disabled
[    0.009370] ACPI: RSDP 0x000000006FFFE014 000024 (v02 DELL  )
[    0.009375] ACPI: XSDT 0x000000006FBF9188 0000F4 (v01 DELL   PE_SC3   00000000      01000013)
[    0.009381] ACPI: FACP 0x000000006FFF8000 000114 (v06 DELL   PE_SC3   00000000 DELL 00000001)
[    0.009387] ACPI: DSDT 0x000000006FCFA000 2EE3DC (v02 DELL   PE_SC3   00000003 DELL 00000001)
[    0.009391] ACPI: FACS 0x000000006F6EE000 000040
[    0.009394] ACPI: SSDT 0x000000006FFFC000 00046C (v02 INTEL  ADDRXLAT 00000001 INTL 20180508)
[    0.009398] ACPI: MCEJ 0x000000006FFFB000 000130 (v01 DELL   PE_SC3   00000002 DELL 00000001)
[    0.009401] ACPI: WD__ 0x000000006FFFA000 000134 (v01 DELL   PE_SC3   00000001 DELL 00000001)
[    0.009405] ACPI: SLIC 0x000000006FFF9000 000176 (v01 DELL   PE_SC3   00000001 DELL 00000001)
[    0.009408] ACPI: HPET 0x000000006FFF7000 000038 (v01 DELL   PE_SC3   00000001 DELL 00000001)
[    0.009412] ACPI: APIC 0x000000006FFF5000 0016DE (v04 DELL   PE_SC3   00000000 DELL 00000001)
[    0.009415] ACPI: MCFG 0x000000006FFF4000 00003C (v01 DELL   PE_SC3   00000001 DELL 00000001)
[    0.009419] ACPI: MIGT 0x000000006FFF3000 000040 (v01 DELL   PE_SC3   00000000 DELL 00000001)
[    0.009422] ACPI: MSCT 0x000000006FFF2000 000090 (v01 DELL   PE_SC3   00000001 DELL 00000001)
[    0.009426] ACPI: PCAT 0x000000006FFF1000 000088 (v02 DELL   PE_SC3   00000002 DELL 00000001)
[    0.009429] ACPI: PCCT 0x000000006FFF0000 00006E (v01 DELL   PE_SC3   00000002 DELL 00000001)
[    0.009433] ACPI: RASF 0x000000006FFEF000 000030 (v01 DELL   PE_SC3   00000001 DELL 00000001)
[    0.009436] ACPI: SLIT 0x000000006FFEE000 00042C (v01 DELL   PE_SC3   00000001 DELL 00000001)
[    0.009440] ACPI: SRAT 0x000000006FFEB000 002D30 (v03 DELL   PE_SC3   00000002 DELL 00000001)
[    0.009443] ACPI: SVOS 0x000000006FFEA000 000032 (v01 DELL   PE_SC3   00000000 DELL 00000001)
[    0.009447] ACPI: WSMT 0x000000006FFE9000 000028 (v01 DELL   PE_SC3   00000000 DELL 00000001)
[    0.009451] ACPI: OEM4 0x000000006FC4C000 0AD1C1 (v02 INTEL  CPU  CST 00003000 INTL 20180508)
[    0.009454] ACPI: SSDT 0x000000006FC14000 037465 (v02 INTEL  SSDT  PM 00004000 INTL 20180508)
[    0.009458] ACPI: SSDT 0x000000006FBFA000 000A1F (v02 DELL   PE_SC3   00000000 DELL 00000001)
[    0.009462] ACPI: SSDT 0x000000006FC10000 00357F (v02 INTEL  SpsNm    00000002 INTL 20180508)
[    0.009465] ACPI: DMAR 0x000000006FFFD000 0001D0 (v01 DELL   PE_SC3   00000001 DELL 00000001)
[    0.009469] ACPI: HEST 0x000000006FC0F000 00017C (v01 DELL   PE_SC3   00000002 DELL 00000001)
[    0.009472] ACPI: BERT 0x000000006FC0E000 000030 (v01 DELL   PE_SC3   00000002 DELL 00000001)
[    0.009476] ACPI: ERST 0x000000006FC0D000 000230 (v01 DELL   PE_SC3   00000002 DELL 00000001)
[    0.009479] ACPI: EINJ 0x000000006FC0C000 000150 (v01 DELL   PE_SC3   00000002 DELL 00000001)
[    0.009488] ACPI: Local APIC address 0xfee00000
[    0.009592] SRAT: PXM 0 -> APIC 0x00 -> Node 0
[    0.009594] SRAT: PXM 1 -> APIC 0x40 -> Node 1
[    0.009596] SRAT: PXM 0 -> APIC 0x08 -> Node 0
[    0.009597] SRAT: PXM 1 -> APIC 0x48 -> Node 1
[    0.009598] SRAT: PXM 0 -> APIC 0x02 -> Node 0
[    0.009599] SRAT: PXM 1 -> APIC 0x42 -> Node 1
[    0.009600] SRAT: PXM 0 -> APIC 0x06 -> Node 0
[    0.009601] SRAT: PXM 1 -> APIC 0x46 -> Node 1
[    0.009602] SRAT: PXM 0 -> APIC 0x04 -> Node 0
[    0.009603] SRAT: PXM 1 -> APIC 0x44 -> Node 1
[    0.009604] SRAT: PXM 0 -> APIC 0x18 -> Node 0
[    0.009605] SRAT: PXM 1 -> APIC 0x58 -> Node 1
[    0.009606] SRAT: PXM 0 -> APIC 0x10 -> Node 0
[    0.009607] SRAT: PXM 1 -> APIC 0x50 -> Node 1
[    0.009608] SRAT: PXM 0 -> APIC 0x16 -> Node 0
[    0.009609] SRAT: PXM 1 -> APIC 0x56 -> Node 1
[    0.009610] SRAT: PXM 0 -> APIC 0x12 -> Node 0
[    0.009611] SRAT: PXM 1 -> APIC 0x52 -> Node 1
[    0.009612] SRAT: PXM 0 -> APIC 0x14 -> Node 0
[    0.009613] SRAT: PXM 1 -> APIC 0x54 -> Node 1
[    0.009614] SRAT: PXM 0 -> APIC 0x20 -> Node 0
[    0.009615] SRAT: PXM 1 -> APIC 0x60 -> Node 1
[    0.009616] SRAT: PXM 0 -> APIC 0x28 -> Node 0
[    0.009617] SRAT: PXM 1 -> APIC 0x68 -> Node 1
[    0.009618] SRAT: PXM 0 -> APIC 0x22 -> Node 0
[    0.009619] SRAT: PXM 1 -> APIC 0x62 -> Node 1
[    0.009620] SRAT: PXM 0 -> APIC 0x26 -> Node 0
[    0.009621] SRAT: PXM 1 -> APIC 0x66 -> Node 1
[    0.009622] SRAT: PXM 0 -> APIC 0x24 -> Node 0
[    0.009623] SRAT: PXM 1 -> APIC 0x64 -> Node 1
[    0.009624] SRAT: PXM 0 -> APIC 0x38 -> Node 0
[    0.009625] SRAT: PXM 1 -> APIC 0x78 -> Node 1
[    0.009626] SRAT: PXM 0 -> APIC 0x30 -> Node 0
[    0.009627] SRAT: PXM 1 -> APIC 0x70 -> Node 1
[    0.009628] SRAT: PXM 0 -> APIC 0x36 -> Node 0
[    0.009629] SRAT: PXM 1 -> APIC 0x76 -> Node 1
[    0.009630] SRAT: PXM 0 -> APIC 0x32 -> Node 0
[    0.009631] SRAT: PXM 1 -> APIC 0x72 -> Node 1
[    0.009632] SRAT: PXM 0 -> APIC 0x34 -> Node 0
[    0.009633] SRAT: PXM 1 -> APIC 0x74 -> Node 1
[    0.009647] ACPI: SRAT: Node 0 PXM 0 [mem 0x00000000-0x7fffffff]
[    0.009649] ACPI: SRAT: Node 0 PXM 0 [mem 0x100000000-0x407fffffff]
[    0.009651] ACPI: SRAT: Node 1 PXM 1 [mem 0x4080000000-0x807fffffff]
[    0.009660] NUMA: Initialized distance table, cnt=2
[    0.009661] NUMA: Node 0 [mem 0x00000000-0x7fffffff] + [mem 0x100000000-0x407fffffff] -> [mem 0x00000000-0x407fffffff]
[    0.009673] NODE_DATA(0) allocated [mem 0xffffd6000-0xfffffffff]
[    0.009699] NODE_DATA(1) allocated [mem 0x807ffd5000-0x807fffefff]
[    0.010047] Zone ranges:
[    0.010048]   DMA      [mem 0x0000000000001000-0x0000000000ffffff]
[    0.010050]   DMA32    [mem 0x0000000001000000-0x00000000ffffffff]
[    0.010052]   Normal   [mem 0x0000000100000000-0x000000807fffffff]
[    0.010054]   Device   empty
[    0.010055] Movable zone start for each node
[    0.010059] Early memory node ranges
[    0.010059]   node   0: [mem 0x0000000000001000-0x000000000009ffff]
[    0.010061]   node   0: [mem 0x0000000000100000-0x00000000682fefff]
[    0.010063]   node   0: [mem 0x000000006ffff000-0x000000006fffffff]
[    0.010064]   node   0: [mem 0x0000000100000000-0x0000000fffffffff]
[    0.010069]   node   1: [mem 0x0000008000000000-0x000000807fffffff]
[    0.011804] Zeroed struct page in unavailable ranges: 32097 pages
[    0.011806] Initmem setup node 0 [mem 0x0000000000001000-0x0000000fffffffff]
[    0.011808] On node 0 totalpages: 16155295
[    0.011810]   DMA zone: 64 pages used for memmap
[    0.011811]   DMA zone: 1094 pages reserved
[    0.011812]   DMA zone: 3999 pages, LIFO batch:0
[    0.011854]   DMA32 zone: 6604 pages used for memmap
[    0.011855]   DMA32 zone: 422656 pages, LIFO batch:63
[    0.015897]   Normal zone: 245760 pages used for memmap
[    0.015898]   Normal zone: 15728640 pages, LIFO batch:63
[    0.166354] Initmem setup node 1 [mem 0x0000008000000000-0x000000807fffffff]
[    0.166356] On node 1 totalpages: 524288
[    0.166358]   Normal zone: 8192 pages used for memmap
[    0.166358]   Normal zone: 524288 pages, LIFO batch:63
[    0.172565] ACPI: PM-Timer IO Port: 0x508
[    0.172568] ACPI: Local APIC address 0xfee00000
[    0.172590] ACPI: X2APIC_NMI (uid[0xffffffff] high level lint[0x1])
[    0.172594] ACPI: LAPIC_NMI (acpi_id[0xff] high level lint[0x1])
[    0.172614] IOAPIC[0]: apic_id 8, version 32, address 0xfec00000, GSI 0-23
[    0.172619] IOAPIC[1]: apic_id 9, version 32, address 0xfec01000, GSI 24-31
[    0.172624] IOAPIC[2]: apic_id 10, version 32, address 0xfec08000, GSI 32-39
[    0.172629] IOAPIC[3]: apic_id 11, version 32, address 0xfec10000, GSI 40-47
[    0.172633] IOAPIC[4]: apic_id 12, version 32, address 0xfec18000, GSI 48-55
[    0.172638] IOAPIC[5]: apic_id 15, version 32, address 0xfec20000, GSI 72-79
[    0.172643] IOAPIC[6]: apic_id 16, version 32, address 0xfec28000, GSI 80-87
[    0.172648] IOAPIC[7]: apic_id 17, version 32, address 0xfec30000, GSI 88-95
[    0.172653] IOAPIC[8]: apic_id 18, version 32, address 0xfec38000, GSI 96-103
[    0.172659] ACPI: INT_SRC_OVR (bus 0 bus_irq 0 global_irq 2 dfl dfl)
[    0.172661] ACPI: INT_SRC_OVR (bus 0 bus_irq 9 global_irq 9 high level)
[    0.172665] ACPI: IRQ0 used by override.
[    0.172666] ACPI: IRQ9 used by override.
[    0.172672] Using ACPI (MADT) for SMP configuration information
[    0.172673] ACPI: HPET id: 0x8086a701 base: 0xfed00000
[    0.172677] TSC deadline timer available
[    0.172678] smpboot: Allowing 40 CPUs, 0 hotplug CPUs
[    0.172696] PM: hibernation: Registered nosave memory: [mem 0x00000000-0x00000fff]
[    0.172698] PM: hibernation: Registered nosave memory: [mem 0x000a0000-0x000fffff]
[    0.172700] PM: hibernation: Registered nosave memory: [mem 0x4bb00000-0x4bb00fff]
[    0.172702] PM: hibernation: Registered nosave memory: [mem 0x4bb06000-0x4bb06fff]
[    0.172703] PM: hibernation: Registered nosave memory: [mem 0x4bb07000-0x4bb07fff]
[    0.172705] PM: hibernation: Registered nosave memory: [mem 0x4bb11000-0x4bb11fff]
[    0.172706] PM: hibernation: Registered nosave memory: [mem 0x4bb12000-0x4bb12fff]
[    0.172708] PM: hibernation: Registered nosave memory: [mem 0x4bb6e000-0x4bb6efff]
[    0.172709] PM: hibernation: Registered nosave memory: [mem 0x4bb6f000-0x4bb6ffff]
[    0.172711] PM: hibernation: Registered nosave memory: [mem 0x4bbcb000-0x4bbcbfff]
[    0.172712] PM: hibernation: Registered nosave memory: [mem 0x4bbcc000-0x4bbccfff]
[    0.172714] PM: hibernation: Registered nosave memory: [mem 0x4bc2b000-0x4bc2bfff]
[    0.172715] PM: hibernation: Registered nosave memory: [mem 0x4bc2c000-0x4bc2cfff]
[    0.172717] PM: hibernation: Registered nosave memory: [mem 0x4bc8b000-0x4bc8bfff]
[    0.172718] PM: hibernation: Registered nosave memory: [mem 0x4bc8c000-0x4bc8cfff]
[    0.172720] PM: hibernation: Registered nosave memory: [mem 0x4bca4000-0x4bca4fff]
[    0.172721] PM: hibernation: Registered nosave memory: [mem 0x4bca5000-0x4bca5fff]
[    0.172723] PM: hibernation: Registered nosave memory: [mem 0x4bcad000-0x4bcadfff]
[    0.172725] PM: hibernation: Registered nosave memory: [mem 0x682ff000-0x6ebfefff]
[    0.172726] PM: hibernation: Registered nosave memory: [mem 0x6ebff000-0x6f9fefff]
[    0.172727] PM: hibernation: Registered nosave memory: [mem 0x6f9ff000-0x6fffefff]
[    0.172729] PM: hibernation: Registered nosave memory: [mem 0x70000000-0x8fffffff]
[    0.172730] PM: hibernation: Registered nosave memory: [mem 0x90000000-0xfdffffff]
[    0.172731] PM: hibernation: Registered nosave memory: [mem 0xfe000000-0xfe010fff]
[    0.172732] PM: hibernation: Registered nosave memory: [mem 0xfe011000-0xffffffff]
[    0.172734] PM: hibernation: Registered nosave memory: [mem 0x1000000000-0x7fffffffff]
[    0.172736] [mem 0x90000000-0xfdffffff] available for PCI devices
[    0.172738] Booting paravirtualized kernel on bare hardware
[    0.172740] clocksource: refined-jiffies: mask: 0xffffffff max_cycles: 0xffffffff, max_idle_ns: 7645519600211568 ns
[    0.172747] setup_percpu: NR_CPUS:8192 nr_cpumask_bits:40 nr_cpu_ids:40 nr_node_ids:2
[    0.175621] percpu: Embedded 56 pages/cpu s192512 r8192 d28672 u262144
[    0.175631] pcpu-alloc: s192512 r8192 d28672 u262144 alloc=1*2097152
[    0.175634] pcpu-alloc: [0] 00 02 04 06 08 10 12 14 [0] 16 18 20 22 24 26 28 30 
[    0.175647] pcpu-alloc: [0] 32 34 36 38 -- -- -- -- [1] 01 03 05 07 09 11 13 15 
[    0.175659] pcpu-alloc: [1] 17 19 21 23 25 27 29 31 [1] 33 35 37 39 -- -- -- -- 
[    0.175707] Built 2 zonelists, mobility grouping on.  Total pages: 16417869
[    0.175709] Policy zone: Normal
[    0.175710] Kernel command line: BOOT_IMAGE=/boot/vmlinuz-5.11.0.f2fs-zns root=UUID=0fe244cb-556c-49fd-bc46-148ab2afc428 ro memmap=448G$64G intremap=off isolcpus=37,39 quiet splash vt.handoff=7
[    0.175874] printk: log_buf_len individual max cpu contribution: 4096 bytes
[    0.175875] printk: log_buf_len total cpu_extra contributions: 159744 bytes
[    0.175876] printk: log_buf_len min size: 262144 bytes
[    0.176677] printk: log_buf_len: 524288 bytes
[    0.176678] printk: early log buf free: 230144(87%)
[    0.177052] mem auto-init: stack:off, heap alloc:on, heap free:off
[    0.349279] Memory: 65381428K/66718332K available (16393K kernel code, 4308K rwdata, 10288K rodata, 2804K init, 5032K bss, 1336644K reserved, 0K cma-reserved)
[    0.349285] random: get_random_u64 called from __kmem_cache_create+0x31/0x460 with crng_init=1
[    0.349747] SLUB: HWalign=64, Order=0-3, MinObjects=0, CPUs=40, Nodes=2
[    0.349778] ftrace: allocating 48085 entries in 188 pages
[    0.367703] ftrace: allocated 188 pages with 5 groups
[    0.368412] rcu: Hierarchical RCU implementation.
[    0.368413] rcu: 	RCU restricting CPUs from NR_CPUS=8192 to nr_cpu_ids=40.
[    0.368415] 	Rude variant of Tasks RCU enabled.
[    0.368416] 	Tracing variant of Tasks RCU enabled.
[    0.368417] rcu: RCU calculated value of scheduler-enlistment delay is 25 jiffies.
[    0.368418] rcu: Adjusting geometry for rcu_fanout_leaf=16, nr_cpu_ids=40
[    0.372417] NR_IRQS: 524544, nr_irqs: 2104, preallocated irqs: 16
[    0.372750] random: crng done (trusting CPU's manufacturer)
[    0.372847] Console: colour dummy device 80x25
[    0.372884] printk: console [tty0] enabled
[    0.372984] mempolicy: Enabling automatic NUMA balancing. Configure with numa_balancing= or the kernel.numa_balancing sysctl
[    0.372987] ACPI: Core revision 20201113
[    0.376061] clocksource: hpet: mask: 0xffffffff max_cycles: 0xffffffff, max_idle_ns: 79635855245 ns
[    0.376108] APIC: Switch to symmetric I/O mode setup
[    0.376320] x2apic: IRQ remapping doesn't support X2APIC mode
[    0.376427] Switched APIC routing to physical flat.
[    0.377354] ..TIMER: vector=0x30 apic1=0 pin1=2 apic2=-1 pin2=-1
[    0.396044] clocksource: tsc-early: mask: 0xffffffffffffffff max_cycles: 0x1e4530a99b6, max_idle_ns: 440795257976 ns
[    0.396049] Calibrating delay loop (skipped), value calculated using timer frequency.. 4200.00 BogoMIPS (lpj=8400000)
[    0.396052] pid_max: default: 40960 minimum: 320
[    0.399727] LSM: Security Framework initializing
[    0.399739] Yama: becoming mindful.
[    0.399776] AppArmor: AppArmor initialized
[    0.411751] Dentry cache hash table entries: 8388608 (order: 14, 67108864 bytes, vmalloc)
[    0.417660] Inode-cache hash table entries: 4194304 (order: 13, 33554432 bytes, vmalloc)
[    0.417906] Mount-cache hash table entries: 131072 (order: 8, 1048576 bytes, vmalloc)
[    0.418090] Mountpoint-cache hash table entries: 131072 (order: 8, 1048576 bytes, vmalloc)
[    0.418663] mce: CPU0: Thermal monitoring enabled (TM1)
[    0.418693] process: using mwait in idle threads
[    0.418697] Last level iTLB entries: 4KB 128, 2MB 8, 4MB 8
[    0.418698] Last level dTLB entries: 4KB 64, 2MB 0, 4MB 0, 1GB 4
[    0.418703] Spectre V1 : Mitigation: usercopy/swapgs barriers and __user pointer sanitization
[    0.418705] Spectre V2 : Mitigation: Enhanced IBRS
[    0.418706] Spectre V2 : Spectre v2 / SpectreRSB mitigation: Filling RSB on context switch
[    0.418708] Spectre V2 : mitigation: Enabling conditional Indirect Branch Prediction Barrier
[    0.418709] Speculative Store Bypass: Mitigation: Speculative Store Bypass disabled via prctl and seccomp
[    0.418711] TAA: Mitigation: TSX disabled
[    0.418973] Freeing SMP alternatives memory: 40K
[    0.424189] smpboot: Estimated ratio of average max frequency by base frequency (times 1024): 1804
[    0.424201] smpboot: CPU0: Intel(R) Xeon(R) Gold 6230 CPU @ 2.10GHz (family: 0x6, model: 0x55, stepping: 0x7)
[    0.424425] Performance Events: PEBS fmt3+, Skylake events, 32-deep LBR, full-width counters, Intel PMU driver.
[    0.424447] ... version:                4
[    0.424448] ... bit width:              48
[    0.424449] ... generic registers:      8
[    0.424450] ... value mask:             0000ffffffffffff
[    0.424451] ... max period:             00007fffffffffff
[    0.424452] ... fixed-purpose events:   3
[    0.424453] ... event mask:             00000007000000ff
[    0.424576] rcu: Hierarchical SRCU implementation.
[    0.427802] NMI watchdog: Enabled. Permanently consumes one hw-PMU counter.
[    0.428354] smp: Bringing up secondary CPUs ...
[    0.428540] x86: Booting SMP configuration:
[    0.428541] .... node  #1, CPUs:        #1
[    0.003340] smpboot: CPU 1 Converting physical 0 to logical die 1

[    0.520192] .... node  #0, CPUs:    #2
[    0.527277] .... node  #1, CPUs:    #3
[    0.535437] .... node  #0, CPUs:    #4
[    0.542415] .... node  #1, CPUs:    #5
[    0.550462] .... node  #0, CPUs:    #6
[    0.557477] .... node  #1, CPUs:    #7
[    0.565319] .... node  #0, CPUs:    #8
[    0.572249] .... node  #1, CPUs:    #9
[    0.580195] .... node  #0, CPUs:   #10
[    0.587210] .... node  #1, CPUs:   #11
[    0.595341] .... node  #0, CPUs:   #12
[    0.602539] .... node  #1, CPUs:   #13
[    0.610610] .... node  #0, CPUs:   #14
[    0.617584] .... node  #1, CPUs:   #15
[    0.625572] .... node  #0, CPUs:   #16
[    0.632744] .... node  #1, CPUs:   #17
[    0.640654] .... node  #0, CPUs:   #18
[    0.647548] .... node  #1, CPUs:   #19
[    0.655444] .... node  #0, CPUs:   #20
[    0.662559] .... node  #1, CPUs:   #21
[    0.670712] .... node  #0, CPUs:   #22
[    0.677874] .... node  #1, CPUs:   #23
[    0.686043] .... node  #0, CPUs:   #24
[    0.693058] .... node  #1, CPUs:   #25
[    0.700981] .... node  #0, CPUs:   #26
[    0.708257] .... node  #1, CPUs:   #27
[    0.716191] .... node  #0, CPUs:   #28
[    0.723012] .... node  #1, CPUs:   #29
[    0.731098] .... node  #0, CPUs:   #30
[    0.738309] .... node  #1, CPUs:   #31
[    0.746536] .... node  #0, CPUs:   #32
[    0.753632] .... node  #1, CPUs:   #33
[    0.761697] .... node  #0, CPUs:   #34
[    0.768796] .... node  #1, CPUs:   #35
[    0.776911] .... node  #0, CPUs:   #36
[    0.784147] .... node  #1, CPUs:   #37
[    0.791703] .... node  #0, CPUs:   #38
[    0.798641] .... node  #1, CPUs:   #39
[    0.806551] smp: Brought up 2 nodes, 40 CPUs
[    0.806551] smpboot: Max logical packages: 2
[    0.806551] smpboot: Total of 40 processors activated (168029.50 BogoMIPS)
[    0.811825] devtmpfs: initialized
[    0.811825] x86/mm: Memory block size: 2048MB
[    0.812401] PM: Registering ACPI NVS region [mem 0x6ebff000-0x6f9fefff] (14680064 bytes)
[    0.812401] clocksource: jiffies: mask: 0xffffffff max_cycles: 0xffffffff, max_idle_ns: 7645041785100000 ns
[    0.812725] futex hash table entries: 16384 (order: 8, 1048576 bytes, vmalloc)
[    0.812907] pinctrl core: initialized pinctrl subsystem
[    0.813043] PM: RTC time: 13:01:33, date: 2024-12-23
[    0.813249] NET: Registered protocol family 16
[    0.814167] DMA: preallocated 4096 KiB GFP_KERNEL pool for atomic allocations
[    0.814979] DMA: preallocated 4096 KiB GFP_KERNEL|GFP_DMA pool for atomic allocations
[    0.816222] DMA: preallocated 4096 KiB GFP_KERNEL|GFP_DMA32 pool for atomic allocations
[    0.816229] audit: initializing netlink subsys (disabled)
[    0.816234] audit: type=2000 audit(1734958892.444:1): state=initialized audit_enabled=0 res=1
[    0.816234] thermal_sys: Registered thermal governor 'fair_share'
[    0.816234] thermal_sys: Registered thermal governor 'bang_bang'
[    0.816234] thermal_sys: Registered thermal governor 'step_wise'
[    0.816234] thermal_sys: Registered thermal governor 'user_space'
[    0.816234] thermal_sys: Registered thermal governor 'power_allocator'
[    0.816234] EISA bus registered
[    0.816234] cpuidle: using governor ladder
[    0.816234] cpuidle: using governor menu
[    0.816234] Detected 1 PCC Subspaces
[    0.816234] Registering PCC driver as Mailbox controller
[    0.816234] ACPI FADT declares the system doesn't support PCIe ASPM, so disable it
[    0.816234] ACPI: bus type PCI registered
[    0.816234] acpiphp: ACPI Hot Plug PCI Controller Driver version: 0.5
[    0.816234] PCI: MMCONFIG for domain 0000 [bus 00-ff] at [mem 0x80000000-0x8fffffff] (base 0x80000000)
[    0.816234] PCI: MMCONFIG at [mem 0x80000000-0x8fffffff] reserved in E820
[    0.816234] pmd_set_huge: Cannot satisfy [mem 0x80000000-0x80200000] with a huge-page mapping due to MTRR override.
[    0.816545] PCI: Using configuration type 1 for base access
[    0.816554] PCI: Dell System detected, enabling pci=bfsort.
[    0.817585] ENERGY_PERF_BIAS: Set to 'normal', was 'performance'
[    0.820336] HugeTLB registered 1.00 GiB page size, pre-allocated 0 pages
[    0.820336] HugeTLB registered 2.00 MiB page size, pre-allocated 0 pages
[    0.820336] fbcon: Taking over console
[    0.820336] ACPI: Added _OSI(Module Device)
[    0.820336] ACPI: Added _OSI(Processor Device)
[    0.820336] ACPI: Added _OSI(3.0 _SCP Extensions)
[    0.820336] ACPI: Added _OSI(Processor Aggregator Device)
[    0.820336] ACPI: Added _OSI(Linux-Dell-Video)
[    0.820336] ACPI: Added _OSI(Linux-Lenovo-NV-HDMI-Audio)
[    0.820336] ACPI: Added _OSI(Linux-HPI-Hybrid-Graphics)
[    0.927596] ACPI: 5 ACPI AML tables successfully acquired and loaded
[    0.936704] ACPI: [Firmware Bug]: BIOS _OSI(Linux) query ignored
[    0.943916] ACPI: Dynamic OEM Table Load:
[    1.136986] ACPI: Interpreter enabled
[    1.137009] ACPI: (supports S0 S5)
[    1.137010] ACPI: Using IOAPIC for interrupt routing
[    1.137130] HEST: Table parsing has been initialized.
[    1.137132] PCI: Using host bridge windows from ACPI; if necessary, use "pci=nocrs" and report a bug
[    1.153358] ACPI: Enabled 5 GPEs in block 00 to 7F
[    1.229975] ACPI: PCI Root Bridge [PC00] (domain 0000 [bus 00-16])
[    1.229982] acpi PNP0A08:00: _OSC: OS supports [ExtendedConfig ASPM ClockPM Segments MSI EDR HPX-Type3]
[    1.230101] acpi PNP0A08:00: _OSC: platform does not support [SHPCHotplug AER LTR DPC]
[    1.230210] acpi PNP0A08:00: _OSC: OS now controls [PCIeHotplug PME PCIeCapability]
[    1.230211] acpi PNP0A08:00: FADT indicates ASPM is unsupported, using BIOS configuration
[    1.232159] PCI host bridge to bus 0000:00
[    1.232161] pci_bus 0000:00: root bus resource [io  0x0000-0x0cf7 window]
[    1.232163] pci_bus 0000:00: root bus resource [io  0x1000-0x3fff window]
[    1.232165] pci_bus 0000:00: root bus resource [mem 0x000a0000-0x000bffff window]
[    1.232167] pci_bus 0000:00: root bus resource [mem 0x000c4000-0x000c7fff window]
[    1.232168] pci_bus 0000:00: root bus resource [mem 0xfe010000-0xfe010fff window]
[    1.232169] pci_bus 0000:00: root bus resource [mem 0x90000000-0x9d7fffff window]
[    1.232171] pci_bus 0000:00: root bus resource [mem 0x380000000000-0x383fffffffff window]
[    1.232173] pci_bus 0000:00: root bus resource [bus 00-16]
[    1.232189] pci 0000:00:00.0: [8086:2020] type 00 class 0x060000
[    1.233055] pci 0000:00:05.0: [8086:2024] type 00 class 0x088000
[    1.233891] pci 0000:00:05.2: [8086:2025] type 00 class 0x088000
[    1.234710] pci 0000:00:05.4: [8086:2026] type 00 class 0x080020
[    1.234727] pci 0000:00:05.4: reg 0x10: [mem 0x92f20000-0x92f20fff]
[    1.235560] pci 0000:00:08.0: [8086:2014] type 00 class 0x088000
[    1.236374] pci 0000:00:08.1: [8086:2015] type 00 class 0x110100
[    1.237169] pci 0000:00:08.2: [8086:2016] type 00 class 0x088000
[    1.237996] pci 0000:00:11.0: [8086:a1ec] type 00 class 0xff0000
[    1.237999] pci 0000:00:11.0: device has non-compliant BARs; disabling IO/MEM decoding
[    1.238824] pci 0000:00:11.5: [8086:a1d2] type 00 class 0x010601
[    1.238846] pci 0000:00:11.5: reg 0x10: [mem 0x92f16000-0x92f17fff]
[    1.238860] pci 0000:00:11.5: reg 0x14: [mem 0x92f1f000-0x92f1f0ff]
[    1.238874] pci 0000:00:11.5: reg 0x18: [io  0x2068-0x206f]
[    1.238887] pci 0000:00:11.5: reg 0x1c: [io  0x2074-0x2077]
[    1.238900] pci 0000:00:11.5: reg 0x20: [io  0x2040-0x205f]
[    1.238914] pci 0000:00:11.5: reg 0x24: [mem 0x92e80000-0x92efffff]
[    1.238955] pci 0000:00:11.5: PME# supported from D3hot
[    1.239812] pci 0000:00:14.0: [8086:a1af] type 00 class 0x0c0330
[    1.239842] pci 0000:00:14.0: reg 0x10: [mem 0x92f00000-0x92f0ffff 64bit]
[    1.239933] pci 0000:00:14.0: PME# supported from D3hot D3cold
[    1.240793] pci 0000:00:14.2: [8086:a1b1] type 00 class 0x118000
[    1.240822] pci 0000:00:14.2: reg 0x10: [mem 0x92f1c000-0x92f1cfff 64bit]
[    1.241697] pci 0000:00:16.0: [8086:a1ba] type 00 class 0x078000
[    1.241732] pci 0000:00:16.0: reg 0x10: [mem 0x92f1b000-0x92f1bfff 64bit]
[    1.241842] pci 0000:00:16.0: PME# supported from D3hot
[    1.242630] pci 0000:00:16.1: [8086:a1bb] type 00 class 0x078000
[    1.242665] pci 0000:00:16.1: reg 0x10: [mem 0x92f1a000-0x92f1afff 64bit]
[    1.242775] pci 0000:00:16.1: PME# supported from D3hot
[    1.243573] pci 0000:00:16.4: [8086:a1be] type 00 class 0x078000
[    1.243608] pci 0000:00:16.4: reg 0x10: [mem 0x92f19000-0x92f19fff 64bit]
[    1.243718] pci 0000:00:16.4: PME# supported from D3hot
[    1.244508] pci 0000:00:17.0: [8086:a182] type 00 class 0x010601
[    1.244530] pci 0000:00:17.0: reg 0x10: [mem 0x92f14000-0x92f15fff]
[    1.244544] pci 0000:00:17.0: reg 0x14: [mem 0x92f1e000-0x92f1e0ff]
[    1.244557] pci 0000:00:17.0: reg 0x18: [io  0x2060-0x2067]
[    1.244570] pci 0000:00:17.0: reg 0x1c: [io  0x2070-0x2073]
[    1.244584] pci 0000:00:17.0: reg 0x20: [io  0x2020-0x203f]
[    1.244597] pci 0000:00:17.0: reg 0x24: [mem 0x92e00000-0x92e7ffff]
[    1.244639] pci 0000:00:17.0: PME# supported from D3hot
[    1.245486] pci 0000:00:1c.0: [8086:a190] type 01 class 0x060400
[    1.246303] pci 0000:00:1c.0: PME# supported from D0 D3hot D3cold
[    1.246543] pci 0000:00:1c.4: [8086:a194] type 01 class 0x060400
[    1.246632] pci 0000:00:1c.4: PME# supported from D0 D3hot D3cold
[    1.247609] pci 0000:00:1f.0: [8086:a1c1] type 00 class 0x060100
[    1.248596] pci 0000:00:1f.2: [8086:a1a1] type 00 class 0x058000
[    1.248620] pci 0000:00:1f.2: reg 0x10: [mem 0x92f10000-0x92f13fff]
[    1.249540] pci 0000:00:1f.4: [8086:a1a3] type 00 class 0x0c0500
[    1.249571] pci 0000:00:1f.4: reg 0x10: [mem 0x92f18000-0x92f180ff 64bit]
[    1.249612] pci 0000:00:1f.4: reg 0x20: [io  0x2000-0x201f]
[    1.250417] pci 0000:00:1f.5: [8086:a1a4] type 00 class 0x0c8000
[    1.250442] pci 0000:00:1f.5: reg 0x10: [mem 0xfe010000-0xfe010fff]
[    1.251352] pci 0000:00:1c.0: PCI bridge to [bus 01]
[    1.251356] pci 0000:00:1c.0:   bridge window [mem 0x92a00000-0x92dfffff]
[    1.251416] pci 0000:02:00.0: [1556:be00] type 01 class 0x060400
[    1.260062] pci 0000:00:1c.4: PCI bridge to [bus 02-03]
[    1.260066] pci 0000:00:1c.4:   bridge window [mem 0x92000000-0x928fffff]
[    1.260070] pci 0000:00:1c.4:   bridge window [mem 0x91000000-0x91ffffff 64bit pref]
[    1.260102] pci_bus 0000:03: extended config space not accessible
[    1.260122] pci 0000:03:00.0: [102b:0536] type 00 class 0x030000
[    1.260151] pci 0000:03:00.0: reg 0x10: [mem 0x91000000-0x91ffffff pref]
[    1.260168] pci 0000:03:00.0: reg 0x14: [mem 0x92808000-0x9280bfff]
[    1.260185] pci 0000:03:00.0: reg 0x18: [mem 0x92000000-0x927fffff]
[    1.260258] pci 0000:03:00.0: BAR 0: assigned to efifb
[    1.260352] pci 0000:02:00.0: PCI bridge to [bus 03]
[    1.260360] pci 0000:02:00.0:   bridge window [mem 0x92000000-0x928fffff]
[    1.260366] pci 0000:02:00.0:   bridge window [mem 0x91000000-0x91ffffff 64bit pref]
[    1.260395] pci_bus 0000:00: on NUMA node 0
[    1.260785] ACPI: PCI Interrupt Link [LNKA] (IRQs 3 4 5 6 10 *11 12 14 15)
[    1.260887] ACPI: PCI Interrupt Link [LNKB] (IRQs 3 4 5 *6 10 11 12 14 15)
[    1.260991] ACPI: PCI Interrupt Link [LNKC] (IRQs 3 4 *5 6 10 11 12 14 15)
[    1.261090] ACPI: PCI Interrupt Link [LNKD] (IRQs 3 4 5 6 10 *11 12 14 15)
[    1.261192] ACPI: PCI Interrupt Link [LNKE] (IRQs 3 4 5 6 10 *11 12 14 15)
[    1.261291] ACPI: PCI Interrupt Link [LNKF] (IRQs 3 4 5 *6 10 11 12 14 15)
[    1.261389] ACPI: PCI Interrupt Link [LNKG] (IRQs 3 4 *5 6 10 11 12 14 15)
[    1.261488] ACPI: PCI Interrupt Link [LNKH] (IRQs 3 4 5 6 10 *11 12 14 15)
[    1.261927] ACPI: PCI Root Bridge [PC01] (domain 0000 [bus 17-39])
[    1.261932] acpi PNP0A08:01: _OSC: OS supports [ExtendedConfig ASPM ClockPM Segments MSI EDR HPX-Type3]
[    1.262098] acpi PNP0A08:01: _OSC: platform does not support [SHPCHotplug AER LTR DPC]
[    1.262278] acpi PNP0A08:01: _OSC: OS now controls [PCIeHotplug PME PCIeCapability]
[    1.262280] acpi PNP0A08:01: FADT indicates ASPM is unsupported, using BIOS configuration
[    1.262509] PCI host bridge to bus 0000:17
[    1.262510] pci_bus 0000:17: root bus resource [io  0x4000-0x5fff window]
[    1.262512] pci_bus 0000:17: root bus resource [mem 0x9d800000-0xaaffffff window]
[    1.262513] pci_bus 0000:17: root bus resource [mem 0x384000000000-0x387fffffffff window]
[    1.262515] pci_bus 0000:17: root bus resource [bus 17-39]
[    1.262531] pci 0000:17:00.0: [8086:2030] type 01 class 0x060400
[    1.262606] pci 0000:17:00.0: PME# supported from D0 D3hot D3cold
[    1.262848] pci 0000:17:02.0: [8086:2032] type 01 class 0x060400
[    1.262893] pci 0000:17:02.0: enabling Extended Tags
[    1.262925] pci 0000:17:02.0: PME# supported from D0 D3hot D3cold
[    1.263033] pci 0000:17:03.0: [8086:2033] type 01 class 0x060400
[    1.263077] pci 0000:17:03.0: enabling Extended Tags
[    1.263109] pci 0000:17:03.0: PME# supported from D0 D3hot D3cold
[    1.263206] pci 0000:17:05.0: [8086:2034] type 00 class 0x088000
[    1.263329] pci 0000:17:05.2: [8086:2035] type 00 class 0x088000
[    1.263441] pci 0000:17:05.4: [8086:2036] type 00 class 0x080020
[    1.263458] pci 0000:17:05.4: reg 0x10: [mem 0x9e500000-0x9e500fff]
[    1.263586] pci 0000:17:08.0: [8086:208d] type 00 class 0x088000
[    1.263689] pci 0000:17:08.1: [8086:208d] type 00 class 0x088000
[    1.263777] pci 0000:17:08.2: [8086:208d] type 00 class 0x088000
[    1.263878] pci 0000:17:08.3: [8086:208d] type 00 class 0x088000
[    1.263965] pci 0000:17:08.4: [8086:208d] type 00 class 0x088000
[    1.264054] pci 0000:17:08.5: [8086:208d] type 00 class 0x088000
[    1.264141] pci 0000:17:08.6: [8086:208d] type 00 class 0x088000
[    1.264228] pci 0000:17:08.7: [8086:208d] type 00 class 0x088000
[    1.264315] pci 0000:17:09.0: [8086:208d] type 00 class 0x088000
[    1.264416] pci 0000:17:09.1: [8086:208d] type 00 class 0x088000
[    1.264506] pci 0000:17:09.2: [8086:208d] type 00 class 0x088000
[    1.264604] pci 0000:17:09.3: [8086:208d] type 00 class 0x088000
[    1.264692] pci 0000:17:09.4: [8086:208d] type 00 class 0x088000
[    1.264779] pci 0000:17:09.5: [8086:208d] type 00 class 0x088000
[    1.264867] pci 0000:17:09.6: [8086:208d] type 00 class 0x088000
[    1.264954] pci 0000:17:09.7: [8086:208d] type 00 class 0x088000
[    1.265043] pci 0000:17:0a.0: [8086:208d] type 00 class 0x088000
[    1.265143] pci 0000:17:0a.1: [8086:208d] type 00 class 0x088000
[    1.265234] pci 0000:17:0a.2: [8086:208d] type 00 class 0x088000
[    1.265335] pci 0000:17:0a.3: [8086:208d] type 00 class 0x088000
[    1.265423] pci 0000:17:0a.4: [8086:208d] type 00 class 0x088000
[    1.265510] pci 0000:17:0a.5: [8086:208d] type 00 class 0x088000
[    1.265597] pci 0000:17:0a.6: [8086:208d] type 00 class 0x088000
[    1.265684] pci 0000:17:0a.7: [8086:208d] type 00 class 0x088000
[    1.265772] pci 0000:17:0b.0: [8086:208d] type 00 class 0x088000
[    1.265877] pci 0000:17:0b.1: [8086:208d] type 00 class 0x088000
[    1.265965] pci 0000:17:0b.2: [8086:208d] type 00 class 0x088000
[    1.266059] pci 0000:17:0b.3: [8086:208d] type 00 class 0x088000
[    1.266150] pci 0000:17:0e.0: [8086:208e] type 00 class 0x088000
[    1.266249] pci 0000:17:0e.1: [8086:208e] type 00 class 0x088000
[    1.266336] pci 0000:17:0e.2: [8086:208e] type 00 class 0x088000
[    1.266423] pci 0000:17:0e.3: [8086:208e] type 00 class 0x088000
[    1.266509] pci 0000:17:0e.4: [8086:208e] type 00 class 0x088000
[    1.266595] pci 0000:17:0e.5: [8086:208e] type 00 class 0x088000
[    1.266683] pci 0000:17:0e.6: [8086:208e] type 00 class 0x088000
[    1.266776] pci 0000:17:0e.7: [8086:208e] type 00 class 0x088000
[    1.266865] pci 0000:17:0f.0: [8086:208e] type 00 class 0x088000
[    1.266965] pci 0000:17:0f.1: [8086:208e] type 00 class 0x088000
[    1.267052] pci 0000:17:0f.2: [8086:208e] type 00 class 0x088000
[    1.267139] pci 0000:17:0f.3: [8086:208e] type 00 class 0x088000
[    1.267225] pci 0000:17:0f.4: [8086:208e] type 00 class 0x088000
[    1.267317] pci 0000:17:0f.5: [8086:208e] type 00 class 0x088000
[    1.267405] pci 0000:17:0f.6: [8086:208e] type 00 class 0x088000
[    1.267498] pci 0000:17:0f.7: [8086:208e] type 00 class 0x088000
[    1.267585] pci 0000:17:10.0: [8086:208e] type 00 class 0x088000
[    1.267686] pci 0000:17:10.1: [8086:208e] type 00 class 0x088000
[    1.267776] pci 0000:17:10.2: [8086:208e] type 00 class 0x088000
[    1.267863] pci 0000:17:10.3: [8086:208e] type 00 class 0x088000
[    1.267951] pci 0000:17:10.4: [8086:208e] type 00 class 0x088000
[    1.268039] pci 0000:17:10.5: [8086:208e] type 00 class 0x088000
[    1.268125] pci 0000:17:10.6: [8086:208e] type 00 class 0x088000
[    1.268217] pci 0000:17:10.7: [8086:208e] type 00 class 0x088000
[    1.268304] pci 0000:17:11.0: [8086:208e] type 00 class 0x088000
[    1.268404] pci 0000:17:11.1: [8086:208e] type 00 class 0x088000
[    1.268491] pci 0000:17:11.2: [8086:208e] type 00 class 0x088000
[    1.268578] pci 0000:17:11.3: [8086:208e] type 00 class 0x088000
[    1.268677] pci 0000:17:1d.0: [8086:2054] type 00 class 0x088000
[    1.268777] pci 0000:17:1d.1: [8086:2055] type 00 class 0x088000
[    1.268865] pci 0000:17:1d.2: [8086:2056] type 00 class 0x088000
[    1.268960] pci 0000:17:1d.3: [8086:2057] type 00 class 0x088000
[    1.269051] pci 0000:17:1e.0: [8086:2080] type 00 class 0x088000
[    1.269149] pci 0000:17:1e.1: [8086:2081] type 00 class 0x088000
[    1.269238] pci 0000:17:1e.2: [8086:2082] type 00 class 0x088000
[    1.269356] pci 0000:17:1e.3: [8086:2083] type 00 class 0x088000
[    1.269445] pci 0000:17:1e.4: [8086:2084] type 00 class 0x088000
[    1.269533] pci 0000:17:1e.5: [8086:2085] type 00 class 0x088000
[    1.269621] pci 0000:17:1e.6: [8086:2086] type 00 class 0x088000
[    1.269756] pci 0000:18:00.0: [1000:005d] type 00 class 0x010400
[    1.269774] pci 0000:18:00.0: reg 0x10: [io  0x4000-0x40ff]
[    1.269791] pci 0000:18:00.0: reg 0x14: [mem 0x9e400000-0x9e40ffff 64bit]
[    1.269808] pci 0000:18:00.0: reg 0x1c: [mem 0x9e300000-0x9e3fffff 64bit]
[    1.269831] pci 0000:18:00.0: reg 0x30: [mem 0xfff00000-0xffffffff pref]
[    1.269868] pci 0000:18:00.0: supports D1 D2
[    1.269920] pci 0000:17:00.0: PCI bridge to [bus 18]
[    1.269922] pci 0000:17:00.0:   bridge window [io  0x4000-0x4fff]
[    1.269925] pci 0000:17:00.0:   bridge window [mem 0x9e300000-0x9e4fffff]
[    1.270067] pci 0000:19:00.0: [8086:1563] type 00 class 0x020000
[    1.270095] pci 0000:19:00.0: reg 0x10: [mem 0x9dc00000-0x9dffffff 64bit pref]
[    1.270139] pci 0000:19:00.0: reg 0x20: [mem 0x9e004000-0x9e007fff 64bit pref]
[    1.270152] pci 0000:19:00.0: reg 0x30: [mem 0xfff80000-0xffffffff pref]
[    1.270211] pci 0000:19:00.0: PME# supported from D0 D3hot D3cold
[    1.270442] pci 0000:19:00.1: [8086:1563] type 00 class 0x020000
[    1.270470] pci 0000:19:00.1: reg 0x10: [mem 0x9d800000-0x9dbfffff 64bit pref]
[    1.270513] pci 0000:19:00.1: reg 0x20: [mem 0x9e000000-0x9e003fff 64bit pref]
[    1.270526] pci 0000:19:00.1: reg 0x30: [mem 0xfff80000-0xffffffff pref]
[    1.270579] pci 0000:19:00.1: PME# supported from D0 D3hot D3cold
[    1.270774] pci 0000:17:02.0: PCI bridge to [bus 19]
[    1.270779] pci 0000:17:02.0:   bridge window [mem 0x9d800000-0x9e0fffff 64bit pref]
[    1.270839] pci 0000:1a:00.0: [8086:1521] type 00 class 0x020000
[    1.270861] pci 0000:1a:00.0: reg 0x10: [mem 0x9e180000-0x9e1fffff]
[    1.270898] pci 0000:1a:00.0: reg 0x1c: [mem 0x9e204000-0x9e207fff]
[    1.270935] pci 0000:1a:00.0: reg 0x30: [mem 0xfff80000-0xffffffff pref]
[    1.270994] pci 0000:1a:00.0: PME# supported from D0 D3hot D3cold
[    1.271181] pci 0000:1a:00.1: [8086:1521] type 00 class 0x020000
[    1.271202] pci 0000:1a:00.1: reg 0x10: [mem 0x9e100000-0x9e17ffff]
[    1.271240] pci 0000:1a:00.1: reg 0x1c: [mem 0x9e200000-0x9e203fff]
[    1.271277] pci 0000:1a:00.1: reg 0x30: [mem 0xfff80000-0xffffffff pref]
[    1.271331] pci 0000:1a:00.1: PME# supported from D0 D3hot D3cold
[    1.271498] pci 0000:17:03.0: PCI bridge to [bus 1a]
[    1.271502] pci 0000:17:03.0:   bridge window [mem 0x9e100000-0x9e2fffff]
[    1.271534] pci_bus 0000:17: on NUMA node 0
[    1.271694] ACPI: PCI Root Bridge [PC02] (domain 0000 [bus 3a-5c])
[    1.271698] acpi PNP0A08:02: _OSC: OS supports [ExtendedConfig ASPM ClockPM Segments MSI EDR HPX-Type3]
[    1.271854] acpi PNP0A08:02: _OSC: platform does not support [SHPCHotplug AER LTR DPC]
[    1.272011] acpi PNP0A08:02: _OSC: OS now controls [PCIeHotplug PME PCIeCapability]
[    1.272012] acpi PNP0A08:02: FADT indicates ASPM is unsupported, using BIOS configuration
[    1.272203] PCI host bridge to bus 0000:3a
[    1.272204] pci_bus 0000:3a: root bus resource [io  0x6000-0x7fff window]
[    1.272206] pci_bus 0000:3a: root bus resource [mem 0xab000000-0xb87fffff window]
[    1.272208] pci_bus 0000:3a: root bus resource [mem 0x388000000000-0x38bfffffffff window]
[    1.272210] pci_bus 0000:3a: root bus resource [bus 3a-5c]
[    1.272224] pci 0000:3a:00.0: [8086:2030] type 01 class 0x060400
[    1.272297] pci 0000:3a:00.0: PME# supported from D0 D3hot D3cold
[    1.272510] pci 0000:3a:05.0: [8086:2034] type 00 class 0x088000
[    1.272618] pci 0000:3a:05.2: [8086:2035] type 00 class 0x088000
[    1.272733] pci 0000:3a:05.4: [8086:2036] type 00 class 0x080020
[    1.272749] pci 0000:3a:05.4: reg 0x10: [mem 0xab100000-0xab100fff]
[    1.272869] pci 0000:3a:08.0: [8086:2066] type 00 class 0x088000
[    1.272985] pci 0000:3a:09.0: [8086:2066] type 00 class 0x088000
[    1.273093] pci 0000:3a:0a.0: [8086:2040] type 00 class 0x088000
[    1.273201] pci 0000:3a:0a.1: [8086:2041] type 00 class 0x088000
[    1.273294] pci 0000:3a:0a.2: [8086:2042] type 00 class 0x088000
[    1.273388] pci 0000:3a:0a.3: [8086:2043] type 00 class 0x088000
[    1.273480] pci 0000:3a:0a.4: [8086:2044] type 00 class 0x088000
[    1.273584] pci 0000:3a:0a.5: [8086:2045] type 00 class 0x088000
[    1.273678] pci 0000:3a:0a.6: [8086:2046] type 00 class 0x088000
[    1.273769] pci 0000:3a:0a.7: [8086:2047] type 00 class 0x088000
[    1.273861] pci 0000:3a:0b.0: [8086:2048] type 00 class 0x088000
[    1.273966] pci 0000:3a:0b.1: [8086:2049] type 00 class 0x088000
[    1.274061] pci 0000:3a:0b.2: [8086:204a] type 00 class 0x088000
[    1.274155] pci 0000:3a:0b.3: [8086:204b] type 00 class 0x088000
[    1.274249] pci 0000:3a:0c.0: [8086:2040] type 00 class 0x088000
[    1.274370] pci 0000:3a:0c.1: [8086:2041] type 00 class 0x088000
[    1.274467] pci 0000:3a:0c.2: [8086:2042] type 00 class 0x088000
[    1.274562] pci 0000:3a:0c.3: [8086:2043] type 00 class 0x088000
[    1.274656] pci 0000:3a:0c.4: [8086:2044] type 00 class 0x088000
[    1.274749] pci 0000:3a:0c.5: [8086:2045] type 00 class 0x088000
[    1.274843] pci 0000:3a:0c.6: [8086:2046] type 00 class 0x088000
[    1.274939] pci 0000:3a:0c.7: [8086:2047] type 00 class 0x088000
[    1.275032] pci 0000:3a:0d.0: [8086:2048] type 00 class 0x088000
[    1.275149] pci 0000:3a:0d.1: [8086:2049] type 00 class 0x088000
[    1.275243] pci 0000:3a:0d.2: [8086:204a] type 00 class 0x088000
[    1.275339] pci 0000:3a:0d.3: [8086:204b] type 00 class 0x088000
[    1.275481] pci 0000:3b:00.0: [8086:2700] type 00 class 0x010802
[    1.275504] pci 0000:3b:00.0: reg 0x10: [mem 0xab000000-0xab003fff 64bit]
[    1.275556] pci 0000:3b:00.0: reg 0x30: [mem 0xffff0000-0xffffffff pref]
[    1.275945] pci 0000:3a:00.0: PCI bridge to [bus 3b]
[    1.275949] pci 0000:3a:00.0:   bridge window [mem 0xab000000-0xab0fffff]
[    1.275963] pci_bus 0000:3a: on NUMA node 0
[    1.276087] ACPI: PCI Root Bridge [PC03] (domain 0000 [bus 5d-7f])
[    1.276091] acpi PNP0A08:03: _OSC: OS supports [ExtendedConfig ASPM ClockPM Segments MSI EDR HPX-Type3]
[    1.276246] acpi PNP0A08:03: _OSC: platform does not support [SHPCHotplug AER LTR DPC]
[    1.276404] acpi PNP0A08:03: _OSC: OS now controls [PCIeHotplug PME PCIeCapability]
[    1.276405] acpi PNP0A08:03: FADT indicates ASPM is unsupported, using BIOS configuration
[    1.276637] PCI host bridge to bus 0000:5d
[    1.276639] pci_bus 0000:5d: root bus resource [io  0x8000-0x9fff window]
[    1.276641] pci_bus 0000:5d: root bus resource [mem 0xb8800000-0xc5ffffff window]
[    1.276643] pci_bus 0000:5d: root bus resource [mem 0x38c000000000-0x38ffffffffff window]
[    1.276645] pci_bus 0000:5d: root bus resource [bus 5d-7f]
[    1.276656] pci 0000:5d:05.0: [8086:2034] type 00 class 0x088000
[    1.276770] pci 0000:5d:05.2: [8086:2035] type 00 class 0x088000
[    1.276877] pci 0000:5d:05.4: [8086:2036] type 00 class 0x080020
[    1.276894] pci 0000:5d:05.4: reg 0x10: [mem 0xb8800000-0xb8800fff]
[    1.277019] pci 0000:5d:0e.0: [8086:2058] type 00 class 0x110100
[    1.277135] pci 0000:5d:0e.1: [8086:2059] type 00 class 0x088000
[    1.277228] pci 0000:5d:0f.0: [8086:2058] type 00 class 0x110100
[    1.277341] pci 0000:5d:0f.1: [8086:2059] type 00 class 0x088000
[    1.277434] pci 0000:5d:10.0: [8086:2058] type 00 class 0x110100
[    1.277540] pci 0000:5d:10.1: [8086:2059] type 00 class 0x088000
[    1.277640] pci 0000:5d:12.0: [8086:204c] type 00 class 0x110100
[    1.277743] pci 0000:5d:12.1: [8086:204d] type 00 class 0x110100
[    1.277821] pci 0000:5d:12.2: [8086:204e] type 00 class 0x088000
[    1.277908] pci 0000:5d:12.4: [8086:204c] type 00 class 0x110100
[    1.277997] pci 0000:5d:12.5: [8086:204d] type 00 class 0x110100
[    1.278076] pci 0000:5d:15.0: [8086:2018] type 00 class 0x088000
[    1.278165] pci 0000:5d:15.1: [8086:2088] type 00 class 0x110100
[    1.278244] pci 0000:5d:16.0: [8086:2018] type 00 class 0x088000
[    1.278333] pci 0000:5d:16.1: [8086:2088] type 00 class 0x110100
[    1.278411] pci 0000:5d:16.4: [8086:2018] type 00 class 0x088000
[    1.278489] pci 0000:5d:16.5: [8086:2088] type 00 class 0x110100
[    1.278573] pci 0000:5d:17.0: [8086:2018] type 00 class 0x088000
[    1.278661] pci 0000:5d:17.1: [8086:2088] type 00 class 0x110100
[    1.278744] pci_bus 0000:5d: on NUMA node 0
[    1.278980] ACPI: PCI Root Bridge [PC06] (domain 0000 [bus 80-84])
[    1.278983] acpi PNP0A08:06: _OSC: OS supports [ExtendedConfig ASPM ClockPM Segments MSI EDR HPX-Type3]
[    1.279137] acpi PNP0A08:06: _OSC: platform does not support [SHPCHotplug AER LTR DPC]
[    1.279294] acpi PNP0A08:06: _OSC: OS now controls [PCIeHotplug PME PCIeCapability]
[    1.279295] acpi PNP0A08:06: FADT indicates ASPM is unsupported, using BIOS configuration
[    1.279342] acpi PNP0A08:06: host bridge window [io  0x0000 window] (ignored, not CPU addressable)
[    1.279456] PCI host bridge to bus 0000:80
[    1.279458] pci_bus 0000:80: root bus resource [mem 0xc6000000-0xd37fffff window]
[    1.279460] pci_bus 0000:80: root bus resource [mem 0x390000000000-0x393fffffffff window]
[    1.279461] pci_bus 0000:80: root bus resource [bus 80-84]
[    1.279486] pci 0000:80:05.0: [8086:2024] type 00 class 0x088000
[    1.279612] pci 0000:80:05.2: [8086:2025] type 00 class 0x088000
[    1.279723] pci 0000:80:05.4: [8086:2026] type 00 class 0x080020
[    1.279740] pci 0000:80:05.4: reg 0x10: [mem 0xc6000000-0xc6000fff]
[    1.279867] pci 0000:80:08.0: [8086:2014] type 00 class 0x088000
[    1.279974] pci 0000:80:08.1: [8086:2015] type 00 class 0x110100
[    1.280058] pci 0000:80:08.2: [8086:2016] type 00 class 0x088000
[    1.280167] pci_bus 0000:80: on NUMA node 1
[    1.280274] ACPI: PCI Root Bridge [PC07] (domain 0000 [bus 85-ad])
[    1.280278] acpi PNP0A08:07: _OSC: OS supports [ExtendedConfig ASPM ClockPM Segments MSI EDR HPX-Type3]
[    1.280431] acpi PNP0A08:07: _OSC: platform does not support [SHPCHotplug AER LTR DPC]
[    1.280588] acpi PNP0A08:07: _OSC: OS now controls [PCIeHotplug PME PCIeCapability]
[    1.280589] acpi PNP0A08:07: FADT indicates ASPM is unsupported, using BIOS configuration
[    1.280871] PCI host bridge to bus 0000:85
[    1.280872] pci_bus 0000:85: root bus resource [io  0xa000-0xbfff window]
[    1.280874] pci_bus 0000:85: root bus resource [mem 0xd3800000-0xe0ffffff window]
[    1.280876] pci_bus 0000:85: root bus resource [mem 0x394000000000-0x397fffffffff window]
[    1.280878] pci_bus 0000:85: root bus resource [bus 85-ad]
[    1.280894] pci 0000:85:00.0: [8086:2030] type 01 class 0x060400
[    1.280975] pci 0000:85:00.0: PME# supported from D0 D3hot D3cold
[    1.281224] pci 0000:85:05.0: [8086:2034] type 00 class 0x088000
[    1.281345] pci 0000:85:05.2: [8086:2035] type 00 class 0x088000
[    1.281462] pci 0000:85:05.4: [8086:2036] type 00 class 0x080020
[    1.281479] pci 0000:85:05.4: reg 0x10: [mem 0xd3900000-0xd3900fff]
[    1.281615] pci 0000:85:08.0: [8086:208d] type 00 class 0x088000
[    1.281718] pci 0000:85:08.1: [8086:208d] type 00 class 0x088000
[    1.281810] pci 0000:85:08.2: [8086:208d] type 00 class 0x088000
[    1.281899] pci 0000:85:08.3: [8086:208d] type 00 class 0x088000
[    1.281995] pci 0000:85:08.4: [8086:208d] type 00 class 0x088000
[    1.282084] pci 0000:85:08.5: [8086:208d] type 00 class 0x088000
[    1.282174] pci 0000:85:08.6: [8086:208d] type 00 class 0x088000
[    1.282265] pci 0000:85:08.7: [8086:208d] type 00 class 0x088000
[    1.282355] pci 0000:85:09.0: [8086:208d] type 00 class 0x088000
[    1.282458] pci 0000:85:09.1: [8086:208d] type 00 class 0x088000
[    1.282548] pci 0000:85:09.2: [8086:208d] type 00 class 0x088000
[    1.282639] pci 0000:85:09.3: [8086:208d] type 00 class 0x088000
[    1.282735] pci 0000:85:09.4: [8086:208d] type 00 class 0x088000
[    1.282825] pci 0000:85:09.5: [8086:208d] type 00 class 0x088000
[    1.282914] pci 0000:85:09.6: [8086:208d] type 00 class 0x088000
[    1.283009] pci 0000:85:09.7: [8086:208d] type 00 class 0x088000
[    1.283100] pci 0000:85:0a.0: [8086:208d] type 00 class 0x088000
[    1.283205] pci 0000:85:0a.1: [8086:208d] type 00 class 0x088000
[    1.283295] pci 0000:85:0a.2: [8086:208d] type 00 class 0x088000
[    1.283385] pci 0000:85:0a.3: [8086:208d] type 00 class 0x088000
[    1.283484] pci 0000:85:0a.4: [8086:208d] type 00 class 0x088000
[    1.283573] pci 0000:85:0a.5: [8086:208d] type 00 class 0x088000
[    1.283664] pci 0000:85:0a.6: [8086:208d] type 00 class 0x088000
[    1.283753] pci 0000:85:0a.7: [8086:208d] type 00 class 0x088000
[    1.283842] pci 0000:85:0b.0: [8086:208d] type 00 class 0x088000
[    1.283947] pci 0000:85:0b.1: [8086:208d] type 00 class 0x088000
[    1.284037] pci 0000:85:0b.2: [8086:208d] type 00 class 0x088000
[    1.284128] pci 0000:85:0b.3: [8086:208d] type 00 class 0x088000
[    1.284228] pci 0000:85:0e.0: [8086:208e] type 00 class 0x088000
[    1.284331] pci 0000:85:0e.1: [8086:208e] type 00 class 0x088000
[    1.284421] pci 0000:85:0e.2: [8086:208e] type 00 class 0x088000
[    1.284511] pci 0000:85:0e.3: [8086:208e] type 00 class 0x088000
[    1.284601] pci 0000:85:0e.4: [8086:208e] type 00 class 0x088000
[    1.284691] pci 0000:85:0e.5: [8086:208e] type 00 class 0x088000
[    1.284781] pci 0000:85:0e.6: [8086:208e] type 00 class 0x088000
[    1.284870] pci 0000:85:0e.7: [8086:208e] type 00 class 0x088000
[    1.284966] pci 0000:85:0f.0: [8086:208e] type 00 class 0x088000
[    1.285068] pci 0000:85:0f.1: [8086:208e] type 00 class 0x088000
[    1.285158] pci 0000:85:0f.2: [8086:208e] type 00 class 0x088000
[    1.285248] pci 0000:85:0f.3: [8086:208e] type 00 class 0x088000
[    1.285339] pci 0000:85:0f.4: [8086:208e] type 00 class 0x088000
[    1.285429] pci 0000:85:0f.5: [8086:208e] type 00 class 0x088000
[    1.285519] pci 0000:85:0f.6: [8086:208e] type 00 class 0x088000
[    1.285609] pci 0000:85:0f.7: [8086:208e] type 00 class 0x088000
[    1.285705] pci 0000:85:10.0: [8086:208e] type 00 class 0x088000
[    1.285808] pci 0000:85:10.1: [8086:208e] type 00 class 0x088000
[    1.285898] pci 0000:85:10.2: [8086:208e] type 00 class 0x088000
[    1.285989] pci 0000:85:10.3: [8086:208e] type 00 class 0x088000
[    1.286081] pci 0000:85:10.4: [8086:208e] type 00 class 0x088000
[    1.286170] pci 0000:85:10.5: [8086:208e] type 00 class 0x088000
[    1.286260] pci 0000:85:10.6: [8086:208e] type 00 class 0x088000
[    1.286350] pci 0000:85:10.7: [8086:208e] type 00 class 0x088000
[    1.286445] pci 0000:85:11.0: [8086:208e] type 00 class 0x088000
[    1.286550] pci 0000:85:11.1: [8086:208e] type 00 class 0x088000
[    1.286640] pci 0000:85:11.2: [8086:208e] type 00 class 0x088000
[    1.286731] pci 0000:85:11.3: [8086:208e] type 00 class 0x088000
[    1.286833] pci 0000:85:1d.0: [8086:2054] type 00 class 0x088000
[    1.286935] pci 0000:85:1d.1: [8086:2055] type 00 class 0x088000
[    1.287031] pci 0000:85:1d.2: [8086:2056] type 00 class 0x088000
[    1.287122] pci 0000:85:1d.3: [8086:2057] type 00 class 0x088000
[    1.287222] pci 0000:85:1e.0: [8086:2080] type 00 class 0x088000
[    1.287327] pci 0000:85:1e.1: [8086:2081] type 00 class 0x088000
[    1.287417] pci 0000:85:1e.2: [8086:2082] type 00 class 0x088000
[    1.287508] pci 0000:85:1e.3: [8086:2083] type 00 class 0x088000
[    1.287598] pci 0000:85:1e.4: [8086:2084] type 00 class 0x088000
[    1.287690] pci 0000:85:1e.5: [8086:2085] type 00 class 0x088000
[    1.287780] pci 0000:85:1e.6: [8086:2086] type 00 class 0x088000
[    1.287920] pci 0000:86:00.0: [144d:a80a] type 00 class 0x010802
[    1.287948] pci 0000:86:00.0: reg 0x10: [mem 0xd3800000-0xd3803fff 64bit]
[    1.288010] pci 0000:86:00.0: reg 0x30: [mem 0xffff0000-0xffffffff pref]
[    1.288399] pci 0000:86:00.0: 31.504 Gb/s available PCIe bandwidth, limited by 8.0 GT/s PCIe x4 link at 0000:85:00.0 (capable of 63.012 Gb/s with 16.0 GT/s PCIe x4 link)
[    1.288491] pci 0000:85:00.0: PCI bridge to [bus 86]
[    1.288494] pci 0000:85:00.0:   bridge window [mem 0xd3800000-0xd38fffff]
[    1.288511] pci_bus 0000:85: on NUMA node 1
[    1.288653] ACPI: PCI Root Bridge [PC08] (domain 0000 [bus ae-d6])
[    1.288657] acpi PNP0A08:08: _OSC: OS supports [ExtendedConfig ASPM ClockPM Segments MSI EDR HPX-Type3]
[    1.288812] acpi PNP0A08:08: _OSC: platform does not support [SHPCHotplug AER LTR DPC]
[    1.288969] acpi PNP0A08:08: _OSC: OS now controls [PCIeHotplug PME PCIeCapability]
[    1.288970] acpi PNP0A08:08: FADT indicates ASPM is unsupported, using BIOS configuration
[    1.289167] PCI host bridge to bus 0000:ae
[    1.289168] pci_bus 0000:ae: root bus resource [io  0xc000-0xdfff window]
[    1.289170] pci_bus 0000:ae: root bus resource [mem 0xe1000000-0xee7fffff window]
[    1.289171] pci_bus 0000:ae: root bus resource [mem 0x398000000000-0x39bfffffffff window]
[    1.289173] pci_bus 0000:ae: root bus resource [bus ae-d6]
[    1.289190] pci 0000:ae:00.0: [8086:2030] type 01 class 0x060400
[    1.289237] pci 0000:ae:00.0: enabling Extended Tags
[    1.289273] pci 0000:ae:00.0: PME# supported from D0 D3hot D3cold
[    1.289511] pci 0000:ae:05.0: [8086:2034] type 00 class 0x088000
[    1.289622] pci 0000:ae:05.2: [8086:2035] type 00 class 0x088000
[    1.289730] pci 0000:ae:05.4: [8086:2036] type 00 class 0x080020
[    1.289748] pci 0000:ae:05.4: reg 0x10: [mem 0xe1100000-0xe1100fff]
[    1.289872] pci 0000:ae:08.0: [8086:2066] type 00 class 0x088000
[    1.289991] pci 0000:ae:09.0: [8086:2066] type 00 class 0x088000
[    1.290108] pci 0000:ae:0a.0: [8086:2040] type 00 class 0x088000
[    1.290217] pci 0000:ae:0a.1: [8086:2041] type 00 class 0x088000
[    1.290320] pci 0000:ae:0a.2: [8086:2042] type 00 class 0x088000
[    1.290417] pci 0000:ae:0a.3: [8086:2043] type 00 class 0x088000
[    1.290514] pci 0000:ae:0a.4: [8086:2044] type 00 class 0x088000
[    1.290611] pci 0000:ae:0a.5: [8086:2045] type 00 class 0x088000
[    1.290708] pci 0000:ae:0a.6: [8086:2046] type 00 class 0x088000
[    1.290804] pci 0000:ae:0a.7: [8086:2047] type 00 class 0x088000
[    1.290903] pci 0000:ae:0b.0: [8086:2048] type 00 class 0x088000
[    1.291012] pci 0000:ae:0b.1: [8086:2049] type 00 class 0x088000
[    1.291120] pci 0000:ae:0b.2: [8086:204a] type 00 class 0x088000
[    1.291217] pci 0000:ae:0b.3: [8086:204b] type 00 class 0x088000
[    1.291319] pci 0000:ae:0c.0: [8086:2040] type 00 class 0x088000
[    1.291430] pci 0000:ae:0c.1: [8086:2041] type 00 class 0x088000
[    1.291531] pci 0000:ae:0c.2: [8086:2042] type 00 class 0x088000
[    1.291630] pci 0000:ae:0c.3: [8086:2043] type 00 class 0x088000
[    1.291730] pci 0000:ae:0c.4: [8086:2044] type 00 class 0x088000
[    1.291830] pci 0000:ae:0c.5: [8086:2045] type 00 class 0x088000
[    1.291941] pci 0000:ae:0c.6: [8086:2046] type 00 class 0x088000
[    1.292040] pci 0000:ae:0c.7: [8086:2047] type 00 class 0x088000
[    1.292145] pci 0000:ae:0d.0: [8086:2048] type 00 class 0x088000
[    1.292265] pci 0000:ae:0d.1: [8086:2049] type 00 class 0x088000
[    1.292364] pci 0000:ae:0d.2: [8086:204a] type 00 class 0x088000
[    1.292463] pci 0000:ae:0d.3: [8086:204b] type 00 class 0x088000
[    1.292619] pci 0000:af:00.0: [144d:a808] type 00 class 0x010802
[    1.292646] pci 0000:af:00.0: reg 0x10: [mem 0xe1000000-0xe1003fff 64bit]
[    1.293258] pci 0000:ae:00.0: PCI bridge to [bus af]
[    1.293262] pci 0000:ae:00.0:   bridge window [mem 0xe1000000-0xe10fffff]
[    1.293277] pci_bus 0000:ae: on NUMA node 1
[    1.293447] ACPI: PCI Root Bridge [PC09] (domain 0000 [bus d7-ff])
[    1.293451] acpi PNP0A08:09: _OSC: OS supports [ExtendedConfig ASPM ClockPM Segments MSI EDR HPX-Type3]
[    1.293605] acpi PNP0A08:09: _OSC: platform does not support [SHPCHotplug AER LTR DPC]
[    1.293762] acpi PNP0A08:09: _OSC: OS now controls [PCIeHotplug PME PCIeCapability]
[    1.293764] acpi PNP0A08:09: FADT indicates ASPM is unsupported, using BIOS configuration
[    1.293952] PCI host bridge to bus 0000:d7
[    1.293954] pci_bus 0000:d7: root bus resource [io  0xe000-0xffff window]
[    1.293955] pci_bus 0000:d7: root bus resource [mem 0xee800000-0xfbffffff window]
[    1.293957] pci_bus 0000:d7: root bus resource [mem 0x39c000000000-0x39ffffffffff window]
[    1.293959] pci_bus 0000:d7: root bus resource [bus d7-ff]
[    1.293971] pci 0000:d7:05.0: [8086:2034] type 00 class 0x088000
[    1.294099] pci 0000:d7:05.2: [8086:2035] type 00 class 0x088000
[    1.294210] pci 0000:d7:05.4: [8086:2036] type 00 class 0x080020
[    1.294228] pci 0000:d7:05.4: reg 0x10: [mem 0xee800000-0xee800fff]
[    1.294360] pci 0000:d7:0e.0: [8086:2058] type 00 class 0x110100
[    1.294469] pci 0000:d7:0e.1: [8086:2059] type 00 class 0x088000
[    1.294569] pci 0000:d7:0f.0: [8086:2058] type 00 class 0x110100
[    1.294678] pci 0000:d7:0f.1: [8086:2059] type 00 class 0x088000
[    1.294775] pci 0000:d7:10.0: [8086:2058] type 00 class 0x110100
[    1.294885] pci 0000:d7:10.1: [8086:2059] type 00 class 0x088000
[    1.294995] pci 0000:d7:12.0: [8086:204c] type 00 class 0x110100
[    1.295101] pci 0000:d7:12.1: [8086:204d] type 00 class 0x110100
[    1.295182] pci 0000:d7:12.2: [8086:204e] type 00 class 0x088000
[    1.295265] pci 0000:d7:12.4: [8086:204c] type 00 class 0x110100
[    1.295362] pci 0000:d7:12.5: [8086:204d] type 00 class 0x110100
[    1.295444] pci 0000:d7:15.0: [8086:2018] type 00 class 0x088000
[    1.295538] pci 0000:d7:15.1: [8086:2088] type 00 class 0x110100
[    1.295621] pci 0000:d7:16.0: [8086:2018] type 00 class 0x088000
[    1.295726] pci 0000:d7:16.1: [8086:2088] type 00 class 0x110100
[    1.295807] pci 0000:d7:16.4: [8086:2018] type 00 class 0x088000
[    1.295888] pci 0000:d7:16.5: [8086:2088] type 00 class 0x110100
[    1.295970] pci 0000:d7:17.0: [8086:2018] type 00 class 0x088000
[    1.296065] pci 0000:d7:17.1: [8086:2088] type 00 class 0x110100
[    1.296154] pci_bus 0000:d7: on NUMA node 1
[    1.296958] iommu: Default domain type: Translated 
[    1.296958] pci 0000:03:00.0: vgaarb: setting as boot VGA device
[    1.296958] pci 0000:03:00.0: vgaarb: VGA device added: decodes=io+mem,owns=io+mem,locks=none
[    1.296958] pci 0000:03:00.0: vgaarb: bridge control possible
[    1.296958] vgaarb: loaded
[    1.296958] SCSI subsystem initialized
[    1.296958] libata version 3.00 loaded.
[    1.296958] ACPI: bus type USB registered
[    1.296958] usbcore: registered new interface driver usbfs
[    1.296958] usbcore: registered new interface driver hub
[    1.296958] usbcore: registered new device driver usb
[    1.296958] pps_core: LinuxPPS API ver. 1 registered
[    1.296958] pps_core: Software ver. 5.3.6 - Copyright 2005-2007 Rodolfo Giometti <giometti@linux.it>
[    1.296958] PTP clock support registered
[    1.296958] EDAC MC: Ver: 3.0.0
[    1.296958] Registered efivars operations
[    1.296958] NetLabel: Initializing
[    1.296958] NetLabel:  domain hash size = 128
[    1.296958] NetLabel:  protocols = UNLABELED CIPSOv4 CALIPSO
[    1.296958] NetLabel:  unlabeled traffic allowed by default
[    1.296958] PCI: Using ACPI for IRQ routing
[    1.301393] PCI: pci_cache_line_size set to 64 bytes
[    1.301655] e820: reserve RAM buffer [mem 0x4bb00020-0x4bffffff]
[    1.301658] e820: reserve RAM buffer [mem 0x4bb07020-0x4bffffff]
[    1.301660] e820: reserve RAM buffer [mem 0x4bb12020-0x4bffffff]
[    1.301661] e820: reserve RAM buffer [mem 0x4bb6f020-0x4bffffff]
[    1.301663] e820: reserve RAM buffer [mem 0x4bbcc020-0x4bffffff]
[    1.301664] e820: reserve RAM buffer [mem 0x4bc2c020-0x4bffffff]
[    1.301665] e820: reserve RAM buffer [mem 0x4bc8c020-0x4bffffff]
[    1.301666] e820: reserve RAM buffer [mem 0x4bca5020-0x4bffffff]
[    1.301667] e820: reserve RAM buffer [mem 0x682ff000-0x6bffffff]
[    1.304237] hpet0: at MMIO 0xfed00000, IRQs 2, 8, 0, 0, 0, 0, 0, 0
[    1.304245] hpet0: 8 comparators, 64-bit 24.000000 MHz counter
[    1.306398] clocksource: Switched to clocksource tsc-early
[    1.316045] VFS: Disk quotas dquot_6.6.0
[    1.316104] VFS: Dquot-cache hash table entries: 512 (order 0, 4096 bytes)
[    1.316272] AppArmor: AppArmor Filesystem Enabled
[    1.316283] pnp: PnP ACPI init
[    1.322697] pnp 00:00: Plug and Play ACPI device, IDs PNP0b00 (active)
[    1.322900] system 00:01: [io  0x0500-0x05fe] has been reserved
[    1.322902] system 00:01: [io  0x0400-0x047f] has been reserved
[    1.322904] system 00:01: [io  0x0600-0x061f] has been reserved
[    1.322906] system 00:01: [io  0x0ca0-0x0ca5] has been reserved
[    1.322908] system 00:01: [io  0x0880-0x0883] has been reserved
[    1.322909] system 00:01: [io  0x0800-0x081f] has been reserved
[    1.322911] system 00:01: [mem 0xfed1c000-0xfed3ffff] has been reserved
[    1.322913] system 00:01: [mem 0xfed45000-0xfed8bfff] has been reserved
[    1.322915] system 00:01: [mem 0xff000000-0xffffffff] has been reserved
[    1.322917] system 00:01: [mem 0xfee00000-0xfeefffff] has been reserved
[    1.322919] system 00:01: [mem 0xfed12000-0xfed1200f] has been reserved
[    1.322920] system 00:01: [mem 0xfed12010-0xfed1201f] has been reserved
[    1.322922] system 00:01: [mem 0xfed1b000-0xfed1bfff] has been reserved
[    1.322926] system 00:01: Plug and Play ACPI device, IDs PNP0c02 (active)
[    1.323186] pnp 00:02: Plug and Play ACPI device, IDs PNP0501 (active)
[    1.323408] pnp 00:03: Plug and Play ACPI device, IDs PNP0501 (active)
[    1.323595] system 00:04: [mem 0xfd000000-0xfdabffff] has been reserved
[    1.323598] system 00:04: [mem 0xfdad0000-0xfdadffff] has been reserved
[    1.323602] system 00:04: [mem 0xfdb00000-0xfdffffff] has been reserved
[    1.323604] system 00:04: [mem 0xfe000000-0xfe00ffff] has been reserved
[    1.323605] system 00:04: [mem 0xfe011000-0xfe01ffff] has been reserved
[    1.323607] system 00:04: [mem 0xfe036000-0xfe03bfff] has been reserved
[    1.323608] system 00:04: [mem 0xfe03d000-0xfe3fffff] has been reserved
[    1.323610] system 00:04: [mem 0xfe410000-0xfe7fffff] has been reserved
[    1.323614] system 00:04: Plug and Play ACPI device, IDs PNP0c02 (active)
[    1.323975] system 00:05: [io  0x1000-0x10fe] has been reserved
[    1.323980] system 00:05: Plug and Play ACPI device, IDs PNP0c02 (active)
[    1.324967] pnp: PnP ACPI: found 6 devices
[    1.330567] clocksource: acpi_pm: mask: 0xffffff max_cycles: 0xffffff, max_idle_ns: 2085701024 ns
[    1.330647] NET: Registered protocol family 2
[    1.331224] tcp_listen_portaddr_hash hash table entries: 32768 (order: 7, 524288 bytes, vmalloc)
[    1.332576] TCP established hash table entries: 524288 (order: 10, 4194304 bytes, vmalloc)
[    1.333422] TCP bind hash table entries: 65536 (order: 8, 1048576 bytes, vmalloc)
[    1.333502] TCP: Hash tables configured (established 524288 bind 65536)
[    1.334119] MPTCP token hash table entries: 65536 (order: 8, 1572864 bytes, vmalloc)
[    1.334613] UDP hash table entries: 32768 (order: 8, 1048576 bytes, vmalloc)
[    1.335041] UDP-Lite hash table entries: 32768 (order: 8, 1048576 bytes, vmalloc)
[    1.335252] NET: Registered protocol family 1
[    1.335256] NET: Registered protocol family 44
[    1.335265] pci 0000:18:00.0: can't claim BAR 6 [mem 0xfff00000-0xffffffff pref]: no compatible bridge window
[    1.335268] pci 0000:19:00.0: can't claim BAR 6 [mem 0xfff80000-0xffffffff pref]: no compatible bridge window
[    1.335270] pci 0000:19:00.1: can't claim BAR 6 [mem 0xfff80000-0xffffffff pref]: no compatible bridge window
[    1.335272] pci 0000:1a:00.0: can't claim BAR 6 [mem 0xfff80000-0xffffffff pref]: no compatible bridge window
[    1.335274] pci 0000:1a:00.1: can't claim BAR 6 [mem 0xfff80000-0xffffffff pref]: no compatible bridge window
[    1.335277] pci 0000:3b:00.0: can't claim BAR 6 [mem 0xffff0000-0xffffffff pref]: no compatible bridge window
[    1.335281] pci 0000:86:00.0: can't claim BAR 6 [mem 0xffff0000-0xffffffff pref]: no compatible bridge window
[    1.335288] pci 0000:00:1c.0: bridge window [io  0x1000-0x0fff] to [bus 01] add_size 1000
[    1.335291] pci 0000:00:1c.0: bridge window [mem 0x00100000-0x000fffff 64bit pref] to [bus 01] add_size 200000 add_align 100000
[    1.335301] pci 0000:00:1c.0: BAR 15: assigned [mem 0x380000000000-0x3800001fffff 64bit pref]
[    1.335304] pci 0000:00:1c.0: BAR 13: assigned [io  0x3000-0x3fff]
[    1.335307] pci 0000:00:1c.0: PCI bridge to [bus 01]
[    1.335310] pci 0000:00:1c.0:   bridge window [io  0x3000-0x3fff]
[    1.335318] pci 0000:00:1c.0:   bridge window [mem 0x92a00000-0x92dfffff]
[    1.335324] pci 0000:00:1c.0:   bridge window [mem 0x380000000000-0x3800001fffff 64bit pref]
[    1.335336] pci 0000:02:00.0: PCI bridge to [bus 03]
[    1.335345] pci 0000:02:00.0:   bridge window [mem 0x92000000-0x928fffff]
[    1.335352] pci 0000:02:00.0:   bridge window [mem 0x91000000-0x91ffffff 64bit pref]
[    1.335365] pci 0000:00:1c.4: PCI bridge to [bus 02-03]
[    1.335373] pci 0000:00:1c.4:   bridge window [mem 0x92000000-0x928fffff]
[    1.335379] pci 0000:00:1c.4:   bridge window [mem 0x91000000-0x91ffffff 64bit pref]
[    1.335389] pci_bus 0000:00: resource 4 [io  0x0000-0x0cf7 window]
[    1.335391] pci_bus 0000:00: resource 5 [io  0x1000-0x3fff window]
[    1.335393] pci_bus 0000:00: resource 6 [mem 0x000a0000-0x000bffff window]
[    1.335394] pci_bus 0000:00: resource 7 [mem 0x000c4000-0x000c7fff window]
[    1.335395] pci_bus 0000:00: resource 8 [mem 0xfe010000-0xfe010fff window]
[    1.335397] pci_bus 0000:00: resource 9 [mem 0x90000000-0x9d7fffff window]
[    1.335398] pci_bus 0000:00: resource 10 [mem 0x380000000000-0x383fffffffff window]
[    1.335400] pci_bus 0000:01: resource 0 [io  0x3000-0x3fff]
[    1.335401] pci_bus 0000:01: resource 1 [mem 0x92a00000-0x92dfffff]
[    1.335403] pci_bus 0000:01: resource 2 [mem 0x380000000000-0x3800001fffff 64bit pref]
[    1.335404] pci_bus 0000:02: resource 1 [mem 0x92000000-0x928fffff]
[    1.335405] pci_bus 0000:02: resource 2 [mem 0x91000000-0x91ffffff 64bit pref]
[    1.335407] pci_bus 0000:03: resource 1 [mem 0x92000000-0x928fffff]
[    1.335408] pci_bus 0000:03: resource 2 [mem 0x91000000-0x91ffffff 64bit pref]
[    1.335551] pci 0000:17:02.0: BAR 14: assigned [mem 0x9e600000-0x9e6fffff]
[    1.335553] pci 0000:18:00.0: BAR 6: no space for [mem size 0x00100000 pref]
[    1.335555] pci 0000:18:00.0: BAR 6: failed to assign [mem size 0x00100000 pref]
[    1.335557] pci 0000:17:00.0: PCI bridge to [bus 18]
[    1.335558] pci 0000:17:00.0:   bridge window [io  0x4000-0x4fff]
[    1.335566] pci 0000:17:00.0:   bridge window [mem 0x9e300000-0x9e4fffff]
[    1.335580] pci 0000:19:00.0: BAR 6: assigned [mem 0x9e600000-0x9e67ffff pref]
[    1.335582] pci 0000:19:00.1: BAR 6: assigned [mem 0x9e680000-0x9e6fffff pref]
[    1.335584] pci 0000:17:02.0: PCI bridge to [bus 19]
[    1.335591] pci 0000:17:02.0:   bridge window [mem 0x9e600000-0x9e6fffff]
[    1.335596] pci 0000:17:02.0:   bridge window [mem 0x9d800000-0x9e0fffff 64bit pref]
[    1.335607] pci 0000:1a:00.0: BAR 6: assigned [mem 0x9e280000-0x9e2fffff pref]
[    1.335608] pci 0000:1a:00.1: BAR 6: no space for [mem size 0x00080000 pref]
[    1.335610] pci 0000:1a:00.1: BAR 6: failed to assign [mem size 0x00080000 pref]
[    1.335611] pci 0000:17:03.0: PCI bridge to [bus 1a]
[    1.335619] pci 0000:17:03.0:   bridge window [mem 0x9e100000-0x9e2fffff]
[    1.335634] pci_bus 0000:17: resource 4 [io  0x4000-0x5fff window]
[    1.335635] pci_bus 0000:17: resource 5 [mem 0x9d800000-0xaaffffff window]
[    1.335637] pci_bus 0000:17: resource 6 [mem 0x384000000000-0x387fffffffff window]
[    1.335638] pci_bus 0000:18: resource 0 [io  0x4000-0x4fff]
[    1.335639] pci_bus 0000:18: resource 1 [mem 0x9e300000-0x9e4fffff]
[    1.335641] pci_bus 0000:19: resource 1 [mem 0x9e600000-0x9e6fffff]
[    1.335642] pci_bus 0000:19: resource 2 [mem 0x9d800000-0x9e0fffff 64bit pref]
[    1.335644] pci_bus 0000:1a: resource 1 [mem 0x9e100000-0x9e2fffff]
[    1.335674] pci 0000:3b:00.0: BAR 6: assigned [mem 0xab010000-0xab01ffff pref]
[    1.335675] pci 0000:3a:00.0: PCI bridge to [bus 3b]
[    1.335683] pci 0000:3a:00.0:   bridge window [mem 0xab000000-0xab0fffff]
[    1.335697] pci_bus 0000:3a: resource 4 [io  0x6000-0x7fff window]
[    1.335699] pci_bus 0000:3a: resource 5 [mem 0xab000000-0xb87fffff window]
[    1.335700] pci_bus 0000:3a: resource 6 [mem 0x388000000000-0x38bfffffffff window]
[    1.335701] pci_bus 0000:3b: resource 1 [mem 0xab000000-0xab0fffff]
[    1.335721] pci_bus 0000:5d: resource 4 [io  0x8000-0x9fff window]
[    1.335722] pci_bus 0000:5d: resource 5 [mem 0xb8800000-0xc5ffffff window]
[    1.335724] pci_bus 0000:5d: resource 6 [mem 0x38c000000000-0x38ffffffffff window]
[    1.335750] pci_bus 0000:80: resource 4 [mem 0xc6000000-0xd37fffff window]
[    1.335752] pci_bus 0000:80: resource 5 [mem 0x390000000000-0x393fffffffff window]
[    1.335768] pci 0000:86:00.0: BAR 6: assigned [mem 0xd3810000-0xd381ffff pref]
[    1.335770] pci 0000:85:00.0: PCI bridge to [bus 86]
[    1.335778] pci 0000:85:00.0:   bridge window [mem 0xd3800000-0xd38fffff]
[    1.335793] pci_bus 0000:85: resource 4 [io  0xa000-0xbfff window]
[    1.335794] pci_bus 0000:85: resource 5 [mem 0xd3800000-0xe0ffffff window]
[    1.335796] pci_bus 0000:85: resource 6 [mem 0x394000000000-0x397fffffffff window]
[    1.335797] pci_bus 0000:86: resource 1 [mem 0xd3800000-0xd38fffff]
[    1.335819] pci 0000:ae:00.0: PCI bridge to [bus af]
[    1.335827] pci 0000:ae:00.0:   bridge window [mem 0xe1000000-0xe10fffff]
[    1.335841] pci_bus 0000:ae: resource 4 [io  0xc000-0xdfff window]
[    1.335842] pci_bus 0000:ae: resource 5 [mem 0xe1000000-0xee7fffff window]
[    1.335844] pci_bus 0000:ae: resource 6 [mem 0x398000000000-0x39bfffffffff window]
[    1.335846] pci_bus 0000:af: resource 1 [mem 0xe1000000-0xe10fffff]
[    1.335881] pci_bus 0000:d7: resource 4 [io  0xe000-0xffff window]
[    1.335883] pci_bus 0000:d7: resource 5 [mem 0xee800000-0xfbffffff window]
[    1.335884] pci_bus 0000:d7: resource 6 [mem 0x39c000000000-0x39ffffffffff window]
[    1.336276] pci 0000:03:00.0: Video device with shadowed ROM at [mem 0x000c0000-0x000dffff]
[    1.336286] pci 0000:17:05.0: disabled boot interrupts on device [8086:2034]
[    1.336395] pci 0000:3a:05.0: disabled boot interrupts on device [8086:2034]
[    1.336439] pci 0000:5d:05.0: disabled boot interrupts on device [8086:2034]
[    1.336481] pci 0000:85:05.0: disabled boot interrupts on device [8086:2034]
[    1.336585] pci 0000:ae:05.0: disabled boot interrupts on device [8086:2034]
[    1.336630] pci 0000:d7:05.0: disabled boot interrupts on device [8086:2034]
[    1.336662] PCI: CLS 128 bytes, default 64
[    1.336712] Trying to unpack rootfs image as initramfs...
[    1.515243] Freeing initrd memory: 61636K
[    1.515295] DMAR: Host address width 46
[    1.515297] DMAR: DRHD base: 0x000000d37fc000 flags: 0x0
[    1.515321] DMAR: dmar0: reg_base_addr d37fc000 ver 1:0 cap 8d2078c106f0466 ecap f020df
[    1.515324] DMAR: DRHD base: 0x000000e0ffc000 flags: 0x0
[    1.515330] DMAR: dmar1: reg_base_addr e0ffc000 ver 1:0 cap 8d2078c106f0466 ecap f020df
[    1.515332] DMAR: DRHD base: 0x000000ee7fc000 flags: 0x0
[    1.515338] DMAR: dmar2: reg_base_addr ee7fc000 ver 1:0 cap 8d2078c106f0466 ecap f020df
[    1.515340] DMAR: DRHD base: 0x000000fbffc000 flags: 0x0
[    1.515345] DMAR: dmar3: reg_base_addr fbffc000 ver 1:0 cap 8d2078c106f0466 ecap f020df
[    1.515346] DMAR: DRHD base: 0x000000aaffc000 flags: 0x0
[    1.515352] DMAR: dmar4: reg_base_addr aaffc000 ver 1:0 cap 8d2078c106f0466 ecap f020df
[    1.515353] DMAR: DRHD base: 0x000000b87fc000 flags: 0x0
[    1.515358] DMAR: dmar5: reg_base_addr b87fc000 ver 1:0 cap 8d2078c106f0466 ecap f020df
[    1.515360] DMAR: DRHD base: 0x000000c5ffc000 flags: 0x0
[    1.515365] DMAR: dmar6: reg_base_addr c5ffc000 ver 1:0 cap 8d2078c106f0466 ecap f020df
[    1.515367] DMAR: DRHD base: 0x0000009d7fc000 flags: 0x1
[    1.515371] DMAR: dmar7: reg_base_addr 9d7fc000 ver 1:0 cap 8d2078c106f0466 ecap f020df
[    1.515373] DMAR: RMRR base: 0x0000006f6e0000 end: 0x0000006f6e2fff
[    1.515375] DMAR: [Firmware Bug]: No firmware reserved region can cover this RMRR [0x000000006f6e0000-0x000000006f6e2fff], contact BIOS vendor for fixes
[    1.515381] DMAR: [Firmware Bug]: Your BIOS is broken; bad RMRR [0x000000006f6e0000-0x000000006f6e2fff]
               BIOS vendor: Dell Inc.; Ver: 2.14.2; Product Version: 
[    1.515383] DMAR: ATSR flags: 0x0
[    1.515384] DMAR: ATSR flags: 0x0
[    1.515558] PCI-DMA: Using software bounce buffering for IO (SWIOTLB)
[    1.515559] software IO TLB: mapped [mem 0x0000000061053000-0x0000000065053000] (64MB)
[    1.518076] check: Scanning for low memory corruption every 60 seconds
[    1.519656] Initialise system trusted keyrings
[    1.519664] Key type blacklist registered
[    1.519716] workingset: timestamp_bits=36 max_order=24 bucket_order=0
[    1.520820] zbud: loaded
[    1.521177] squashfs: version 4.0 (2009/01/31) Phillip Lougher
[    1.521311] fuse: init (API version 7.33)
[    1.521491] integrity: Platform Keyring initialized
[    1.529852] Key type asymmetric registered
[    1.529854] Asymmetric key parser 'x509' registered
[    1.529860] Block layer SCSI generic (bsg) driver version 0.4 loaded (major 243)
[    1.529900] io scheduler mq-deadline registered
[    1.530639] pcieport 0000:00:1c.0: PME: Signaling with IRQ 24
[    1.530663] pcieport 0000:00:1c.0: pciehp: Slot #0 AttnBtn- PwrCtrl- MRL- AttnInd- PwrInd- HotPlug+ Surprise+ Interlock- NoCompl+ IbPresDis- LLActRep+
[    1.530911] pcieport 0000:00:1c.4: PME: Signaling with IRQ 25
[    1.531191] pcieport 0000:17:00.0: PME: Signaling with IRQ 27
[    1.531422] pcieport 0000:17:02.0: PME: Signaling with IRQ 28
[    1.531645] pcieport 0000:17:03.0: PME: Signaling with IRQ 29
[    1.531861] pcieport 0000:3a:00.0: PME: Signaling with IRQ 31
[    1.532290] pcieport 0000:85:00.0: PME: Signaling with IRQ 33
[    1.532551] pcieport 0000:ae:00.0: PME: Signaling with IRQ 35
[    1.532889] shpchp: Standard Hot Plug PCI Controller Driver version: 0.4
[    1.532994] efifb: probing for efifb
[    1.533020] efifb: No BGRT, not showing boot graphics
[    1.533021] efifb: framebuffer at 0x91000000, using 3072k, total 3072k
[    1.533022] efifb: mode is 1024x768x32, linelength=4096, pages=1
[    1.533024] efifb: scrolling: redraw
[    1.533025] efifb: Truecolor: size=8:8:8:8, shift=24:16:8:0
[    1.533106] Console: switching to colour frame buffer device 128x48
[    1.551047] fb0: EFI VGA frame buffer device
[    1.551055] intel_idle: MWAIT substates: 0x2020
[    1.551212] Monitor-Mwait will be used to enter C-1 state
[    1.551215] ACPI: \_SB_.SCK0.CP00: Found 1 idle states
[    1.551217] intel_idle: v0.5.1 model 0x55
[    1.552730] intel_idle: Local APIC timer is reliable in all C-states
[    1.553170] input: Power Button as /devices/LNXSYSTM:00/LNXPWRBN:00/input/input0
[    1.553218] ACPI: Power Button [PWRF]
[    1.554989] ERST: Error Record Serialization Table (ERST) support is initialized.
[    1.555002] pstore: Registered erst as persistent store backend
[    1.555620] GHES: APEI firmware first mode is enabled by APEI bit and WHEA _OSC.
[    1.555775] Serial: 8250/16550 driver, 32 ports, IRQ sharing enabled
[    1.576489] 00:02: ttyS1 at I/O 0x2f8 (irq = 3, base_baud = 115200) is a 16550A
[    1.609593] 00:03: ttyS0 at I/O 0x3f8 (irq = 4, base_baud = 115200) is a 16550A
[    1.623284] Linux agpgart interface v0.103
[    1.629935] loop: module loaded
[    1.630300] libphy: Fixed MDIO Bus: probed
[    1.630301] tun: Universal TUN/TAP device driver, 1.6
[    1.630327] PPP generic driver version 2.4.2
[    1.630363] VFIO - User Level meta-driver version: 0.3
[    1.630454] ehci_hcd: USB 2.0 'Enhanced' Host Controller (EHCI) Driver
[    1.630456] ehci-pci: EHCI PCI platform driver
[    1.630488] ehci-platform: EHCI generic platform driver
[    1.630494] ohci_hcd: USB 1.1 'Open' Host Controller (OHCI) Driver
[    1.630496] ohci-pci: OHCI PCI platform driver
[    1.630528] ohci-platform: OHCI generic platform driver
[    1.630533] uhci_hcd: USB Universal Host Controller Interface driver
[    1.630591] i8042: PNP: No PS/2 controller found.
[    1.630625] mousedev: PS/2 mouse device common for all mice
[    1.630691] rtc_cmos 00:00: RTC can wake from S4
[    1.631058] rtc_cmos 00:00: registered as rtc0
[    1.631144] rtc_cmos 00:00: setting system clock to 2024-12-23T13:01:33 UTC (1734958893)
[    1.631159] rtc_cmos 00:00: alarms up to one month, y3k, 114 bytes nvram, hpet irqs
[    1.631165] i2c /dev entries driver
[    1.631198] device-mapper: uevent: version 1.0.3
[    1.631239] device-mapper: ioctl: 4.43.0-ioctl (2020-10-01) initialised: dm-devel@redhat.com
[    1.631253] platform eisa.0: Probing EISA bus 0
[    1.631255] platform eisa.0: EISA: Cannot allocate resource for mainboard
[    1.631256] platform eisa.0: Cannot allocate resource for EISA slot 1
[    1.631258] platform eisa.0: Cannot allocate resource for EISA slot 2
[    1.631259] platform eisa.0: Cannot allocate resource for EISA slot 3
[    1.631260] platform eisa.0: Cannot allocate resource for EISA slot 4
[    1.631262] platform eisa.0: Cannot allocate resource for EISA slot 5
[    1.631263] platform eisa.0: Cannot allocate resource for EISA slot 6
[    1.631264] platform eisa.0: Cannot allocate resource for EISA slot 7
[    1.631266] platform eisa.0: Cannot allocate resource for EISA slot 8
[    1.631267] platform eisa.0: EISA: Detected 0 cards
[    1.631273] intel_pstate: Intel P-state driver initializing
[    1.633265] ledtrig-cpu: registered to indicate activity on CPUs
[    1.633269] EFI Variables Facility v0.08 2004-May-17
[    1.694619] drop_monitor: Initializing network drop monitor service
[    1.695005] NET: Registered protocol family 10
[    1.705830] Segment Routing with IPv6
[    1.705866] NET: Registered protocol family 17
[    1.705933] Key type dns_resolver registered
[    1.710839] microcode: sig=0x50657, pf=0x80, revision=0x5003707
[    1.711089] microcode: Microcode Update Driver: v2.2.
[    1.711914] resctrl: MB allocation detected
[    1.711915] resctrl: L3 monitoring detected
[    1.711919] IPI shorthand broadcast: enabled
[    1.711927] sched_clock: Marking stable (1712564520, -659130)->(1749074130, -37168740)
[    1.712355] registered taskstats version 1
[    1.712368] Loading compiled-in X.509 certificates
[    1.713037] Loaded X.509 cert 'Build time autogenerated kernel key: 0d8e103743cf2d74dd103586183fa3490f9c75ad'
[    1.716694] zswap: loaded using pool lzo/zbud
[    1.717018] Key type ._fscrypt registered
[    1.717019] Key type .fscrypt registered
[    1.717020] Key type fscrypt-provisioning registered
[    1.717168] pstore: Using crash dump compression: deflate
[    1.723806] Key type encrypted registered
[    1.723808] AppArmor: AppArmor sha1 policy hashing enabled
[    1.725463] integrity: Loading X.509 certificate: UEFI:db
[    1.725486] integrity: Loaded X.509 cert 'Microsoft Corporation UEFI CA 2011: 13adbf4309bd82709c8cd54f316ed522988a1bd4'
[    1.725488] integrity: Loading X.509 certificate: UEFI:db
[    1.725504] integrity: Loaded X.509 cert 'Microsoft Windows Production PCA 2011: a92902398e16c49778cd90f99e4f9ae17c55af53'
[    1.725505] integrity: Loading X.509 certificate: UEFI:db
[    1.725663] integrity: Loaded X.509 cert 'VMware, Inc.: 4ad8ba0472073d28127706ddc6ccb9050441bbc7'
[    1.725664] integrity: Loading X.509 certificate: UEFI:db
[    1.725836] integrity: Loaded X.509 cert 'VMware, Inc.: VMware Secure Boot Signing: 04597f3e1ffb240bba0ff0f05d5eb05f3e15f6d7'
[    1.727088] integrity: Loading X.509 certificate: UEFI:MokListRT (MOKvar table)
[    1.727265] integrity: Loaded X.509 cert 'Canonical Ltd. Master Certificate Authority: ad91990bc22ab1f517048c23b6655a268e345a63'
[    1.727267] ima: No TPM chip found, activating TPM-bypass!
[    1.727274] ima: Allocated hash algorithm: sha1
[    1.727280] ima: No architecture policies found
[    1.727288] evm: Initialising EVM extended attributes:
[    1.727288] evm: security.selinux
[    1.727290] evm: security.SMACK64
[    1.727290] evm: security.SMACK64EXEC
