[    0.000000] microcode: microcode updated early to revision 0x5003707, date = 2024-03-01
[    0.000000] Linux version 5.11.0.vanilla-f2fs (root@oslab-PowerEdge-R740xd) (gcc (Ubuntu 9.4.0-1ubuntu1~20.04.2) 9.4.0, GNU ld (GNU Binutils for Ubuntu) 2.34) #82 SMP Thu Dec 26 10:29:00 KST 2024
[    0.000000] Command line: BOOT_IMAGE=/boot/vmlinuz-5.11.0.vanilla-f2fs root=UUID=0fe244cb-556c-49fd-bc46-148ab2afc428 ro memmap=448G$64G intremap=off isolcpus=37,39 quiet splash vt.handoff=7
[    0.000000] KERNEL supported cpus:
[    0.000000]   Intel GenuineIntel
[    0.000000]   AMD AuthenticAMD
[    0.000000]   Hygon HygonGenuine
[    0.000000]   Centaur CentaurHauls
[    0.000000]   zhaoxin   Shanghai  
[    0.000000] x86/fpu: Supporting XSAVE feature 0x001: 'x87 floating point registers'
[    0.000000] x86/fpu: Supporting XSAVE feature 0x002: 'SSE registers'
[    0.000000] x86/fpu: Supporting XSAVE feature 0x004: 'AVX registers'
[    0.000000] x86/fpu: Supporting XSAVE feature 0x008: 'MPX bounds registers'
[    0.000000] x86/fpu: Supporting XSAVE feature 0x010: 'MPX CSR'
[    0.000000] x86/fpu: Supporting XSAVE feature 0x020: 'AVX-512 opmask'
[    0.000000] x86/fpu: Supporting XSAVE feature 0x040: 'AVX-512 Hi256'
[    0.000000] x86/fpu: Supporting XSAVE feature 0x080: 'AVX-512 ZMM_Hi256'
[    0.000000] x86/fpu: Supporting XSAVE feature 0x200: 'Protection Keys User registers'
[    0.000000] x86/fpu: xstate_offset[2]:  576, xstate_sizes[2]:  256
[    0.000000] x86/fpu: xstate_offset[3]:  832, xstate_sizes[3]:   64
[    0.000000] x86/fpu: xstate_offset[4]:  896, xstate_sizes[4]:   64
[    0.000000] x86/fpu: xstate_offset[5]:  960, xstate_sizes[5]:   64
[    0.000000] x86/fpu: xstate_offset[6]: 1024, xstate_sizes[6]:  512
[    0.000000] x86/fpu: xstate_offset[7]: 1536, xstate_sizes[7]: 1024
[    0.000000] x86/fpu: xstate_offset[9]: 2560, xstate_sizes[9]:    8
[    0.000000] x86/fpu: Enabled xstate features 0x2ff, context size is 2568 bytes, using 'compacted' format.
[    0.000000] BIOS-provided physical RAM map:
[    0.000000] BIOS-e820: [mem 0x0000000000000000-0x000000000009ffff] usable
[    0.000000] BIOS-e820: [mem 0x00000000000a0000-0x00000000000fffff] reserved
[    0.000000] BIOS-e820: [mem 0x0000000000100000-0x00000000682fefff] usable
[    0.000000] BIOS-e820: [mem 0x00000000682ff000-0x000000006ebfefff] reserved
[    0.000000] BIOS-e820: [mem 0x000000006ebff000-0x000000006f9fefff] ACPI NVS
[    0.000000] BIOS-e820: [mem 0x000000006f9ff000-0x000000006fffefff] ACPI data
[    0.000000] BIOS-e820: [mem 0x000000006ffff000-0x000000006fffffff] usable
[    0.000000] BIOS-e820: [mem 0x0000000070000000-0x000000008fffffff] reserved
[    0.000000] BIOS-e820: [mem 0x00000000fe000000-0x00000000fe010fff] reserved
[    0.000000] BIOS-e820: [mem 0x0000000100000000-0x000000807fffffff] usable
[    0.000000] NX (Execute Disable) protection: active
[    0.000000] e820: update [mem 0x4bca7020-0x4bcaf05f] usable ==> usable
[    0.000000] e820: update [mem 0x4bca7020-0x4bcaf05f] usable ==> usable
[    0.000000] e820: update [mem 0x4bc8e020-0x4bca665f] usable ==> usable
[    0.000000] e820: update [mem 0x4bc8e020-0x4bca665f] usable ==> usable
[    0.000000] e820: update [mem 0x4bc2e020-0x4bc8da5f] usable ==> usable
[    0.000000] e820: update [mem 0x4bc2e020-0x4bc8da5f] usable ==> usable
[    0.000000] e820: update [mem 0x4bbce020-0x4bc2da5f] usable ==> usable
[    0.000000] e820: update [mem 0x4bbce020-0x4bc2da5f] usable ==> usable
[    0.000000] e820: update [mem 0x4bb71020-0x4bbcdc5f] usable ==> usable
[    0.000000] e820: update [mem 0x4bb71020-0x4bbcdc5f] usable ==> usable
[    0.000000] e820: update [mem 0x4bb14020-0x4bb70c5f] usable ==> usable
[    0.000000] e820: update [mem 0x4bb14020-0x4bb70c5f] usable ==> usable
[    0.000000] e820: update [mem 0x4bb09020-0x4bb13a5f] usable ==> usable
[    0.000000] e820: update [mem 0x4bb09020-0x4bb13a5f] usable ==> usable
[    0.000000] e820: update [mem 0x4bb02020-0x4bb0845f] usable ==> usable
[    0.000000] e820: update [mem 0x4bb02020-0x4bb0845f] usable ==> usable
[    0.000000] extended physical RAM map:
[    0.000000] reserve setup_data: [mem 0x0000000000000000-0x000000000009ffff] usable
[    0.000000] reserve setup_data: [mem 0x00000000000a0000-0x00000000000fffff] reserved
[    0.000000] reserve setup_data: [mem 0x0000000000100000-0x000000004bb0201f] usable
[    0.000000] reserve setup_data: [mem 0x000000004bb02020-0x000000004bb0845f] usable
[    0.000000] reserve setup_data: [mem 0x000000004bb08460-0x000000004bb0901f] usable
[    0.000000] reserve setup_data: [mem 0x000000004bb09020-0x000000004bb13a5f] usable
[    0.000000] reserve setup_data: [mem 0x000000004bb13a60-0x000000004bb1401f] usable
[    0.000000] reserve setup_data: [mem 0x000000004bb14020-0x000000004bb70c5f] usable
[    0.000000] reserve setup_data: [mem 0x000000004bb70c60-0x000000004bb7101f] usable
[    0.000000] reserve setup_data: [mem 0x000000004bb71020-0x000000004bbcdc5f] usable
[    0.000000] reserve setup_data: [mem 0x000000004bbcdc60-0x000000004bbce01f] usable
[    0.000000] reserve setup_data: [mem 0x000000004bbce020-0x000000004bc2da5f] usable
[    0.000000] reserve setup_data: [mem 0x000000004bc2da60-0x000000004bc2e01f] usable
[    0.000000] reserve setup_data: [mem 0x000000004bc2e020-0x000000004bc8da5f] usable
[    0.000000] reserve setup_data: [mem 0x000000004bc8da60-0x000000004bc8e01f] usable
[    0.000000] reserve setup_data: [mem 0x000000004bc8e020-0x000000004bca665f] usable
[    0.000000] reserve setup_data: [mem 0x000000004bca6660-0x000000004bca701f] usable
[    0.000000] reserve setup_data: [mem 0x000000004bca7020-0x000000004bcaf05f] usable
[    0.000000] reserve setup_data: [mem 0x000000004bcaf060-0x00000000682fefff] usable
[    0.000000] reserve setup_data: [mem 0x00000000682ff000-0x000000006ebfefff] reserved
[    0.000000] reserve setup_data: [mem 0x000000006ebff000-0x000000006f9fefff] ACPI NVS
[    0.000000] reserve setup_data: [mem 0x000000006f9ff000-0x000000006fffefff] ACPI data
[    0.000000] reserve setup_data: [mem 0x000000006ffff000-0x000000006fffffff] usable
[    0.000000] reserve setup_data: [mem 0x0000000070000000-0x000000008fffffff] reserved
[    0.000000] reserve setup_data: [mem 0x00000000fe000000-0x00000000fe010fff] reserved
[    0.000000] reserve setup_data: [mem 0x0000000100000000-0x0000000fffffffff] usable
[    0.000000] reserve setup_data: [mem 0x0000001000000000-0x0000007fffffffff] reserved
[    0.000000] reserve setup_data: [mem 0x0000008000000000-0x000000807fffffff] usable
[    0.000000] user-defined physical RAM map:
[    0.000000] user: [mem 0x0000000000000000-0x000000000009ffff] usable
[    0.000000] user: [mem 0x00000000000a0000-0x00000000000fffff] reserved
[    0.000000] user: [mem 0x0000000000100000-0x000000004bb0201f] usable
[    0.000000] user: [mem 0x000000004bb02020-0x000000004bb0845f] usable
[    0.000000] user: [mem 0x000000004bb08460-0x000000004bb0901f] usable
[    0.000000] user: [mem 0x000000004bb09020-0x000000004bb13a5f] usable
[    0.000000] user: [mem 0x000000004bb13a60-0x000000004bb1401f] usable
[    0.000000] user: [mem 0x000000004bb14020-0x000000004bb70c5f] usable
[    0.000000] user: [mem 0x000000004bb70c60-0x000000004bb7101f] usable
[    0.000000] user: [mem 0x000000004bb71020-0x000000004bbcdc5f] usable
[    0.000000] user: [mem 0x000000004bbcdc60-0x000000004bbce01f] usable
[    0.000000] user: [mem 0x000000004bbce020-0x000000004bc2da5f] usable
[    0.000000] user: [mem 0x000000004bc2da60-0x000000004bc2e01f] usable
[    0.000000] user: [mem 0x000000004bc2e020-0x000000004bc8da5f] usable
[    0.000000] user: [mem 0x000000004bc8da60-0x000000004bc8e01f] usable
[    0.000000] user: [mem 0x000000004bc8e020-0x000000004bca665f] usable
[    0.000000] user: [mem 0x000000004bca6660-0x000000004bca701f] usable
[    0.000000] user: [mem 0x000000004bca7020-0x000000004bcaf05f] usable
[    0.000000] user: [mem 0x000000004bcaf060-0x00000000682fefff] usable
[    0.000000] user: [mem 0x00000000682ff000-0x000000006ebfefff] reserved
[    0.000000] user: [mem 0x000000006ebff000-0x000000006f9fefff] ACPI NVS
[    0.000000] user: [mem 0x000000006f9ff000-0x000000006fffefff] ACPI data
[    0.000000] user: [mem 0x000000006ffff000-0x000000006fffffff] usable
[    0.000000] user: [mem 0x0000000070000000-0x000000008fffffff] reserved
[    0.000000] user: [mem 0x00000000fe000000-0x00000000fe010fff] reserved
[    0.000000] user: [mem 0x0000000100000000-0x0000000fffffffff] usable
[    0.000000] user: [mem 0x0000001000000000-0x0000007fffffffff] reserved
[    0.000000] user: [mem 0x0000008000000000-0x000000807fffffff] usable
[    0.000000] efi: EFI v2.70 by Dell Inc.
[    0.000000] efi: ACPI=0x6fffe000 ACPI 2.0=0x6fffe014 SMBIOS=0x68d36000 SMBIOS 3.0=0x68d34000 MEMATTR=0x65053020 MOKvar=0x683aa000 RNG=0x683d5720 
[    0.000000] efi: seeding entropy pool
[    0.000000] random: fast init done
[    0.000000] SMBIOS 3.2.0 present.
[    0.000000] DMI: Dell Inc. PowerEdge R740xd/06WXJT, BIOS 2.14.2 03/21/2022
[    0.000000] tsc: Detected 2100.000 MHz processor
[    0.000009] e820: update [mem 0x00000000-0x00000fff] usable ==> reserved
[    0.000012] e820: remove [mem 0x000a0000-0x000fffff] usable
[    0.000021] last_pfn = 0x8080000 max_arch_pfn = 0x400000000
[    0.000025] MTRR default type: uncachable
[    0.000026] MTRR fixed ranges enabled:
[    0.000028]   00000-9FFFF write-back
[    0.000030]   A0000-BFFFF uncachable
[    0.000031]   C0000-FFFFF write-protect
[    0.000033] MTRR variable ranges enabled:
[    0.000034]   0 base 000000000000 mask 3F8000000000 write-back
[    0.000036]   1 base 008000000000 mask 3FFF80000000 write-back
[    0.000038]   2 base 000080000000 mask 3FFF80000000 uncachable
[    0.000040]   3 base 000070000000 mask 3FFFFC000000 uncachable
[    0.000042]   4 disabled
[    0.000043]   5 disabled
[    0.000044]   6 disabled
[    0.000045]   7 disabled
[    0.000045]   8 disabled
[    0.000046]   9 disabled
[    0.000201] x86/PAT: Configuration [0-7]: WB  WC  UC- UC  WB  WP  UC- WT  
[    0.001073] total RAM covered: 524224M
[    0.001311]  gran_size: 64K 	chunk_size: 64K 	num_reg: 10  	lose cover RAM: 386G
[    0.001314]  gran_size: 64K 	chunk_size: 128K 	num_reg: 10  	lose cover RAM: 386G
[    0.001316]  gran_size: 64K 	chunk_size: 256K 	num_reg: 10  	lose cover RAM: 386G
[    0.001318]  gran_size: 64K 	chunk_size: 512K 	num_reg: 10  	lose cover RAM: 386G
[    0.001320]  gran_size: 64K 	chunk_size: 1M 	num_reg: 10  	lose cover RAM: 386G
[    0.001322]  gran_size: 64K 	chunk_size: 2M 	num_reg: 10  	lose cover RAM: 386G
[    0.001324]  gran_size: 64K 	chunk_size: 4M 	num_reg: 10  	lose cover RAM: 386G
[    0.001326]  gran_size: 64K 	chunk_size: 8M 	num_reg: 10  	lose cover RAM: 386G
[    0.001327]  gran_size: 64K 	chunk_size: 16M 	num_reg: 10  	lose cover RAM: 386G
[    0.001329]  gran_size: 64K 	chunk_size: 32M 	num_reg: 10  	lose cover RAM: 386G
[    0.001331]  gran_size: 64K 	chunk_size: 64M 	num_reg: 10  	lose cover RAM: 386G
[    0.001333]  gran_size: 64K 	chunk_size: 128M 	num_reg: 10  	lose cover RAM: 482G
[    0.001335]  gran_size: 64K 	chunk_size: 256M 	num_reg: 10  	lose cover RAM: 482G
[    0.001337]  gran_size: 64K 	chunk_size: 512M 	num_reg: 10  	lose cover RAM: 0G
[    0.001339]  gran_size: 64K 	chunk_size: 1G 	num_reg: 10  	lose cover RAM: 0G
[    0.001341]  gran_size: 64K 	chunk_size: 2G 	num_reg: 10  	lose cover RAM: 0G
[    0.001342]  gran_size: 128K 	chunk_size: 128K 	num_reg: 10  	lose cover RAM: 386G
[    0.001344]  gran_size: 128K 	chunk_size: 256K 	num_reg: 10  	lose cover RAM: 386G
[    0.001346]  gran_size: 128K 	chunk_size: 512K 	num_reg: 10  	lose cover RAM: 386G
[    0.001348]  gran_size: 128K 	chunk_size: 1M 	num_reg: 10  	lose cover RAM: 386G
[    0.001350]  gran_size: 128K 	chunk_size: 2M 	num_reg: 10  	lose cover RAM: 386G
[    0.001352]  gran_size: 128K 	chunk_size: 4M 	num_reg: 10  	lose cover RAM: 386G
[    0.001354]  gran_size: 128K 	chunk_size: 8M 	num_reg: 10  	lose cover RAM: 386G
[    0.001355]  gran_size: 128K 	chunk_size: 16M 	num_reg: 10  	lose cover RAM: 386G
[    0.001357]  gran_size: 128K 	chunk_size: 32M 	num_reg: 10  	lose cover RAM: 386G
[    0.001359]  gran_size: 128K 	chunk_size: 64M 	num_reg: 10  	lose cover RAM: 386G
[    0.001361]  gran_size: 128K 	chunk_size: 128M 	num_reg: 10  	lose cover RAM: 482G
[    0.001363]  gran_size: 128K 	chunk_size: 256M 	num_reg: 10  	lose cover RAM: 482G
[    0.001365]  gran_size: 128K 	chunk_size: 512M 	num_reg: 10  	lose cover RAM: 0G
[    0.001367]  gran_size: 128K 	chunk_size: 1G 	num_reg: 10  	lose cover RAM: 0G
[    0.001369]  gran_size: 128K 	chunk_size: 2G 	num_reg: 10  	lose cover RAM: 0G
[    0.001371]  gran_size: 256K 	chunk_size: 256K 	num_reg: 10  	lose cover RAM: 386G
[    0.001372]  gran_size: 256K 	chunk_size: 512K 	num_reg: 10  	lose cover RAM: 386G
[    0.001374]  gran_size: 256K 	chunk_size: 1M 	num_reg: 10  	lose cover RAM: 386G
[    0.001376]  gran_size: 256K 	chunk_size: 2M 	num_reg: 10  	lose cover RAM: 386G
[    0.001378]  gran_size: 256K 	chunk_size: 4M 	num_reg: 10  	lose cover RAM: 386G
[    0.001380]  gran_size: 256K 	chunk_size: 8M 	num_reg: 10  	lose cover RAM: 386G
[    0.001382]  gran_size: 256K 	chunk_size: 16M 	num_reg: 10  	lose cover RAM: 386G
[    0.001383]  gran_size: 256K 	chunk_size: 32M 	num_reg: 10  	lose cover RAM: 386G
[    0.001385]  gran_size: 256K 	chunk_size: 64M 	num_reg: 10  	lose cover RAM: 386G
[    0.001387]  gran_size: 256K 	chunk_size: 128M 	num_reg: 10  	lose cover RAM: 482G
[    0.001389]  gran_size: 256K 	chunk_size: 256M 	num_reg: 10  	lose cover RAM: 482G
[    0.001391]  gran_size: 256K 	chunk_size: 512M 	num_reg: 10  	lose cover RAM: 0G
[    0.001393]  gran_size: 256K 	chunk_size: 1G 	num_reg: 10  	lose cover RAM: 0G
[    0.001395]  gran_size: 256K 	chunk_size: 2G 	num_reg: 10  	lose cover RAM: 0G
[    0.001397]  gran_size: 512K 	chunk_size: 512K 	num_reg: 10  	lose cover RAM: 386G
[    0.001399]  gran_size: 512K 	chunk_size: 1M 	num_reg: 10  	lose cover RAM: 386G
[    0.001400]  gran_size: 512K 	chunk_size: 2M 	num_reg: 10  	lose cover RAM: 386G
[    0.001402]  gran_size: 512K 	chunk_size: 4M 	num_reg: 10  	lose cover RAM: 386G
[    0.001404]  gran_size: 512K 	chunk_size: 8M 	num_reg: 10  	lose cover RAM: 386G
[    0.001406]  gran_size: 512K 	chunk_size: 16M 	num_reg: 10  	lose cover RAM: 386G
[    0.001408]  gran_size: 512K 	chunk_size: 32M 	num_reg: 10  	lose cover RAM: 386G
[    0.001410]  gran_size: 512K 	chunk_size: 64M 	num_reg: 10  	lose cover RAM: 386G
[    0.001412]  gran_size: 512K 	chunk_size: 128M 	num_reg: 10  	lose cover RAM: 482G
[    0.001413]  gran_size: 512K 	chunk_size: 256M 	num_reg: 10  	lose cover RAM: 482G
[    0.001415]  gran_size: 512K 	chunk_size: 512M 	num_reg: 10  	lose cover RAM: 0G
[    0.001417]  gran_size: 512K 	chunk_size: 1G 	num_reg: 10  	lose cover RAM: 0G
[    0.001419]  gran_size: 512K 	chunk_size: 2G 	num_reg: 10  	lose cover RAM: 0G
[    0.001421]  gran_size: 1M 	chunk_size: 1M 	num_reg: 10  	lose cover RAM: 386G
[    0.001423]  gran_size: 1M 	chunk_size: 2M 	num_reg: 10  	lose cover RAM: 386G
[    0.001424]  gran_size: 1M 	chunk_size: 4M 	num_reg: 10  	lose cover RAM: 386G
[    0.001426]  gran_size: 1M 	chunk_size: 8M 	num_reg: 10  	lose cover RAM: 386G
[    0.001428]  gran_size: 1M 	chunk_size: 16M 	num_reg: 10  	lose cover RAM: 386G
[    0.001430]  gran_size: 1M 	chunk_size: 32M 	num_reg: 10  	lose cover RAM: 386G
[    0.001432]  gran_size: 1M 	chunk_size: 64M 	num_reg: 10  	lose cover RAM: 386G
[    0.001433]  gran_size: 1M 	chunk_size: 128M 	num_reg: 10  	lose cover RAM: 482G
[    0.001435]  gran_size: 1M 	chunk_size: 256M 	num_reg: 10  	lose cover RAM: 482G
[    0.001437]  gran_size: 1M 	chunk_size: 512M 	num_reg: 10  	lose cover RAM: 0G
[    0.001439]  gran_size: 1M 	chunk_size: 1G 	num_reg: 10  	lose cover RAM: 0G
[    0.001441]  gran_size: 1M 	chunk_size: 2G 	num_reg: 10  	lose cover RAM: 0G
[    0.001442]  gran_size: 2M 	chunk_size: 2M 	num_reg: 10  	lose cover RAM: 386G
[    0.001444]  gran_size: 2M 	chunk_size: 4M 	num_reg: 10  	lose cover RAM: 386G
[    0.001446]  gran_size: 2M 	chunk_size: 8M 	num_reg: 10  	lose cover RAM: 386G
[    0.001448]  gran_size: 2M 	chunk_size: 16M 	num_reg: 10  	lose cover RAM: 386G
[    0.001450]  gran_size: 2M 	chunk_size: 32M 	num_reg: 10  	lose cover RAM: 386G
[    0.001452]  gran_size: 2M 	chunk_size: 64M 	num_reg: 10  	lose cover RAM: 386G
[    0.001454]  gran_size: 2M 	chunk_size: 128M 	num_reg: 10  	lose cover RAM: 482G
[    0.001455]  gran_size: 2M 	chunk_size: 256M 	num_reg: 10  	lose cover RAM: 482G
[    0.001457]  gran_size: 2M 	chunk_size: 512M 	num_reg: 10  	lose cover RAM: 0G
[    0.001459]  gran_size: 2M 	chunk_size: 1G 	num_reg: 10  	lose cover RAM: 0G
[    0.001461]  gran_size: 2M 	chunk_size: 2G 	num_reg: 10  	lose cover RAM: 0G
[    0.001463]  gran_size: 4M 	chunk_size: 4M 	num_reg: 10  	lose cover RAM: 386G
[    0.001465]  gran_size: 4M 	chunk_size: 8M 	num_reg: 10  	lose cover RAM: 386G
[    0.001466]  gran_size: 4M 	chunk_size: 16M 	num_reg: 10  	lose cover RAM: 386G
[    0.001468]  gran_size: 4M 	chunk_size: 32M 	num_reg: 10  	lose cover RAM: 386G
[    0.001470]  gran_size: 4M 	chunk_size: 64M 	num_reg: 10  	lose cover RAM: 386G
[    0.001472]  gran_size: 4M 	chunk_size: 128M 	num_reg: 10  	lose cover RAM: 482G
[    0.001474]  gran_size: 4M 	chunk_size: 256M 	num_reg: 10  	lose cover RAM: 482G
[    0.001476]  gran_size: 4M 	chunk_size: 512M 	num_reg: 10  	lose cover RAM: 0G
[    0.001477]  gran_size: 4M 	chunk_size: 1G 	num_reg: 10  	lose cover RAM: 0G
[    0.001479]  gran_size: 4M 	chunk_size: 2G 	num_reg: 10  	lose cover RAM: 0G
[    0.001481]  gran_size: 8M 	chunk_size: 8M 	num_reg: 10  	lose cover RAM: 386G
[    0.001483]  gran_size: 8M 	chunk_size: 16M 	num_reg: 10  	lose cover RAM: 386G
[    0.001485]  gran_size: 8M 	chunk_size: 32M 	num_reg: 10  	lose cover RAM: 386G
[    0.001486]  gran_size: 8M 	chunk_size: 64M 	num_reg: 10  	lose cover RAM: 386G
[    0.001488]  gran_size: 8M 	chunk_size: 128M 	num_reg: 10  	lose cover RAM: 482G
[    0.001490]  gran_size: 8M 	chunk_size: 256M 	num_reg: 10  	lose cover RAM: 482G
[    0.001492]  gran_size: 8M 	chunk_size: 512M 	num_reg: 10  	lose cover RAM: 0G
[    0.001494]  gran_size: 8M 	chunk_size: 1G 	num_reg: 10  	lose cover RAM: 0G
[    0.001496]  gran_size: 8M 	chunk_size: 2G 	num_reg: 10  	lose cover RAM: 0G
[    0.001498]  gran_size: 16M 	chunk_size: 16M 	num_reg: 10  	lose cover RAM: 386G
[    0.001500]  gran_size: 16M 	chunk_size: 32M 	num_reg: 10  	lose cover RAM: 386G
[    0.001502]  gran_size: 16M 	chunk_size: 64M 	num_reg: 10  	lose cover RAM: 386G
[    0.001504]  gran_size: 16M 	chunk_size: 128M 	num_reg: 10  	lose cover RAM: 482G
[    0.001506]  gran_size: 16M 	chunk_size: 256M 	num_reg: 10  	lose cover RAM: 482G
[    0.001508]  gran_size: 16M 	chunk_size: 512M 	num_reg: 10  	lose cover RAM: 0G
[    0.001510]  gran_size: 16M 	chunk_size: 1G 	num_reg: 10  	lose cover RAM: 0G
[    0.001511]  gran_size: 16M 	chunk_size: 2G 	num_reg: 10  	lose cover RAM: 0G
[    0.001513]  gran_size: 32M 	chunk_size: 32M 	num_reg: 10  	lose cover RAM: 386G
[    0.001515]  gran_size: 32M 	chunk_size: 64M 	num_reg: 10  	lose cover RAM: 386G
[    0.001517]  gran_size: 32M 	chunk_size: 128M 	num_reg: 10  	lose cover RAM: 482G
[    0.001519]  gran_size: 32M 	chunk_size: 256M 	num_reg: 10  	lose cover RAM: 482G
[    0.001521]  gran_size: 32M 	chunk_size: 512M 	num_reg: 10  	lose cover RAM: 0G
[    0.001523]  gran_size: 32M 	chunk_size: 1G 	num_reg: 10  	lose cover RAM: 0G
[    0.001524]  gran_size: 32M 	chunk_size: 2G 	num_reg: 10  	lose cover RAM: 0G
[    0.001526]  gran_size: 64M 	chunk_size: 64M 	num_reg: 10  	lose cover RAM: 386G
[    0.001528]  gran_size: 64M 	chunk_size: 128M 	num_reg: 10  	lose cover RAM: 482G
[    0.001530]  gran_size: 64M 	chunk_size: 256M 	num_reg: 10  	lose cover RAM: 482G
[    0.001532]  gran_size: 64M 	chunk_size: 512M 	num_reg: 10  	lose cover RAM: 0G
[    0.001534]  gran_size: 64M 	chunk_size: 1G 	num_reg: 10  	lose cover RAM: 0G
[    0.001535]  gran_size: 64M 	chunk_size: 2G 	num_reg: 10  	lose cover RAM: 0G
[    0.001537]  gran_size: 128M 	chunk_size: 128M 	num_reg: 10  	lose cover RAM: 395328M
[    0.001540]  gran_size: 128M 	chunk_size: 256M 	num_reg: 10  	lose cover RAM: 395328M
[    0.001541]  gran_size: 128M 	chunk_size: 512M 	num_reg: 10  	lose cover RAM: 0G
[    0.001543]  gran_size: 128M 	chunk_size: 1G 	num_reg: 10  	lose cover RAM: 0G
[    0.001545]  gran_size: 128M 	chunk_size: 2G 	num_reg: 10  	lose cover RAM: 0G
[    0.001547]  gran_size: 256M 	chunk_size: 256M 	num_reg: 10  	lose cover RAM: 2240M
[    0.001549]  gran_size: 256M 	chunk_size: 512M 	num_reg: 10  	lose cover RAM: 0G
[    0.001551]  gran_size: 256M 	chunk_size: 1G 	num_reg: 10  	lose cover RAM: 0G
[    0.001553]  gran_size: 256M 	chunk_size: 2G 	num_reg: 10  	lose cover RAM: 0G
[    0.001555]  gran_size: 512M 	chunk_size: 512M 	num_reg: 10  	lose cover RAM: 448M
[    0.001556]  gran_size: 512M 	chunk_size: 1G 	num_reg: 10  	lose cover RAM: 2304M
[    0.001558]  gran_size: 512M 	chunk_size: 2G 	num_reg: 10  	lose cover RAM: 2304M
[    0.001560]  gran_size: 1G 	chunk_size: 1G 	num_reg: 9  	lose cover RAM: 960M
[    0.001562]  gran_size: 1G 	chunk_size: 2G 	num_reg: 10  	lose cover RAM: 264960M
[    0.001564]  gran_size: 2G 	chunk_size: 2G 	num_reg: 8  	lose cover RAM: 1984M
[    0.001566] mtrr_cleanup: can not find optimal value
[    0.001567] please specify mtrr_gran_size/mtrr_chunk_size
[    0.001570] e820: update [mem 0x70000000-0x73ffffff] usable ==> reserved
[    0.001573] e820: update [mem 0x80000000-0xffffffff] usable ==> reserved
[    0.001578] last_pfn = 0x70000 max_arch_pfn = 0x400000000
[    0.009247] efi: Failed to lookup EFI memory descriptor for 0x00000000683aa000
[    0.009267] check: Scanning 1 areas for low memory corruption
[    0.009271] Using GB pages for direct mapping
[    0.009551] Secure boot disabled
[    0.009552] RAMDISK: [mem 0x4bcb0000-0x4f8defff]
[    0.009562] ACPI: Early table checksum verification disabled
[    0.009565] ACPI: RSDP 0x000000006FFFE014 000024 (v02 DELL  )
[    0.009570] ACPI: XSDT 0x000000006FBF9188 0000F4 (v01 DELL   PE_SC3   00000000      01000013)
[    0.009576] ACPI: FACP 0x000000006FFF8000 000114 (v06 DELL   PE_SC3   00000000 DELL 00000001)
[    0.009582] ACPI: DSDT 0x000000006FCFA000 2EE3DC (v02 DELL   PE_SC3   00000003 DELL 00000001)
[    0.009586] ACPI: FACS 0x000000006F6EE000 000040
[    0.009590] ACPI: SSDT 0x000000006FFFC000 00046C (v02 INTEL  ADDRXLAT 00000001 INTL 20180508)
[    0.009593] ACPI: MCEJ 0x000000006FFFB000 000130 (v01 DELL   PE_SC3   00000002 DELL 00000001)
[    0.009597] ACPI: WD__ 0x000000006FFFA000 000134 (v01 DELL   PE_SC3   00000001 DELL 00000001)
[    0.009600] ACPI: SLIC 0x000000006FFF9000 000176 (v01 DELL   PE_SC3   00000001 DELL 00000001)
[    0.009604] ACPI: HPET 0x000000006FFF7000 000038 (v01 DELL   PE_SC3   00000001 DELL 00000001)
[    0.009608] ACPI: APIC 0x000000006FFF5000 0016DE (v04 DELL   PE_SC3   00000000 DELL 00000001)
[    0.009611] ACPI: MCFG 0x000000006FFF4000 00003C (v01 DELL   PE_SC3   00000001 DELL 00000001)
[    0.009615] ACPI: MIGT 0x000000006FFF3000 000040 (v01 DELL   PE_SC3   00000000 DELL 00000001)
[    0.009618] ACPI: MSCT 0x000000006FFF2000 000090 (v01 DELL   PE_SC3   00000001 DELL 00000001)
[    0.009622] ACPI: PCAT 0x000000006FFF1000 000088 (v02 DELL   PE_SC3   00000002 DELL 00000001)
[    0.009626] ACPI: PCCT 0x000000006FFF0000 00006E (v01 DELL   PE_SC3   00000002 DELL 00000001)
[    0.009629] ACPI: RASF 0x000000006FFEF000 000030 (v01 DELL   PE_SC3   00000001 DELL 00000001)
[    0.009633] ACPI: SLIT 0x000000006FFEE000 00042C (v01 DELL   PE_SC3   00000001 DELL 00000001)
[    0.009636] ACPI: SRAT 0x000000006FFEB000 002D30 (v03 DELL   PE_SC3   00000002 DELL 00000001)
[    0.009640] ACPI: SVOS 0x000000006FFEA000 000032 (v01 DELL   PE_SC3   00000000 DELL 00000001)
[    0.009643] ACPI: WSMT 0x000000006FFE9000 000028 (v01 DELL   PE_SC3   00000000 DELL 00000001)
[    0.009647] ACPI: OEM4 0x000000006FC4C000 0AD1C1 (v02 INTEL  CPU  CST 00003000 INTL 20180508)
[    0.009651] ACPI: SSDT 0x000000006FC14000 037465 (v02 INTEL  SSDT  PM 00004000 INTL 20180508)
[    0.009654] ACPI: SSDT 0x000000006FBFA000 000A1F (v02 DELL   PE_SC3   00000000 DELL 00000001)
[    0.009658] ACPI: SSDT 0x000000006FC10000 00357F (v02 INTEL  SpsNm    00000002 INTL 20180508)
[    0.009662] ACPI: DMAR 0x000000006FFFD000 0001D0 (v01 DELL   PE_SC3   00000001 DELL 00000001)
[    0.009665] ACPI: HEST 0x000000006FC0F000 00017C (v01 DELL   PE_SC3   00000002 DELL 00000001)
[    0.009669] ACPI: BERT 0x000000006FC0E000 000030 (v01 DELL   PE_SC3   00000002 DELL 00000001)
[    0.009672] ACPI: ERST 0x000000006FC0D000 000230 (v01 DELL   PE_SC3   00000002 DELL 00000001)
[    0.009676] ACPI: EINJ 0x000000006FC0C000 000150 (v01 DELL   PE_SC3   00000002 DELL 00000001)
[    0.009684] ACPI: Local APIC address 0xfee00000
[    0.009788] SRAT: PXM 0 -> APIC 0x00 -> Node 0
[    0.009790] SRAT: PXM 1 -> APIC 0x40 -> Node 1
[    0.009791] SRAT: PXM 0 -> APIC 0x08 -> Node 0
[    0.009792] SRAT: PXM 1 -> APIC 0x48 -> Node 1
[    0.009793] SRAT: PXM 0 -> APIC 0x02 -> Node 0
[    0.009794] SRAT: PXM 1 -> APIC 0x42 -> Node 1
[    0.009795] SRAT: PXM 0 -> APIC 0x06 -> Node 0
[    0.009796] SRAT: PXM 1 -> APIC 0x46 -> Node 1
[    0.009797] SRAT: PXM 0 -> APIC 0x04 -> Node 0
[    0.009798] SRAT: PXM 1 -> APIC 0x44 -> Node 1
[    0.009799] SRAT: PXM 0 -> APIC 0x18 -> Node 0
[    0.009800] SRAT: PXM 1 -> APIC 0x58 -> Node 1
[    0.009801] SRAT: PXM 0 -> APIC 0x10 -> Node 0
[    0.009802] SRAT: PXM 1 -> APIC 0x50 -> Node 1
[    0.009803] SRAT: PXM 0 -> APIC 0x16 -> Node 0
[    0.009804] SRAT: PXM 1 -> APIC 0x56 -> Node 1
[    0.009805] SRAT: PXM 0 -> APIC 0x12 -> Node 0
[    0.009806] SRAT: PXM 1 -> APIC 0x52 -> Node 1
[    0.009807] SRAT: PXM 0 -> APIC 0x14 -> Node 0
[    0.009808] SRAT: PXM 1 -> APIC 0x54 -> Node 1
[    0.009809] SRAT: PXM 0 -> APIC 0x20 -> Node 0
[    0.009810] SRAT: PXM 1 -> APIC 0x60 -> Node 1
[    0.009811] SRAT: PXM 0 -> APIC 0x28 -> Node 0
[    0.009812] SRAT: PXM 1 -> APIC 0x68 -> Node 1
[    0.009813] SRAT: PXM 0 -> APIC 0x22 -> Node 0
[    0.009814] SRAT: PXM 1 -> APIC 0x62 -> Node 1
[    0.009815] SRAT: PXM 0 -> APIC 0x26 -> Node 0
[    0.009816] SRAT: PXM 1 -> APIC 0x66 -> Node 1
[    0.009817] SRAT: PXM 0 -> APIC 0x24 -> Node 0
[    0.009818] SRAT: PXM 1 -> APIC 0x64 -> Node 1
[    0.009819] SRAT: PXM 0 -> APIC 0x38 -> Node 0
[    0.009820] SRAT: PXM 1 -> APIC 0x78 -> Node 1
[    0.009821] SRAT: PXM 0 -> APIC 0x30 -> Node 0
[    0.009822] SRAT: PXM 1 -> APIC 0x70 -> Node 1
[    0.009823] SRAT: PXM 0 -> APIC 0x36 -> Node 0
[    0.009824] SRAT: PXM 1 -> APIC 0x76 -> Node 1
[    0.009825] SRAT: PXM 0 -> APIC 0x32 -> Node 0
[    0.009826] SRAT: PXM 1 -> APIC 0x72 -> Node 1
[    0.009827] SRAT: PXM 0 -> APIC 0x34 -> Node 0
[    0.009828] SRAT: PXM 1 -> APIC 0x74 -> Node 1
[    0.009843] ACPI: SRAT: Node 0 PXM 0 [mem 0x00000000-0x7fffffff]
[    0.009845] ACPI: SRAT: Node 0 PXM 0 [mem 0x100000000-0x407fffffff]
[    0.009847] ACPI: SRAT: Node 1 PXM 1 [mem 0x4080000000-0x807fffffff]
[    0.009855] NUMA: Initialized distance table, cnt=2
[    0.009857] NUMA: Node 0 [mem 0x00000000-0x7fffffff] + [mem 0x100000000-0x407fffffff] -> [mem 0x00000000-0x407fffffff]
[    0.009869] NODE_DATA(0) allocated [mem 0xffffd6000-0xfffffffff]
[    0.009895] NODE_DATA(1) allocated [mem 0x807ffd5000-0x807fffefff]
[    0.010244] Zone ranges:
[    0.010244]   DMA      [mem 0x0000000000001000-0x0000000000ffffff]
[    0.010247]   DMA32    [mem 0x0000000001000000-0x00000000ffffffff]
[    0.010249]   Normal   [mem 0x0000000100000000-0x000000807fffffff]
[    0.010251]   Device   empty
[    0.010252] Movable zone start for each node
[    0.010255] Early memory node ranges
[    0.010256]   node   0: [mem 0x0000000000001000-0x000000000009ffff]
[    0.010258]   node   0: [mem 0x0000000000100000-0x00000000682fefff]
[    0.010259]   node   0: [mem 0x000000006ffff000-0x000000006fffffff]
[    0.010260]   node   0: [mem 0x0000000100000000-0x0000000fffffffff]
[    0.010265]   node   1: [mem 0x0000008000000000-0x000000807fffffff]
[    0.012001] Zeroed struct page in unavailable ranges: 32097 pages
[    0.012003] Initmem setup node 0 [mem 0x0000000000001000-0x0000000fffffffff]
[    0.012005] On node 0 totalpages: 16155295
[    0.012007]   DMA zone: 64 pages used for memmap
[    0.012008]   DMA zone: 1094 pages reserved
[    0.012009]   DMA zone: 3999 pages, LIFO batch:0
[    0.012050]   DMA32 zone: 6604 pages used for memmap
[    0.012051]   DMA32 zone: 422656 pages, LIFO batch:63
[    0.016048]   Normal zone: 245760 pages used for memmap
[    0.016049]   Normal zone: 15728640 pages, LIFO batch:63
[    0.158957] Initmem setup node 1 [mem 0x0000008000000000-0x000000807fffffff]
[    0.158959] On node 1 totalpages: 524288
[    0.158960]   Normal zone: 8192 pages used for memmap
[    0.158961]   Normal zone: 524288 pages, LIFO batch:63
[    0.165118] ACPI: PM-Timer IO Port: 0x508
[    0.165121] ACPI: Local APIC address 0xfee00000
[    0.165143] ACPI: X2APIC_NMI (uid[0xffffffff] high level lint[0x1])
[    0.165148] ACPI: LAPIC_NMI (acpi_id[0xff] high level lint[0x1])
[    0.165168] IOAPIC[0]: apic_id 8, version 32, address 0xfec00000, GSI 0-23
[    0.165173] IOAPIC[1]: apic_id 9, version 32, address 0xfec01000, GSI 24-31
[    0.165178] IOAPIC[2]: apic_id 10, version 32, address 0xfec08000, GSI 32-39
[    0.165182] IOAPIC[3]: apic_id 11, version 32, address 0xfec10000, GSI 40-47
[    0.165187] IOAPIC[4]: apic_id 12, version 32, address 0xfec18000, GSI 48-55
[    0.165192] IOAPIC[5]: apic_id 15, version 32, address 0xfec20000, GSI 72-79
[    0.165197] IOAPIC[6]: apic_id 16, version 32, address 0xfec28000, GSI 80-87
[    0.165202] IOAPIC[7]: apic_id 17, version 32, address 0xfec30000, GSI 88-95
[    0.165207] IOAPIC[8]: apic_id 18, version 32, address 0xfec38000, GSI 96-103
[    0.165213] ACPI: INT_SRC_OVR (bus 0 bus_irq 0 global_irq 2 dfl dfl)
[    0.165215] ACPI: INT_SRC_OVR (bus 0 bus_irq 9 global_irq 9 high level)
[    0.165219] ACPI: IRQ0 used by override.
[    0.165221] ACPI: IRQ9 used by override.
[    0.165226] Using ACPI (MADT) for SMP configuration information
[    0.165227] ACPI: HPET id: 0x8086a701 base: 0xfed00000
[    0.165231] TSC deadline timer available
[    0.165232] smpboot: Allowing 40 CPUs, 0 hotplug CPUs
[    0.165250] PM: hibernation: Registered nosave memory: [mem 0x00000000-0x00000fff]
[    0.165253] PM: hibernation: Registered nosave memory: [mem 0x000a0000-0x000fffff]
[    0.165255] PM: hibernation: Registered nosave memory: [mem 0x4bb02000-0x4bb02fff]
[    0.165257] PM: hibernation: Registered nosave memory: [mem 0x4bb08000-0x4bb08fff]
[    0.165258] PM: hibernation: Registered nosave memory: [mem 0x4bb09000-0x4bb09fff]
[    0.165260] PM: hibernation: Registered nosave memory: [mem 0x4bb13000-0x4bb13fff]
[    0.165261] PM: hibernation: Registered nosave memory: [mem 0x4bb14000-0x4bb14fff]
[    0.165263] PM: hibernation: Registered nosave memory: [mem 0x4bb70000-0x4bb70fff]
[    0.165264] PM: hibernation: Registered nosave memory: [mem 0x4bb71000-0x4bb71fff]
[    0.165266] PM: hibernation: Registered nosave memory: [mem 0x4bbcd000-0x4bbcdfff]
[    0.165267] PM: hibernation: Registered nosave memory: [mem 0x4bbce000-0x4bbcefff]
[    0.165269] PM: hibernation: Registered nosave memory: [mem 0x4bc2d000-0x4bc2dfff]
[    0.165270] PM: hibernation: Registered nosave memory: [mem 0x4bc2e000-0x4bc2efff]
[    0.165272] PM: hibernation: Registered nosave memory: [mem 0x4bc8d000-0x4bc8dfff]
[    0.165273] PM: hibernation: Registered nosave memory: [mem 0x4bc8e000-0x4bc8efff]
[    0.165275] PM: hibernation: Registered nosave memory: [mem 0x4bca6000-0x4bca6fff]
[    0.165276] PM: hibernation: Registered nosave memory: [mem 0x4bca7000-0x4bca7fff]
[    0.165278] PM: hibernation: Registered nosave memory: [mem 0x4bcaf000-0x4bcaffff]
[    0.165280] PM: hibernation: Registered nosave memory: [mem 0x682ff000-0x6ebfefff]
[    0.165281] PM: hibernation: Registered nosave memory: [mem 0x6ebff000-0x6f9fefff]
[    0.165282] PM: hibernation: Registered nosave memory: [mem 0x6f9ff000-0x6fffefff]
[    0.165284] PM: hibernation: Registered nosave memory: [mem 0x70000000-0x8fffffff]
[    0.165285] PM: hibernation: Registered nosave memory: [mem 0x90000000-0xfdffffff]
[    0.165286] PM: hibernation: Registered nosave memory: [mem 0xfe000000-0xfe010fff]
[    0.165287] PM: hibernation: Registered nosave memory: [mem 0xfe011000-0xffffffff]
[    0.165289] PM: hibernation: Registered nosave memory: [mem 0x1000000000-0x7fffffffff]
[    0.165291] [mem 0x90000000-0xfdffffff] available for PCI devices
[    0.165293] Booting paravirtualized kernel on bare hardware
[    0.165295] clocksource: refined-jiffies: mask: 0xffffffff max_cycles: 0xffffffff, max_idle_ns: 7645519600211568 ns
[    0.165303] setup_percpu: NR_CPUS:8192 nr_cpumask_bits:40 nr_cpu_ids:40 nr_node_ids:2
[    0.168173] percpu: Embedded 56 pages/cpu s192512 r8192 d28672 u262144
[    0.168183] pcpu-alloc: s192512 r8192 d28672 u262144 alloc=1*2097152
[    0.168186] pcpu-alloc: [0] 00 02 04 06 08 10 12 14 [0] 16 18 20 22 24 26 28 30 
[    0.168198] pcpu-alloc: [0] 32 34 36 38 -- -- -- -- [1] 01 03 05 07 09 11 13 15 
[    0.168210] pcpu-alloc: [1] 17 19 21 23 25 27 29 31 [1] 33 35 37 39 -- -- -- -- 
[    0.168258] Built 2 zonelists, mobility grouping on.  Total pages: 16417869
[    0.168259] Policy zone: Normal
[    0.168261] Kernel command line: BOOT_IMAGE=/boot/vmlinuz-5.11.0.vanilla-f2fs root=UUID=0fe244cb-556c-49fd-bc46-148ab2afc428 ro memmap=448G$64G intremap=off isolcpus=37,39 quiet splash vt.handoff=7
[    0.168802] mem auto-init: stack:off, heap alloc:on, heap free:off
[    0.340983] Memory: 65365308K/66718332K available (16393K kernel code, 17748K rwdata, 10284K rodata, 2804K init, 10024K bss, 1352764K reserved, 0K cma-reserved)
[    0.340989] random: get_random_u64 called from __kmem_cache_create+0x31/0x460 with crng_init=1
[    0.341449] SLUB: HWalign=64, Order=0-3, MinObjects=0, CPUs=40, Nodes=2
[    0.341471] ftrace: allocating 48076 entries in 188 pages
[    0.359479] ftrace: allocated 188 pages with 5 groups
[    0.360180] rcu: Hierarchical RCU implementation.
[    0.360181] rcu: 	RCU restricting CPUs from NR_CPUS=8192 to nr_cpu_ids=40.
[    0.360183] 	Rude variant of Tasks RCU enabled.
[    0.360184] 	Tracing variant of Tasks RCU enabled.
[    0.360185] rcu: RCU calculated value of scheduler-enlistment delay is 25 jiffies.
[    0.360186] rcu: Adjusting geometry for rcu_fanout_leaf=16, nr_cpu_ids=40
[    0.364170] NR_IRQS: 524544, nr_irqs: 2104, preallocated irqs: 16
[    0.364497] random: crng done (trusting CPU's manufacturer)
[    0.364587] Console: colour dummy device 80x25
[    0.364626] printk: console [tty0] enabled
[    0.364720] mempolicy: Enabling automatic NUMA balancing. Configure with numa_balancing= or the kernel.numa_balancing sysctl
[    0.364724] ACPI: Core revision 20201113
[    0.367795] clocksource: hpet: mask: 0xffffffff max_cycles: 0xffffffff, max_idle_ns: 79635855245 ns
[    0.367840] APIC: Switch to symmetric I/O mode setup
[    0.368052] x2apic: IRQ remapping doesn't support X2APIC mode
[    0.368159] Switched APIC routing to physical flat.
[    0.369087] ..TIMER: vector=0x30 apic1=0 pin1=2 apic2=-1 pin2=-1
[    0.387777] clocksource: tsc-early: mask: 0xffffffffffffffff max_cycles: 0x1e4530a99b6, max_idle_ns: 440795257976 ns
[    0.387782] Calibrating delay loop (skipped), value calculated using timer frequency.. 4200.00 BogoMIPS (lpj=8400000)
[    0.387785] pid_max: default: 40960 minimum: 320
[    0.391479] LSM: Security Framework initializing
[    0.391494] Yama: becoming mindful.
[    0.391529] AppArmor: AppArmor initialized
[    0.403069] Dentry cache hash table entries: 8388608 (order: 14, 67108864 bytes, vmalloc)
[    0.408793] Inode-cache hash table entries: 4194304 (order: 13, 33554432 bytes, vmalloc)
[    0.409021] Mount-cache hash table entries: 131072 (order: 8, 1048576 bytes, vmalloc)
[    0.409205] Mountpoint-cache hash table entries: 131072 (order: 8, 1048576 bytes, vmalloc)
[    0.409792] mce: CPU0: Thermal monitoring enabled (TM1)
[    0.409822] process: using mwait in idle threads
[    0.409824] Last level iTLB entries: 4KB 128, 2MB 8, 4MB 8
[    0.409826] Last level dTLB entries: 4KB 64, 2MB 0, 4MB 0, 1GB 4
[    0.409831] Spectre V1 : Mitigation: usercopy/swapgs barriers and __user pointer sanitization
[    0.409832] Spectre V2 : Mitigation: Enhanced IBRS
[    0.409833] Spectre V2 : Spectre v2 / SpectreRSB mitigation: Filling RSB on context switch
[    0.409835] Spectre V2 : mitigation: Enabling conditional Indirect Branch Prediction Barrier
[    0.409837] Speculative Store Bypass: Mitigation: Speculative Store Bypass disabled via prctl and seccomp
[    0.409838] TAA: Mitigation: TSX disabled
[    0.410101] Freeing SMP alternatives memory: 40K
[    0.415897] smpboot: Estimated ratio of average max frequency by base frequency (times 1024): 1804
[    0.415909] smpboot: CPU0: Intel(R) Xeon(R) Gold 6230 CPU @ 2.10GHz (family: 0x6, model: 0x55, stepping: 0x7)
[    0.416130] Performance Events: PEBS fmt3+, Skylake events, 32-deep LBR, full-width counters, Intel PMU driver.
[    0.416151] ... version:                4
[    0.416152] ... bit width:              48
[    0.416152] ... generic registers:      8
[    0.416153] ... value mask:             0000ffffffffffff
[    0.416154] ... max period:             00007fffffffffff
[    0.416155] ... fixed-purpose events:   3
[    0.416156] ... event mask:             00000007000000ff
[    0.416273] rcu: Hierarchical SRCU implementation.
[    0.419474] NMI watchdog: Enabled. Permanently consumes one hw-PMU counter.
[    0.420005] smp: Bringing up secondary CPUs ...
[    0.420180] x86: Booting SMP configuration:
[    0.420181] .... node  #1, CPUs:        #1
[    0.003326] smpboot: CPU 1 Converting physical 0 to logical die 1

[    0.511925] .... node  #0, CPUs:    #2
[    0.519009] .... node  #1, CPUs:    #3
[    0.527157] .... node  #0, CPUs:    #4
[    0.534121] .... node  #1, CPUs:    #5
[    0.542188] .... node  #0, CPUs:    #6
[    0.549194] .... node  #1, CPUs:    #7
[    0.557018] .... node  #0, CPUs:    #8
[    0.563982] .... node  #1, CPUs:    #9
[    0.571930] .... node  #0, CPUs:   #10
[    0.578931] .... node  #1, CPUs:   #11
[    0.587054] .... node  #0, CPUs:   #12
[    0.594252] .... node  #1, CPUs:   #13
[    0.602329] .... node  #0, CPUs:   #14
[    0.609293] .... node  #1, CPUs:   #15
[    0.617279] .... node  #0, CPUs:   #16
[    0.624485] .... node  #1, CPUs:   #17
[    0.632377] .... node  #0, CPUs:   #18
[    0.639249] .... node  #1, CPUs:   #19
[    0.647156] .... node  #0, CPUs:   #20
[    0.654258] .... node  #1, CPUs:   #21
[    0.662413] .... node  #0, CPUs:   #22
[    0.669577] .... node  #1, CPUs:   #23
[    0.677745] .... node  #0, CPUs:   #24
[    0.684758] .... node  #1, CPUs:   #25
[    0.692685] .... node  #0, CPUs:   #26
[    0.699986] .... node  #1, CPUs:   #27
[    0.707924] .... node  #0, CPUs:   #28
[    0.714708] .... node  #1, CPUs:   #29
[    0.722807] .... node  #0, CPUs:   #30
[    0.730004] .... node  #1, CPUs:   #31
[    0.738228] .... node  #0, CPUs:   #32
[    0.745308] .... node  #1, CPUs:   #33
[    0.753390] .... node  #0, CPUs:   #34
[    0.760486] .... node  #1, CPUs:   #35
[    0.768617] .... node  #0, CPUs:   #36
[    0.775833] .... node  #1, CPUs:   #37
[    0.783409] .... node  #0, CPUs:   #38
[    0.790350] .... node  #1, CPUs:   #39
[    0.798241] smp: Brought up 2 nodes, 40 CPUs
[    0.798241] smpboot: Max logical packages: 2
[    0.798241] smpboot: Total of 40 processors activated (168030.80 BogoMIPS)
[    0.803543] devtmpfs: initialized
[    0.803543] x86/mm: Memory block size: 2048MB
[    0.804121] PM: Registering ACPI NVS region [mem 0x6ebff000-0x6f9fefff] (14680064 bytes)
[    0.804121] clocksource: jiffies: mask: 0xffffffff max_cycles: 0xffffffff, max_idle_ns: 7645041785100000 ns
[    0.804430] futex hash table entries: 16384 (order: 8, 1048576 bytes, vmalloc)
[    0.804613] pinctrl core: initialized pinctrl subsystem
[    0.804748] PM: RTC time: 06:22:18, date: 2024-12-26
[    0.804954] NET: Registered protocol family 16
[    0.805865] DMA: preallocated 4096 KiB GFP_KERNEL pool for atomic allocations
[    0.806678] DMA: preallocated 4096 KiB GFP_KERNEL|GFP_DMA pool for atomic allocations
[    0.807908] DMA: preallocated 4096 KiB GFP_KERNEL|GFP_DMA32 pool for atomic allocations
[    0.807914] audit: initializing netlink subsys (disabled)
[    0.807920] audit: type=2000 audit(1735194138.444:1): state=initialized audit_enabled=0 res=1
[    0.807933] thermal_sys: Registered thermal governor 'fair_share'
[    0.807935] thermal_sys: Registered thermal governor 'bang_bang'
[    0.807936] thermal_sys: Registered thermal governor 'step_wise'
[    0.807937] thermal_sys: Registered thermal governor 'user_space'
[    0.807938] thermal_sys: Registered thermal governor 'power_allocator'
[    0.807943] EISA bus registered
[    0.807959] cpuidle: using governor ladder
[    0.807959] cpuidle: using governor menu
[    0.807959] Detected 1 PCC Subspaces
[    0.807959] Registering PCC driver as Mailbox controller
[    0.807959] ACPI FADT declares the system doesn't support PCIe ASPM, so disable it
[    0.807959] ACPI: bus type PCI registered
[    0.807959] acpiphp: ACPI Hot Plug PCI Controller Driver version: 0.5
[    0.807959] PCI: MMCONFIG for domain 0000 [bus 00-ff] at [mem 0x80000000-0x8fffffff] (base 0x80000000)
[    0.807959] PCI: MMCONFIG at [mem 0x80000000-0x8fffffff] reserved in E820
[    0.807959] pmd_set_huge: Cannot satisfy [mem 0x80000000-0x80200000] with a huge-page mapping due to MTRR override.
[    0.808255] PCI: Using configuration type 1 for base access
[    0.808265] PCI: Dell System detected, enabling pci=bfsort.
[    0.809335] ENERGY_PERF_BIAS: Set to 'normal', was 'performance'
[    0.812052] HugeTLB registered 1.00 GiB page size, pre-allocated 0 pages
[    0.812052] HugeTLB registered 2.00 MiB page size, pre-allocated 0 pages
[    0.812052] fbcon: Taking over console
[    0.812052] ACPI: Added _OSI(Module Device)
[    0.812052] ACPI: Added _OSI(Processor Device)
[    0.812052] ACPI: Added _OSI(3.0 _SCP Extensions)
[    0.812052] ACPI: Added _OSI(Processor Aggregator Device)
[    0.812052] ACPI: Added _OSI(Linux-Dell-Video)
[    0.812052] ACPI: Added _OSI(Linux-Lenovo-NV-HDMI-Audio)
[    0.812052] ACPI: Added _OSI(Linux-HPI-Hybrid-Graphics)
[    0.917319] ACPI: 5 ACPI AML tables successfully acquired and loaded
[    0.926168] ACPI: [Firmware Bug]: BIOS _OSI(Linux) query ignored
[    0.933220] ACPI: Dynamic OEM Table Load:
[    1.124331] ACPI: Interpreter enabled
[    1.124352] ACPI: (supports S0 S5)
[    1.124353] ACPI: Using IOAPIC for interrupt routing
[    1.124472] HEST: Table parsing has been initialized.
[    1.124474] PCI: Using host bridge windows from ACPI; if necessary, use "pci=nocrs" and report a bug
[    1.140616] ACPI: Enabled 5 GPEs in block 00 to 7F
[    1.217159] ACPI: PCI Root Bridge [PC00] (domain 0000 [bus 00-16])
[    1.217166] acpi PNP0A08:00: _OSC: OS supports [ExtendedConfig ASPM ClockPM Segments MSI EDR HPX-Type3]
[    1.217285] acpi PNP0A08:00: _OSC: platform does not support [SHPCHotplug AER LTR DPC]
[    1.217393] acpi PNP0A08:00: _OSC: OS now controls [PCIeHotplug PME PCIeCapability]
[    1.217395] acpi PNP0A08:00: FADT indicates ASPM is unsupported, using BIOS configuration
[    1.219307] PCI host bridge to bus 0000:00
[    1.219309] pci_bus 0000:00: root bus resource [io  0x0000-0x0cf7 window]
[    1.219311] pci_bus 0000:00: root bus resource [io  0x1000-0x3fff window]
[    1.219313] pci_bus 0000:00: root bus resource [mem 0x000a0000-0x000bffff window]
[    1.219314] pci_bus 0000:00: root bus resource [mem 0x000c4000-0x000c7fff window]
[    1.219316] pci_bus 0000:00: root bus resource [mem 0xfe010000-0xfe010fff window]
[    1.219317] pci_bus 0000:00: root bus resource [mem 0x90000000-0x9d7fffff window]
[    1.219319] pci_bus 0000:00: root bus resource [mem 0x380000000000-0x383fffffffff window]
[    1.219320] pci_bus 0000:00: root bus resource [bus 00-16]
[    1.219336] pci 0000:00:00.0: [8086:2020] type 00 class 0x060000
[    1.220184] pci 0000:00:05.0: [8086:2024] type 00 class 0x088000
[    1.221003] pci 0000:00:05.2: [8086:2025] type 00 class 0x088000
[    1.221806] pci 0000:00:05.4: [8086:2026] type 00 class 0x080020
[    1.221823] pci 0000:00:05.4: reg 0x10: [mem 0x92f20000-0x92f20fff]
[    1.222638] pci 0000:00:08.0: [8086:2014] type 00 class 0x088000
[    1.223434] pci 0000:00:08.1: [8086:2015] type 00 class 0x110100
[    1.224211] pci 0000:00:08.2: [8086:2016] type 00 class 0x088000
[    1.225020] pci 0000:00:11.0: [8086:a1ec] type 00 class 0xff0000
[    1.225023] pci 0000:00:11.0: device has non-compliant BARs; disabling IO/MEM decoding
[    1.225829] pci 0000:00:11.5: [8086:a1d2] type 00 class 0x010601
[    1.225851] pci 0000:00:11.5: reg 0x10: [mem 0x92f16000-0x92f17fff]
[    1.225865] pci 0000:00:11.5: reg 0x14: [mem 0x92f1f000-0x92f1f0ff]
[    1.225878] pci 0000:00:11.5: reg 0x18: [io  0x2068-0x206f]
[    1.225892] pci 0000:00:11.5: reg 0x1c: [io  0x2074-0x2077]
[    1.225905] pci 0000:00:11.5: reg 0x20: [io  0x2040-0x205f]
[    1.225919] pci 0000:00:11.5: reg 0x24: [mem 0x92e80000-0x92efffff]
[    1.225960] pci 0000:00:11.5: PME# supported from D3hot
[    1.226798] pci 0000:00:14.0: [8086:a1af] type 00 class 0x0c0330
[    1.226827] pci 0000:00:14.0: reg 0x10: [mem 0x92f00000-0x92f0ffff 64bit]
[    1.226919] pci 0000:00:14.0: PME# supported from D3hot D3cold
[    1.227758] pci 0000:00:14.2: [8086:a1b1] type 00 class 0x118000
[    1.227787] pci 0000:00:14.2: reg 0x10: [mem 0x92f1c000-0x92f1cfff 64bit]
[    1.228647] pci 0000:00:16.0: [8086:a1ba] type 00 class 0x078000
[    1.228682] pci 0000:00:16.0: reg 0x10: [mem 0x92f1b000-0x92f1bfff 64bit]
[    1.228793] pci 0000:00:16.0: PME# supported from D3hot
[    1.229565] pci 0000:00:16.1: [8086:a1bb] type 00 class 0x078000
[    1.229600] pci 0000:00:16.1: reg 0x10: [mem 0x92f1a000-0x92f1afff 64bit]
[    1.229711] pci 0000:00:16.1: PME# supported from D3hot
[    1.230491] pci 0000:00:16.4: [8086:a1be] type 00 class 0x078000
[    1.230526] pci 0000:00:16.4: reg 0x10: [mem 0x92f19000-0x92f19fff 64bit]
[    1.230636] pci 0000:00:16.4: PME# supported from D3hot
[    1.231406] pci 0000:00:17.0: [8086:a182] type 00 class 0x010601
[    1.231428] pci 0000:00:17.0: reg 0x10: [mem 0x92f14000-0x92f15fff]
[    1.231442] pci 0000:00:17.0: reg 0x14: [mem 0x92f1e000-0x92f1e0ff]
[    1.231455] pci 0000:00:17.0: reg 0x18: [io  0x2060-0x2067]
[    1.231469] pci 0000:00:17.0: reg 0x1c: [io  0x2070-0x2073]
[    1.231482] pci 0000:00:17.0: reg 0x20: [io  0x2020-0x203f]
[    1.231495] pci 0000:00:17.0: reg 0x24: [mem 0x92e00000-0x92e7ffff]
[    1.231537] pci 0000:00:17.0: PME# supported from D3hot
[    1.232368] pci 0000:00:1c.0: [8086:a190] type 01 class 0x060400
[    1.233165] pci 0000:00:1c.0: PME# supported from D0 D3hot D3cold
[    1.233403] pci 0000:00:1c.4: [8086:a194] type 01 class 0x060400
[    1.233491] pci 0000:00:1c.4: PME# supported from D0 D3hot D3cold
[    1.234447] pci 0000:00:1f.0: [8086:a1c1] type 00 class 0x060100
[    1.235413] pci 0000:00:1f.2: [8086:a1a1] type 00 class 0x058000
[    1.235437] pci 0000:00:1f.2: reg 0x10: [mem 0x92f10000-0x92f13fff]
[    1.236338] pci 0000:00:1f.4: [8086:a1a3] type 00 class 0x0c0500
[    1.236369] pci 0000:00:1f.4: reg 0x10: [mem 0x92f18000-0x92f180ff 64bit]
[    1.236409] pci 0000:00:1f.4: reg 0x20: [io  0x2000-0x201f]
[    1.237195] pci 0000:00:1f.5: [8086:a1a4] type 00 class 0x0c8000
[    1.237219] pci 0000:00:1f.5: reg 0x10: [mem 0xfe010000-0xfe010fff]
[    1.238110] pci 0000:00:1c.0: PCI bridge to [bus 01]
[    1.238115] pci 0000:00:1c.0:   bridge window [mem 0x92a00000-0x92dfffff]
[    1.238174] pci 0000:02:00.0: [1556:be00] type 01 class 0x060400
[    1.247794] pci 0000:00:1c.4: PCI bridge to [bus 02-03]
[    1.247799] pci 0000:00:1c.4:   bridge window [mem 0x92000000-0x928fffff]
[    1.247803] pci 0000:00:1c.4:   bridge window [mem 0x91000000-0x91ffffff 64bit pref]
[    1.247835] pci_bus 0000:03: extended config space not accessible
[    1.247855] pci 0000:03:00.0: [102b:0536] type 00 class 0x030000
[    1.247883] pci 0000:03:00.0: reg 0x10: [mem 0x91000000-0x91ffffff pref]
[    1.247900] pci 0000:03:00.0: reg 0x14: [mem 0x92808000-0x9280bfff]
[    1.247917] pci 0000:03:00.0: reg 0x18: [mem 0x92000000-0x927fffff]
[    1.247990] pci 0000:03:00.0: BAR 0: assigned to efifb
[    1.248084] pci 0000:02:00.0: PCI bridge to [bus 03]
[    1.248092] pci 0000:02:00.0:   bridge window [mem 0x92000000-0x928fffff]
[    1.248098] pci 0000:02:00.0:   bridge window [mem 0x91000000-0x91ffffff 64bit pref]
[    1.248127] pci_bus 0000:00: on NUMA node 0
[    1.248522] ACPI: PCI Interrupt Link [LNKA] (IRQs 3 4 5 6 10 *11 12 14 15)
[    1.248624] ACPI: PCI Interrupt Link [LNKB] (IRQs 3 4 5 *6 10 11 12 14 15)
[    1.248722] ACPI: PCI Interrupt Link [LNKC] (IRQs 3 4 *5 6 10 11 12 14 15)
[    1.248821] ACPI: PCI Interrupt Link [LNKD] (IRQs 3 4 5 6 10 *11 12 14 15)
[    1.248921] ACPI: PCI Interrupt Link [LNKE] (IRQs 3 4 5 6 10 *11 12 14 15)
[    1.249019] ACPI: PCI Interrupt Link [LNKF] (IRQs 3 4 5 *6 10 11 12 14 15)
[    1.249117] ACPI: PCI Interrupt Link [LNKG] (IRQs 3 4 *5 6 10 11 12 14 15)
[    1.249214] ACPI: PCI Interrupt Link [LNKH] (IRQs 3 4 5 6 10 *11 12 14 15)
[    1.249649] ACPI: PCI Root Bridge [PC01] (domain 0000 [bus 17-39])
[    1.249654] acpi PNP0A08:01: _OSC: OS supports [ExtendedConfig ASPM ClockPM Segments MSI EDR HPX-Type3]
[    1.249819] acpi PNP0A08:01: _OSC: platform does not support [SHPCHotplug AER LTR DPC]
[    1.249998] acpi PNP0A08:01: _OSC: OS now controls [PCIeHotplug PME PCIeCapability]
[    1.249999] acpi PNP0A08:01: FADT indicates ASPM is unsupported, using BIOS configuration
[    1.250229] PCI host bridge to bus 0000:17
[    1.250231] pci_bus 0000:17: root bus resource [io  0x4000-0x5fff window]
[    1.250233] pci_bus 0000:17: root bus resource [mem 0x9d800000-0xaaffffff window]
[    1.250234] pci_bus 0000:17: root bus resource [mem 0x384000000000-0x387fffffffff window]
[    1.250236] pci_bus 0000:17: root bus resource [bus 17-39]
[    1.250252] pci 0000:17:00.0: [8086:2030] type 01 class 0x060400
[    1.250326] pci 0000:17:00.0: PME# supported from D0 D3hot D3cold
[    1.250562] pci 0000:17:02.0: [8086:2032] type 01 class 0x060400
[    1.250607] pci 0000:17:02.0: enabling Extended Tags
[    1.250639] pci 0000:17:02.0: PME# supported from D0 D3hot D3cold
[    1.250745] pci 0000:17:03.0: [8086:2033] type 01 class 0x060400
[    1.250789] pci 0000:17:03.0: enabling Extended Tags
[    1.250821] pci 0000:17:03.0: PME# supported from D0 D3hot D3cold
[    1.250917] pci 0000:17:05.0: [8086:2034] type 00 class 0x088000
[    1.251036] pci 0000:17:05.2: [8086:2035] type 00 class 0x088000
[    1.251148] pci 0000:17:05.4: [8086:2036] type 00 class 0x080020
[    1.251165] pci 0000:17:05.4: reg 0x10: [mem 0x9e500000-0x9e500fff]
[    1.251292] pci 0000:17:08.0: [8086:208d] type 00 class 0x088000
[    1.251394] pci 0000:17:08.1: [8086:208d] type 00 class 0x088000
[    1.251481] pci 0000:17:08.2: [8086:208d] type 00 class 0x088000
[    1.251576] pci 0000:17:08.3: [8086:208d] type 00 class 0x088000
[    1.251665] pci 0000:17:08.4: [8086:208d] type 00 class 0x088000
[    1.251752] pci 0000:17:08.5: [8086:208d] type 00 class 0x088000
[    1.251840] pci 0000:17:08.6: [8086:208d] type 00 class 0x088000
[    1.251927] pci 0000:17:08.7: [8086:208d] type 00 class 0x088000
[    1.252014] pci 0000:17:09.0: [8086:208d] type 00 class 0x088000
[    1.252115] pci 0000:17:09.1: [8086:208d] type 00 class 0x088000
[    1.252202] pci 0000:17:09.2: [8086:208d] type 00 class 0x088000
[    1.252297] pci 0000:17:09.3: [8086:208d] type 00 class 0x088000
[    1.252384] pci 0000:17:09.4: [8086:208d] type 00 class 0x088000
[    1.252471] pci 0000:17:09.5: [8086:208d] type 00 class 0x088000
[    1.252559] pci 0000:17:09.6: [8086:208d] type 00 class 0x088000
[    1.252646] pci 0000:17:09.7: [8086:208d] type 00 class 0x088000
[    1.252735] pci 0000:17:0a.0: [8086:208d] type 00 class 0x088000
[    1.252835] pci 0000:17:0a.1: [8086:208d] type 00 class 0x088000
[    1.252925] pci 0000:17:0a.2: [8086:208d] type 00 class 0x088000
[    1.253020] pci 0000:17:0a.3: [8086:208d] type 00 class 0x088000
[    1.253107] pci 0000:17:0a.4: [8086:208d] type 00 class 0x088000
[    1.253194] pci 0000:17:0a.5: [8086:208d] type 00 class 0x088000
[    1.253281] pci 0000:17:0a.6: [8086:208d] type 00 class 0x088000
[    1.253369] pci 0000:17:0a.7: [8086:208d] type 00 class 0x088000
[    1.253462] pci 0000:17:0b.0: [8086:208d] type 00 class 0x088000
[    1.253571] pci 0000:17:0b.1: [8086:208d] type 00 class 0x088000
[    1.253661] pci 0000:17:0b.2: [8086:208d] type 00 class 0x088000
[    1.253760] pci 0000:17:0b.3: [8086:208d] type 00 class 0x088000
[    1.253852] pci 0000:17:0e.0: [8086:208e] type 00 class 0x088000
[    1.253953] pci 0000:17:0e.1: [8086:208e] type 00 class 0x088000
[    1.254041] pci 0000:17:0e.2: [8086:208e] type 00 class 0x088000
[    1.254129] pci 0000:17:0e.3: [8086:208e] type 00 class 0x088000
[    1.254216] pci 0000:17:0e.4: [8086:208e] type 00 class 0x088000
[    1.254304] pci 0000:17:0e.5: [8086:208e] type 00 class 0x088000
[    1.254393] pci 0000:17:0e.6: [8086:208e] type 00 class 0x088000
[    1.254492] pci 0000:17:0e.7: [8086:208e] type 00 class 0x088000
[    1.254582] pci 0000:17:0f.0: [8086:208e] type 00 class 0x088000
[    1.254683] pci 0000:17:0f.1: [8086:208e] type 00 class 0x088000
[    1.254771] pci 0000:17:0f.2: [8086:208e] type 00 class 0x088000
[    1.254859] pci 0000:17:0f.3: [8086:208e] type 00 class 0x088000
[    1.254947] pci 0000:17:0f.4: [8086:208e] type 00 class 0x088000
[    1.255041] pci 0000:17:0f.5: [8086:208e] type 00 class 0x088000
[    1.255132] pci 0000:17:0f.6: [8086:208e] type 00 class 0x088000
[    1.255230] pci 0000:17:0f.7: [8086:208e] type 00 class 0x088000
[    1.255319] pci 0000:17:10.0: [8086:208e] type 00 class 0x088000
[    1.255420] pci 0000:17:10.1: [8086:208e] type 00 class 0x088000
[    1.255512] pci 0000:17:10.2: [8086:208e] type 00 class 0x088000
[    1.255601] pci 0000:17:10.3: [8086:208e] type 00 class 0x088000
[    1.255689] pci 0000:17:10.4: [8086:208e] type 00 class 0x088000
[    1.255779] pci 0000:17:10.5: [8086:208e] type 00 class 0x088000
[    1.255866] pci 0000:17:10.6: [8086:208e] type 00 class 0x088000
[    1.255960] pci 0000:17:10.7: [8086:208e] type 00 class 0x088000
[    1.256047] pci 0000:17:11.0: [8086:208e] type 00 class 0x088000
[    1.256147] pci 0000:17:11.1: [8086:208e] type 00 class 0x088000
[    1.256235] pci 0000:17:11.2: [8086:208e] type 00 class 0x088000
[    1.256322] pci 0000:17:11.3: [8086:208e] type 00 class 0x088000
[    1.256421] pci 0000:17:1d.0: [8086:2054] type 00 class 0x088000
[    1.256522] pci 0000:17:1d.1: [8086:2055] type 00 class 0x088000
[    1.256611] pci 0000:17:1d.2: [8086:2056] type 00 class 0x088000
[    1.256706] pci 0000:17:1d.3: [8086:2057] type 00 class 0x088000
[    1.256798] pci 0000:17:1e.0: [8086:2080] type 00 class 0x088000
[    1.256898] pci 0000:17:1e.1: [8086:2081] type 00 class 0x088000
[    1.256988] pci 0000:17:1e.2: [8086:2082] type 00 class 0x088000
[    1.257108] pci 0000:17:1e.3: [8086:2083] type 00 class 0x088000
[    1.257198] pci 0000:17:1e.4: [8086:2084] type 00 class 0x088000
[    1.257287] pci 0000:17:1e.5: [8086:2085] type 00 class 0x088000
[    1.257377] pci 0000:17:1e.6: [8086:2086] type 00 class 0x088000
[    1.257513] pci 0000:18:00.0: [1000:005d] type 00 class 0x010400
[    1.257532] pci 0000:18:00.0: reg 0x10: [io  0x4000-0x40ff]
[    1.257549] pci 0000:18:00.0: reg 0x14: [mem 0x9e400000-0x9e40ffff 64bit]
[    1.257566] pci 0000:18:00.0: reg 0x1c: [mem 0x9e300000-0x9e3fffff 64bit]
[    1.257588] pci 0000:18:00.0: reg 0x30: [mem 0xfff00000-0xffffffff pref]
[    1.257626] pci 0000:18:00.0: supports D1 D2
[    1.257678] pci 0000:17:00.0: PCI bridge to [bus 18]
[    1.257680] pci 0000:17:00.0:   bridge window [io  0x4000-0x4fff]
[    1.257682] pci 0000:17:00.0:   bridge window [mem 0x9e300000-0x9e4fffff]
[    1.257827] pci 0000:19:00.0: [8086:1563] type 00 class 0x020000
[    1.257855] pci 0000:19:00.0: reg 0x10: [mem 0x9dc00000-0x9dffffff 64bit pref]
[    1.257898] pci 0000:19:00.0: reg 0x20: [mem 0x9e004000-0x9e007fff 64bit pref]
[    1.257911] pci 0000:19:00.0: reg 0x30: [mem 0xfff80000-0xffffffff pref]
[    1.257970] pci 0000:19:00.0: PME# supported from D0 D3hot D3cold
[    1.258201] pci 0000:19:00.1: [8086:1563] type 00 class 0x020000
[    1.258228] pci 0000:19:00.1: reg 0x10: [mem 0x9d800000-0x9dbfffff 64bit pref]
[    1.258272] pci 0000:19:00.1: reg 0x20: [mem 0x9e000000-0x9e003fff 64bit pref]
[    1.258285] pci 0000:19:00.1: reg 0x30: [mem 0xfff80000-0xffffffff pref]
[    1.258339] pci 0000:19:00.1: PME# supported from D0 D3hot D3cold
[    1.258532] pci 0000:17:02.0: PCI bridge to [bus 19]
[    1.258537] pci 0000:17:02.0:   bridge window [mem 0x9d800000-0x9e0fffff 64bit pref]
[    1.258599] pci 0000:1a:00.0: [8086:1521] type 00 class 0x020000
[    1.258621] pci 0000:1a:00.0: reg 0x10: [mem 0x9e180000-0x9e1fffff]
[    1.258658] pci 0000:1a:00.0: reg 0x1c: [mem 0x9e204000-0x9e207fff]
[    1.258695] pci 0000:1a:00.0: reg 0x30: [mem 0xfff80000-0xffffffff pref]
[    1.258752] pci 0000:1a:00.0: PME# supported from D0 D3hot D3cold
[    1.258937] pci 0000:1a:00.1: [8086:1521] type 00 class 0x020000
[    1.258959] pci 0000:1a:00.1: reg 0x10: [mem 0x9e100000-0x9e17ffff]
[    1.258996] pci 0000:1a:00.1: reg 0x1c: [mem 0x9e200000-0x9e203fff]
[    1.259034] pci 0000:1a:00.1: reg 0x30: [mem 0xfff80000-0xffffffff pref]
[    1.259088] pci 0000:1a:00.1: PME# supported from D0 D3hot D3cold
[    1.259254] pci 0000:17:03.0: PCI bridge to [bus 1a]
[    1.259258] pci 0000:17:03.0:   bridge window [mem 0x9e100000-0x9e2fffff]
[    1.259290] pci_bus 0000:17: on NUMA node 0
[    1.259455] ACPI: PCI Root Bridge [PC02] (domain 0000 [bus 3a-5c])
[    1.259459] acpi PNP0A08:02: _OSC: OS supports [ExtendedConfig ASPM ClockPM Segments MSI EDR HPX-Type3]
[    1.259613] acpi PNP0A08:02: _OSC: platform does not support [SHPCHotplug AER LTR DPC]
[    1.259768] acpi PNP0A08:02: _OSC: OS now controls [PCIeHotplug PME PCIeCapability]
[    1.259770] acpi PNP0A08:02: FADT indicates ASPM is unsupported, using BIOS configuration
[    1.259968] PCI host bridge to bus 0000:3a
[    1.259969] pci_bus 0000:3a: root bus resource [io  0x6000-0x7fff window]
[    1.259971] pci_bus 0000:3a: root bus resource [mem 0xab000000-0xb87fffff window]
[    1.259973] pci_bus 0000:3a: root bus resource [mem 0x388000000000-0x38bfffffffff window]
[    1.259975] pci_bus 0000:3a: root bus resource [bus 3a-5c]
[    1.259990] pci 0000:3a:00.0: [8086:2030] type 01 class 0x060400
[    1.260063] pci 0000:3a:00.0: PME# supported from D0 D3hot D3cold
[    1.260275] pci 0000:3a:05.0: [8086:2034] type 00 class 0x088000
[    1.260383] pci 0000:3a:05.2: [8086:2035] type 00 class 0x088000
[    1.260498] pci 0000:3a:05.4: [8086:2036] type 00 class 0x080020
[    1.260515] pci 0000:3a:05.4: reg 0x10: [mem 0xab100000-0xab100fff]
[    1.260634] pci 0000:3a:08.0: [8086:2066] type 00 class 0x088000
[    1.260749] pci 0000:3a:09.0: [8086:2066] type 00 class 0x088000
[    1.260856] pci 0000:3a:0a.0: [8086:2040] type 00 class 0x088000
[    1.260962] pci 0000:3a:0a.1: [8086:2041] type 00 class 0x088000
[    1.261054] pci 0000:3a:0a.2: [8086:2042] type 00 class 0x088000
[    1.261148] pci 0000:3a:0a.3: [8086:2043] type 00 class 0x088000
[    1.261240] pci 0000:3a:0a.4: [8086:2044] type 00 class 0x088000
[    1.261337] pci 0000:3a:0a.5: [8086:2045] type 00 class 0x088000
[    1.261430] pci 0000:3a:0a.6: [8086:2046] type 00 class 0x088000
[    1.261521] pci 0000:3a:0a.7: [8086:2047] type 00 class 0x088000
[    1.261613] pci 0000:3a:0b.0: [8086:2048] type 00 class 0x088000
[    1.261717] pci 0000:3a:0b.1: [8086:2049] type 00 class 0x088000
[    1.261809] pci 0000:3a:0b.2: [8086:204a] type 00 class 0x088000
[    1.261902] pci 0000:3a:0b.3: [8086:204b] type 00 class 0x088000
[    1.261996] pci 0000:3a:0c.0: [8086:2040] type 00 class 0x088000
[    1.262113] pci 0000:3a:0c.1: [8086:2041] type 00 class 0x088000
[    1.262209] pci 0000:3a:0c.2: [8086:2042] type 00 class 0x088000
[    1.262304] pci 0000:3a:0c.3: [8086:2043] type 00 class 0x088000
[    1.262397] pci 0000:3a:0c.4: [8086:2044] type 00 class 0x088000
[    1.262491] pci 0000:3a:0c.5: [8086:2045] type 00 class 0x088000
[    1.262584] pci 0000:3a:0c.6: [8086:2046] type 00 class 0x088000
[    1.262679] pci 0000:3a:0c.7: [8086:2047] type 00 class 0x088000
[    1.262775] pci 0000:3a:0d.0: [8086:2048] type 00 class 0x088000
[    1.262887] pci 0000:3a:0d.1: [8086:2049] type 00 class 0x088000
[    1.262981] pci 0000:3a:0d.2: [8086:204a] type 00 class 0x088000
[    1.263075] pci 0000:3a:0d.3: [8086:204b] type 00 class 0x088000
[    1.263217] pci 0000:3b:00.0: [8086:2700] type 00 class 0x010802
[    1.263241] pci 0000:3b:00.0: reg 0x10: [mem 0xab000000-0xab003fff 64bit]
[    1.263293] pci 0000:3b:00.0: reg 0x30: [mem 0xffff0000-0xffffffff pref]
[    1.263676] pci 0000:3a:00.0: PCI bridge to [bus 3b]
[    1.263680] pci 0000:3a:00.0:   bridge window [mem 0xab000000-0xab0fffff]
[    1.263694] pci_bus 0000:3a: on NUMA node 0
[    1.263818] ACPI: PCI Root Bridge [PC03] (domain 0000 [bus 5d-7f])
[    1.263822] acpi PNP0A08:03: _OSC: OS supports [ExtendedConfig ASPM ClockPM Segments MSI EDR HPX-Type3]
[    1.263976] acpi PNP0A08:03: _OSC: platform does not support [SHPCHotplug AER LTR DPC]
[    1.264132] acpi PNP0A08:03: _OSC: OS now controls [PCIeHotplug PME PCIeCapability]
[    1.264133] acpi PNP0A08:03: FADT indicates ASPM is unsupported, using BIOS configuration
[    1.264361] PCI host bridge to bus 0000:5d
[    1.264363] pci_bus 0000:5d: root bus resource [io  0x8000-0x9fff window]
[    1.264365] pci_bus 0000:5d: root bus resource [mem 0xb8800000-0xc5ffffff window]
[    1.264366] pci_bus 0000:5d: root bus resource [mem 0x38c000000000-0x38ffffffffff window]
[    1.264368] pci_bus 0000:5d: root bus resource [bus 5d-7f]
[    1.264379] pci 0000:5d:05.0: [8086:2034] type 00 class 0x088000
[    1.264490] pci 0000:5d:05.2: [8086:2035] type 00 class 0x088000
[    1.264596] pci 0000:5d:05.4: [8086:2036] type 00 class 0x080020
[    1.264613] pci 0000:5d:05.4: reg 0x10: [mem 0xb8800000-0xb8800fff]
[    1.264737] pci 0000:5d:0e.0: [8086:2058] type 00 class 0x110100
[    1.264854] pci 0000:5d:0e.1: [8086:2059] type 00 class 0x088000
[    1.264947] pci 0000:5d:0f.0: [8086:2058] type 00 class 0x110100
[    1.265064] pci 0000:5d:0f.1: [8086:2059] type 00 class 0x088000
[    1.265158] pci 0000:5d:10.0: [8086:2058] type 00 class 0x110100
[    1.265265] pci 0000:5d:10.1: [8086:2059] type 00 class 0x088000
[    1.265369] pci 0000:5d:12.0: [8086:204c] type 00 class 0x110100
[    1.265474] pci 0000:5d:12.1: [8086:204d] type 00 class 0x110100
[    1.265552] pci 0000:5d:12.2: [8086:204e] type 00 class 0x088000
[    1.265644] pci 0000:5d:12.4: [8086:204c] type 00 class 0x110100
[    1.265734] pci 0000:5d:12.5: [8086:204d] type 00 class 0x110100
[    1.265814] pci 0000:5d:15.0: [8086:2018] type 00 class 0x088000
[    1.265905] pci 0000:5d:15.1: [8086:2088] type 00 class 0x110100
[    1.265985] pci 0000:5d:16.0: [8086:2018] type 00 class 0x088000
[    1.266076] pci 0000:5d:16.1: [8086:2088] type 00 class 0x110100
[    1.266154] pci 0000:5d:16.4: [8086:2018] type 00 class 0x088000
[    1.266234] pci 0000:5d:16.5: [8086:2088] type 00 class 0x110100
[    1.266323] pci 0000:5d:17.0: [8086:2018] type 00 class 0x088000
[    1.266412] pci 0000:5d:17.1: [8086:2088] type 00 class 0x110100
[    1.266496] pci_bus 0000:5d: on NUMA node 0
[    1.266728] ACPI: PCI Root Bridge [PC06] (domain 0000 [bus 80-84])
[    1.266732] acpi PNP0A08:06: _OSC: OS supports [ExtendedConfig ASPM ClockPM Segments MSI EDR HPX-Type3]
[    1.266886] acpi PNP0A08:06: _OSC: platform does not support [SHPCHotplug AER LTR DPC]
[    1.267041] acpi PNP0A08:06: _OSC: OS now controls [PCIeHotplug PME PCIeCapability]
[    1.267042] acpi PNP0A08:06: FADT indicates ASPM is unsupported, using BIOS configuration
[    1.267089] acpi PNP0A08:06: host bridge window [io  0x0000 window] (ignored, not CPU addressable)
[    1.267205] PCI host bridge to bus 0000:80
[    1.267206] pci_bus 0000:80: root bus resource [mem 0xc6000000-0xd37fffff window]
[    1.267208] pci_bus 0000:80: root bus resource [mem 0x390000000000-0x393fffffffff window]
[    1.267209] pci_bus 0000:80: root bus resource [bus 80-84]
[    1.267234] pci 0000:80:05.0: [8086:2024] type 00 class 0x088000
[    1.267362] pci 0000:80:05.2: [8086:2025] type 00 class 0x088000
[    1.267474] pci 0000:80:05.4: [8086:2026] type 00 class 0x080020
[    1.267491] pci 0000:80:05.4: reg 0x10: [mem 0xc6000000-0xc6000fff]
[    1.267619] pci 0000:80:08.0: [8086:2014] type 00 class 0x088000
[    1.267727] pci 0000:80:08.1: [8086:2015] type 00 class 0x110100
[    1.267812] pci 0000:80:08.2: [8086:2016] type 00 class 0x088000
[    1.267925] pci_bus 0000:80: on NUMA node 1
[    1.268033] ACPI: PCI Root Bridge [PC07] (domain 0000 [bus 85-ad])
[    1.268037] acpi PNP0A08:07: _OSC: OS supports [ExtendedConfig ASPM ClockPM Segments MSI EDR HPX-Type3]
[    1.268189] acpi PNP0A08:07: _OSC: platform does not support [SHPCHotplug AER LTR DPC]
[    1.268344] acpi PNP0A08:07: _OSC: OS now controls [PCIeHotplug PME PCIeCapability]
[    1.268345] acpi PNP0A08:07: FADT indicates ASPM is unsupported, using BIOS configuration
[    1.268627] PCI host bridge to bus 0000:85
[    1.268628] pci_bus 0000:85: root bus resource [io  0xa000-0xbfff window]
[    1.268630] pci_bus 0000:85: root bus resource [mem 0xd3800000-0xe0ffffff window]
[    1.268632] pci_bus 0000:85: root bus resource [mem 0x394000000000-0x397fffffffff window]
[    1.268633] pci_bus 0000:85: root bus resource [bus 85-ad]
[    1.268650] pci 0000:85:00.0: [8086:2030] type 01 class 0x060400
[    1.268730] pci 0000:85:00.0: PME# supported from D0 D3hot D3cold
[    1.268978] pci 0000:85:05.0: [8086:2034] type 00 class 0x088000
[    1.269098] pci 0000:85:05.2: [8086:2035] type 00 class 0x088000
[    1.269216] pci 0000:85:05.4: [8086:2036] type 00 class 0x080020
[    1.269233] pci 0000:85:05.4: reg 0x10: [mem 0xd3900000-0xd3900fff]
[    1.269368] pci 0000:85:08.0: [8086:208d] type 00 class 0x088000
[    1.269471] pci 0000:85:08.1: [8086:208d] type 00 class 0x088000
[    1.269564] pci 0000:85:08.2: [8086:208d] type 00 class 0x088000
[    1.269656] pci 0000:85:08.3: [8086:208d] type 00 class 0x088000
[    1.269757] pci 0000:85:08.4: [8086:208d] type 00 class 0x088000
[    1.269847] pci 0000:85:08.5: [8086:208d] type 00 class 0x088000
[    1.269937] pci 0000:85:08.6: [8086:208d] type 00 class 0x088000
[    1.270028] pci 0000:85:08.7: [8086:208d] type 00 class 0x088000
[    1.270119] pci 0000:85:09.0: [8086:208d] type 00 class 0x088000
[    1.270224] pci 0000:85:09.1: [8086:208d] type 00 class 0x088000
[    1.270315] pci 0000:85:09.2: [8086:208d] type 00 class 0x088000
[    1.270408] pci 0000:85:09.3: [8086:208d] type 00 class 0x088000
[    1.270505] pci 0000:85:09.4: [8086:208d] type 00 class 0x088000
[    1.270595] pci 0000:85:09.5: [8086:208d] type 00 class 0x088000
[    1.270686] pci 0000:85:09.6: [8086:208d] type 00 class 0x088000
[    1.270782] pci 0000:85:09.7: [8086:208d] type 00 class 0x088000
[    1.270873] pci 0000:85:0a.0: [8086:208d] type 00 class 0x088000
[    1.270978] pci 0000:85:0a.1: [8086:208d] type 00 class 0x088000
[    1.271069] pci 0000:85:0a.2: [8086:208d] type 00 class 0x088000
[    1.271160] pci 0000:85:0a.3: [8086:208d] type 00 class 0x088000
[    1.271263] pci 0000:85:0a.4: [8086:208d] type 00 class 0x088000
[    1.271354] pci 0000:85:0a.5: [8086:208d] type 00 class 0x088000
[    1.271446] pci 0000:85:0a.6: [8086:208d] type 00 class 0x088000
[    1.271537] pci 0000:85:0a.7: [8086:208d] type 00 class 0x088000
[    1.271627] pci 0000:85:0b.0: [8086:208d] type 00 class 0x088000
[    1.271735] pci 0000:85:0b.1: [8086:208d] type 00 class 0x088000
[    1.271826] pci 0000:85:0b.2: [8086:208d] type 00 class 0x088000
[    1.271917] pci 0000:85:0b.3: [8086:208d] type 00 class 0x088000
[    1.272024] pci 0000:85:0e.0: [8086:208e] type 00 class 0x088000
[    1.272129] pci 0000:85:0e.1: [8086:208e] type 00 class 0x088000
[    1.272220] pci 0000:85:0e.2: [8086:208e] type 00 class 0x088000
[    1.272309] pci 0000:85:0e.3: [8086:208e] type 00 class 0x088000
[    1.272400] pci 0000:85:0e.4: [8086:208e] type 00 class 0x088000
[    1.272490] pci 0000:85:0e.5: [8086:208e] type 00 class 0x088000
[    1.272579] pci 0000:85:0e.6: [8086:208e] type 00 class 0x088000
[    1.272669] pci 0000:85:0e.7: [8086:208e] type 00 class 0x088000
[    1.272765] pci 0000:85:0f.0: [8086:208e] type 00 class 0x088000
[    1.272868] pci 0000:85:0f.1: [8086:208e] type 00 class 0x088000
[    1.272958] pci 0000:85:0f.2: [8086:208e] type 00 class 0x088000
[    1.273048] pci 0000:85:0f.3: [8086:208e] type 00 class 0x088000
[    1.273139] pci 0000:85:0f.4: [8086:208e] type 00 class 0x088000
[    1.273229] pci 0000:85:0f.5: [8086:208e] type 00 class 0x088000
[    1.273319] pci 0000:85:0f.6: [8086:208e] type 00 class 0x088000
[    1.273409] pci 0000:85:0f.7: [8086:208e] type 00 class 0x088000
[    1.273507] pci 0000:85:10.0: [8086:208e] type 00 class 0x088000
[    1.273611] pci 0000:85:10.1: [8086:208e] type 00 class 0x088000
[    1.273702] pci 0000:85:10.2: [8086:208e] type 00 class 0x088000
[    1.273792] pci 0000:85:10.3: [8086:208e] type 00 class 0x088000
[    1.273885] pci 0000:85:10.4: [8086:208e] type 00 class 0x088000
[    1.273976] pci 0000:85:10.5: [8086:208e] type 00 class 0x088000
[    1.274067] pci 0000:85:10.6: [8086:208e] type 00 class 0x088000
[    1.274157] pci 0000:85:10.7: [8086:208e] type 00 class 0x088000
[    1.274259] pci 0000:85:11.0: [8086:208e] type 00 class 0x088000
[    1.274367] pci 0000:85:11.1: [8086:208e] type 00 class 0x088000
[    1.274458] pci 0000:85:11.2: [8086:208e] type 00 class 0x088000
[    1.274551] pci 0000:85:11.3: [8086:208e] type 00 class 0x088000
[    1.274654] pci 0000:85:1d.0: [8086:2054] type 00 class 0x088000
[    1.274757] pci 0000:85:1d.1: [8086:2055] type 00 class 0x088000
[    1.274857] pci 0000:85:1d.2: [8086:2056] type 00 class 0x088000
[    1.274949] pci 0000:85:1d.3: [8086:2057] type 00 class 0x088000
[    1.275054] pci 0000:85:1e.0: [8086:2080] type 00 class 0x088000
[    1.275161] pci 0000:85:1e.1: [8086:2081] type 00 class 0x088000
[    1.275252] pci 0000:85:1e.2: [8086:2082] type 00 class 0x088000
[    1.275344] pci 0000:85:1e.3: [8086:2083] type 00 class 0x088000
[    1.275434] pci 0000:85:1e.4: [8086:2084] type 00 class 0x088000
[    1.275526] pci 0000:85:1e.5: [8086:2085] type 00 class 0x088000
[    1.275616] pci 0000:85:1e.6: [8086:2086] type 00 class 0x088000
[    1.275756] pci 0000:86:00.0: [144d:a80a] type 00 class 0x010802
[    1.275782] pci 0000:86:00.0: reg 0x10: [mem 0xd3800000-0xd3803fff 64bit]
[    1.275844] pci 0000:86:00.0: reg 0x30: [mem 0xffff0000-0xffffffff pref]
[    1.276232] pci 0000:86:00.0: 31.504 Gb/s available PCIe bandwidth, limited by 8.0 GT/s PCIe x4 link at 0000:85:00.0 (capable of 63.012 Gb/s with 16.0 GT/s PCIe x4 link)
[    1.276324] pci 0000:85:00.0: PCI bridge to [bus 86]
[    1.276327] pci 0000:85:00.0:   bridge window [mem 0xd3800000-0xd38fffff]
[    1.276343] pci_bus 0000:85: on NUMA node 1
[    1.276487] ACPI: PCI Root Bridge [PC08] (domain 0000 [bus ae-d6])
[    1.276491] acpi PNP0A08:08: _OSC: OS supports [ExtendedConfig ASPM ClockPM Segments MSI EDR HPX-Type3]
[    1.276645] acpi PNP0A08:08: _OSC: platform does not support [SHPCHotplug AER LTR DPC]
[    1.276801] acpi PNP0A08:08: _OSC: OS now controls [PCIeHotplug PME PCIeCapability]
[    1.276802] acpi PNP0A08:08: FADT indicates ASPM is unsupported, using BIOS configuration
[    1.277003] PCI host bridge to bus 0000:ae
[    1.277005] pci_bus 0000:ae: root bus resource [io  0xc000-0xdfff window]
[    1.277006] pci_bus 0000:ae: root bus resource [mem 0xe1000000-0xee7fffff window]
[    1.277008] pci_bus 0000:ae: root bus resource [mem 0x398000000000-0x39bfffffffff window]
[    1.277010] pci_bus 0000:ae: root bus resource [bus ae-d6]
[    1.277027] pci 0000:ae:00.0: [8086:2030] type 01 class 0x060400
[    1.277074] pci 0000:ae:00.0: enabling Extended Tags
[    1.277110] pci 0000:ae:00.0: PME# supported from D0 D3hot D3cold
[    1.277349] pci 0000:ae:05.0: [8086:2034] type 00 class 0x088000
[    1.277460] pci 0000:ae:05.2: [8086:2035] type 00 class 0x088000
[    1.277568] pci 0000:ae:05.4: [8086:2036] type 00 class 0x080020
[    1.277585] pci 0000:ae:05.4: reg 0x10: [mem 0xe1100000-0xe1100fff]
[    1.277710] pci 0000:ae:08.0: [8086:2066] type 00 class 0x088000
[    1.277828] pci 0000:ae:09.0: [8086:2066] type 00 class 0x088000
[    1.277945] pci 0000:ae:0a.0: [8086:2040] type 00 class 0x088000
[    1.278054] pci 0000:ae:0a.1: [8086:2041] type 00 class 0x088000
[    1.278158] pci 0000:ae:0a.2: [8086:2042] type 00 class 0x088000
[    1.278255] pci 0000:ae:0a.3: [8086:2043] type 00 class 0x088000
[    1.278353] pci 0000:ae:0a.4: [8086:2044] type 00 class 0x088000
[    1.278450] pci 0000:ae:0a.5: [8086:2045] type 00 class 0x088000
[    1.278546] pci 0000:ae:0a.6: [8086:2046] type 00 class 0x088000
[    1.278642] pci 0000:ae:0a.7: [8086:2047] type 00 class 0x088000
[    1.278740] pci 0000:ae:0b.0: [8086:2048] type 00 class 0x088000
[    1.278849] pci 0000:ae:0b.1: [8086:2049] type 00 class 0x088000
[    1.278953] pci 0000:ae:0b.2: [8086:204a] type 00 class 0x088000
[    1.279049] pci 0000:ae:0b.3: [8086:204b] type 00 class 0x088000
[    1.279149] pci 0000:ae:0c.0: [8086:2040] type 00 class 0x088000
[    1.279259] pci 0000:ae:0c.1: [8086:2041] type 00 class 0x088000
[    1.279359] pci 0000:ae:0c.2: [8086:2042] type 00 class 0x088000
[    1.279457] pci 0000:ae:0c.3: [8086:2043] type 00 class 0x088000
[    1.279556] pci 0000:ae:0c.4: [8086:2044] type 00 class 0x088000
[    1.279655] pci 0000:ae:0c.5: [8086:2045] type 00 class 0x088000
[    1.279760] pci 0000:ae:0c.6: [8086:2046] type 00 class 0x088000
[    1.279860] pci 0000:ae:0c.7: [8086:2047] type 00 class 0x088000
[    1.279960] pci 0000:ae:0d.0: [8086:2048] type 00 class 0x088000
[    1.280075] pci 0000:ae:0d.1: [8086:2049] type 00 class 0x088000
[    1.280174] pci 0000:ae:0d.2: [8086:204a] type 00 class 0x088000
[    1.280272] pci 0000:ae:0d.3: [8086:204b] type 00 class 0x088000
[    1.280428] pci 0000:af:00.0: [144d:a808] type 00 class 0x010802
[    1.280455] pci 0000:af:00.0: reg 0x10: [mem 0xe1000000-0xe1003fff 64bit]
[    1.281057] pci 0000:ae:00.0: PCI bridge to [bus af]
[    1.281061] pci 0000:ae:00.0:   bridge window [mem 0xe1000000-0xe10fffff]
[    1.281076] pci_bus 0000:ae: on NUMA node 1
[    1.281248] ACPI: PCI Root Bridge [PC09] (domain 0000 [bus d7-ff])
[    1.281252] acpi PNP0A08:09: _OSC: OS supports [ExtendedConfig ASPM ClockPM Segments MSI EDR HPX-Type3]
[    1.281405] acpi PNP0A08:09: _OSC: platform does not support [SHPCHotplug AER LTR DPC]
[    1.281560] acpi PNP0A08:09: _OSC: OS now controls [PCIeHotplug PME PCIeCapability]
[    1.281561] acpi PNP0A08:09: FADT indicates ASPM is unsupported, using BIOS configuration
[    1.281753] PCI host bridge to bus 0000:d7
[    1.281754] pci_bus 0000:d7: root bus resource [io  0xe000-0xffff window]
[    1.281756] pci_bus 0000:d7: root bus resource [mem 0xee800000-0xfbffffff window]
[    1.281758] pci_bus 0000:d7: root bus resource [mem 0x39c000000000-0x39ffffffffff window]
[    1.281760] pci_bus 0000:d7: root bus resource [bus d7-ff]
[    1.281772] pci 0000:d7:05.0: [8086:2034] type 00 class 0x088000
[    1.281899] pci 0000:d7:05.2: [8086:2035] type 00 class 0x088000
[    1.282011] pci 0000:d7:05.4: [8086:2036] type 00 class 0x080020
[    1.282029] pci 0000:d7:05.4: reg 0x10: [mem 0xee800000-0xee800fff]
[    1.282162] pci 0000:d7:0e.0: [8086:2058] type 00 class 0x110100
[    1.282271] pci 0000:d7:0e.1: [8086:2059] type 00 class 0x088000
[    1.282371] pci 0000:d7:0f.0: [8086:2058] type 00 class 0x110100
[    1.282481] pci 0000:d7:0f.1: [8086:2059] type 00 class 0x088000
[    1.282579] pci 0000:d7:10.0: [8086:2058] type 00 class 0x110100
[    1.282689] pci 0000:d7:10.1: [8086:2059] type 00 class 0x088000
[    1.282801] pci 0000:d7:12.0: [8086:204c] type 00 class 0x110100
[    1.282908] pci 0000:d7:12.1: [8086:204d] type 00 class 0x110100
[    1.282990] pci 0000:d7:12.2: [8086:204e] type 00 class 0x088000
[    1.283076] pci 0000:d7:12.4: [8086:204c] type 00 class 0x110100
[    1.283173] pci 0000:d7:12.5: [8086:204d] type 00 class 0x110100
[    1.283257] pci 0000:d7:15.0: [8086:2018] type 00 class 0x088000
[    1.283350] pci 0000:d7:15.1: [8086:2088] type 00 class 0x110100
[    1.283433] pci 0000:d7:16.0: [8086:2018] type 00 class 0x088000
[    1.283538] pci 0000:d7:16.1: [8086:2088] type 00 class 0x110100
[    1.283619] pci 0000:d7:16.4: [8086:2018] type 00 class 0x088000
[    1.283700] pci 0000:d7:16.5: [8086:2088] type 00 class 0x110100
[    1.283783] pci 0000:d7:17.0: [8086:2018] type 00 class 0x088000
[    1.283878] pci 0000:d7:17.1: [8086:2088] type 00 class 0x110100
[    1.283966] pci_bus 0000:d7: on NUMA node 1
[    1.284766] iommu: Default domain type: Translated 
[    1.284766] pci 0000:03:00.0: vgaarb: setting as boot VGA device
[    1.284766] pci 0000:03:00.0: vgaarb: VGA device added: decodes=io+mem,owns=io+mem,locks=none
[    1.284766] pci 0000:03:00.0: vgaarb: bridge control possible
[    1.284766] vgaarb: loaded
[    1.284766] SCSI subsystem initialized
[    1.284766] libata version 3.00 loaded.
[    1.284766] ACPI: bus type USB registered
[    1.284766] usbcore: registered new interface driver usbfs
[    1.284766] usbcore: registered new interface driver hub
[    1.284766] usbcore: registered new device driver usb
[    1.284766] pps_core: LinuxPPS API ver. 1 registered
[    1.284766] pps_core: Software ver. 5.3.6 - Copyright 2005-2007 Rodolfo Giometti <giometti@linux.it>
[    1.284766] PTP clock support registered
[    1.284766] EDAC MC: Ver: 3.0.0
[    1.284766] Registered efivars operations
[    1.284766] NetLabel: Initializing
[    1.284766] NetLabel:  domain hash size = 128
[    1.284766] NetLabel:  protocols = UNLABELED CIPSOv4 CALIPSO
[    1.284766] NetLabel:  unlabeled traffic allowed by default
[    1.284766] PCI: Using ACPI for IRQ routing
[    1.289172] PCI: pci_cache_line_size set to 64 bytes
[    1.289435] e820: reserve RAM buffer [mem 0x4bb02020-0x4bffffff]
[    1.289438] e820: reserve RAM buffer [mem 0x4bb09020-0x4bffffff]
[    1.289439] e820: reserve RAM buffer [mem 0x4bb14020-0x4bffffff]
[    1.289440] e820: reserve RAM buffer [mem 0x4bb71020-0x4bffffff]
[    1.289442] e820: reserve RAM buffer [mem 0x4bbce020-0x4bffffff]
[    1.289443] e820: reserve RAM buffer [mem 0x4bc2e020-0x4bffffff]
[    1.289444] e820: reserve RAM buffer [mem 0x4bc8e020-0x4bffffff]
[    1.289445] e820: reserve RAM buffer [mem 0x4bca7020-0x4bffffff]
[    1.289446] e820: reserve RAM buffer [mem 0x682ff000-0x6bffffff]
[    1.291946] hpet0: at MMIO 0xfed00000, IRQs 2, 8, 0, 0, 0, 0, 0, 0
[    1.291953] hpet0: 8 comparators, 64-bit 24.000000 MHz counter
[    1.294097] clocksource: Switched to clocksource tsc-early
[    1.303758] VFS: Disk quotas dquot_6.6.0
[    1.303819] VFS: Dquot-cache hash table entries: 512 (order 0, 4096 bytes)
[    1.303962] AppArmor: AppArmor Filesystem Enabled
[    1.303974] pnp: PnP ACPI init
[    1.310345] pnp 00:00: Plug and Play ACPI device, IDs PNP0b00 (active)
[    1.310544] system 00:01: [io  0x0500-0x05fe] has been reserved
[    1.310546] system 00:01: [io  0x0400-0x047f] has been reserved
[    1.310549] system 00:01: [io  0x0600-0x061f] has been reserved
[    1.310550] system 00:01: [io  0x0ca0-0x0ca5] has been reserved
[    1.310552] system 00:01: [io  0x0880-0x0883] has been reserved
[    1.310553] system 00:01: [io  0x0800-0x081f] has been reserved
[    1.310556] system 00:01: [mem 0xfed1c000-0xfed3ffff] has been reserved
[    1.310558] system 00:01: [mem 0xfed45000-0xfed8bfff] has been reserved
[    1.310559] system 00:01: [mem 0xff000000-0xffffffff] has been reserved
[    1.310561] system 00:01: [mem 0xfee00000-0xfeefffff] has been reserved
[    1.310562] system 00:01: [mem 0xfed12000-0xfed1200f] has been reserved
[    1.310564] system 00:01: [mem 0xfed12010-0xfed1201f] has been reserved
[    1.310566] system 00:01: [mem 0xfed1b000-0xfed1bfff] has been reserved
[    1.310570] system 00:01: Plug and Play ACPI device, IDs PNP0c02 (active)
[    1.310830] pnp 00:02: Plug and Play ACPI device, IDs PNP0501 (active)
[    1.311050] pnp 00:03: Plug and Play ACPI device, IDs PNP0501 (active)
[    1.311238] system 00:04: [mem 0xfd000000-0xfdabffff] has been reserved
[    1.311241] system 00:04: [mem 0xfdad0000-0xfdadffff] has been reserved
[    1.311243] system 00:04: [mem 0xfdb00000-0xfdffffff] has been reserved
[    1.311244] system 00:04: [mem 0xfe000000-0xfe00ffff] has been reserved
[    1.311246] system 00:04: [mem 0xfe011000-0xfe01ffff] has been reserved
[    1.311248] system 00:04: [mem 0xfe036000-0xfe03bfff] has been reserved
[    1.311249] system 00:04: [mem 0xfe03d000-0xfe3fffff] has been reserved
[    1.311251] system 00:04: [mem 0xfe410000-0xfe7fffff] has been reserved
[    1.311255] system 00:04: Plug and Play ACPI device, IDs PNP0c02 (active)
[    1.311612] system 00:05: [io  0x1000-0x10fe] has been reserved
[    1.311616] system 00:05: Plug and Play ACPI device, IDs PNP0c02 (active)
[    1.312578] pnp: PnP ACPI: found 6 devices
[    1.318197] clocksource: acpi_pm: mask: 0xffffff max_cycles: 0xffffff, max_idle_ns: 2085701024 ns
[    1.318277] NET: Registered protocol family 2
[    1.318860] tcp_listen_portaddr_hash hash table entries: 32768 (order: 7, 524288 bytes, vmalloc)
[    1.320244] TCP established hash table entries: 524288 (order: 10, 4194304 bytes, vmalloc)
[    1.321083] TCP bind hash table entries: 65536 (order: 8, 1048576 bytes, vmalloc)
[    1.321162] TCP: Hash tables configured (established 524288 bind 65536)
[    1.321765] MPTCP token hash table entries: 65536 (order: 8, 1572864 bytes, vmalloc)
[    1.322258] UDP hash table entries: 32768 (order: 8, 1048576 bytes, vmalloc)
[    1.322696] UDP-Lite hash table entries: 32768 (order: 8, 1048576 bytes, vmalloc)
[    1.322917] NET: Registered protocol family 1
[    1.322921] NET: Registered protocol family 44
[    1.322929] pci 0000:18:00.0: can't claim BAR 6 [mem 0xfff00000-0xffffffff pref]: no compatible bridge window
[    1.322932] pci 0000:19:00.0: can't claim BAR 6 [mem 0xfff80000-0xffffffff pref]: no compatible bridge window
[    1.322934] pci 0000:19:00.1: can't claim BAR 6 [mem 0xfff80000-0xffffffff pref]: no compatible bridge window
[    1.322936] pci 0000:1a:00.0: can't claim BAR 6 [mem 0xfff80000-0xffffffff pref]: no compatible bridge window
[    1.322938] pci 0000:1a:00.1: can't claim BAR 6 [mem 0xfff80000-0xffffffff pref]: no compatible bridge window
[    1.322941] pci 0000:3b:00.0: can't claim BAR 6 [mem 0xffff0000-0xffffffff pref]: no compatible bridge window
[    1.322945] pci 0000:86:00.0: can't claim BAR 6 [mem 0xffff0000-0xffffffff pref]: no compatible bridge window
[    1.322952] pci 0000:00:1c.0: bridge window [io  0x1000-0x0fff] to [bus 01] add_size 1000
[    1.322955] pci 0000:00:1c.0: bridge window [mem 0x00100000-0x000fffff 64bit pref] to [bus 01] add_size 200000 add_align 100000
[    1.322965] pci 0000:00:1c.0: BAR 15: assigned [mem 0x380000000000-0x3800001fffff 64bit pref]
[    1.322968] pci 0000:00:1c.0: BAR 13: assigned [io  0x3000-0x3fff]
[    1.322971] pci 0000:00:1c.0: PCI bridge to [bus 01]
[    1.322973] pci 0000:00:1c.0:   bridge window [io  0x3000-0x3fff]
[    1.322982] pci 0000:00:1c.0:   bridge window [mem 0x92a00000-0x92dfffff]
[    1.322988] pci 0000:00:1c.0:   bridge window [mem 0x380000000000-0x3800001fffff 64bit pref]
[    1.323000] pci 0000:02:00.0: PCI bridge to [bus 03]
[    1.323009] pci 0000:02:00.0:   bridge window [mem 0x92000000-0x928fffff]
[    1.323016] pci 0000:02:00.0:   bridge window [mem 0x91000000-0x91ffffff 64bit pref]
[    1.323029] pci 0000:00:1c.4: PCI bridge to [bus 02-03]
[    1.323037] pci 0000:00:1c.4:   bridge window [mem 0x92000000-0x928fffff]
[    1.323043] pci 0000:00:1c.4:   bridge window [mem 0x91000000-0x91ffffff 64bit pref]
[    1.323054] pci_bus 0000:00: resource 4 [io  0x0000-0x0cf7 window]
[    1.323055] pci_bus 0000:00: resource 5 [io  0x1000-0x3fff window]
[    1.323057] pci_bus 0000:00: resource 6 [mem 0x000a0000-0x000bffff window]
[    1.323058] pci_bus 0000:00: resource 7 [mem 0x000c4000-0x000c7fff window]
[    1.323060] pci_bus 0000:00: resource 8 [mem 0xfe010000-0xfe010fff window]
[    1.323061] pci_bus 0000:00: resource 9 [mem 0x90000000-0x9d7fffff window]
[    1.323062] pci_bus 0000:00: resource 10 [mem 0x380000000000-0x383fffffffff window]
[    1.323064] pci_bus 0000:01: resource 0 [io  0x3000-0x3fff]
[    1.323066] pci_bus 0000:01: resource 1 [mem 0x92a00000-0x92dfffff]
[    1.323067] pci_bus 0000:01: resource 2 [mem 0x380000000000-0x3800001fffff 64bit pref]
[    1.323069] pci_bus 0000:02: resource 1 [mem 0x92000000-0x928fffff]
[    1.323070] pci_bus 0000:02: resource 2 [mem 0x91000000-0x91ffffff 64bit pref]
[    1.323072] pci_bus 0000:03: resource 1 [mem 0x92000000-0x928fffff]
[    1.323073] pci_bus 0000:03: resource 2 [mem 0x91000000-0x91ffffff 64bit pref]
[    1.323211] pci 0000:17:02.0: BAR 14: assigned [mem 0x9e600000-0x9e6fffff]
[    1.323214] pci 0000:18:00.0: BAR 6: no space for [mem size 0x00100000 pref]
[    1.323216] pci 0000:18:00.0: BAR 6: failed to assign [mem size 0x00100000 pref]
[    1.323217] pci 0000:17:00.0: PCI bridge to [bus 18]
[    1.323219] pci 0000:17:00.0:   bridge window [io  0x4000-0x4fff]
[    1.323226] pci 0000:17:00.0:   bridge window [mem 0x9e300000-0x9e4fffff]
[    1.323241] pci 0000:19:00.0: BAR 6: assigned [mem 0x9e600000-0x9e67ffff pref]
[    1.323243] pci 0000:19:00.1: BAR 6: assigned [mem 0x9e680000-0x9e6fffff pref]
[    1.323244] pci 0000:17:02.0: PCI bridge to [bus 19]
[    1.323252] pci 0000:17:02.0:   bridge window [mem 0x9e600000-0x9e6fffff]
[    1.323257] pci 0000:17:02.0:   bridge window [mem 0x9d800000-0x9e0fffff 64bit pref]
[    1.323267] pci 0000:1a:00.0: BAR 6: assigned [mem 0x9e280000-0x9e2fffff pref]
[    1.323269] pci 0000:1a:00.1: BAR 6: no space for [mem size 0x00080000 pref]
[    1.323270] pci 0000:1a:00.1: BAR 6: failed to assign [mem size 0x00080000 pref]
[    1.323272] pci 0000:17:03.0: PCI bridge to [bus 1a]
[    1.323279] pci 0000:17:03.0:   bridge window [mem 0x9e100000-0x9e2fffff]
[    1.323296] pci_bus 0000:17: resource 4 [io  0x4000-0x5fff window]
[    1.323297] pci_bus 0000:17: resource 5 [mem 0x9d800000-0xaaffffff window]
[    1.323299] pci_bus 0000:17: resource 6 [mem 0x384000000000-0x387fffffffff window]
[    1.323301] pci_bus 0000:18: resource 0 [io  0x4000-0x4fff]
[    1.323302] pci_bus 0000:18: resource 1 [mem 0x9e300000-0x9e4fffff]
[    1.323303] pci_bus 0000:19: resource 1 [mem 0x9e600000-0x9e6fffff]
[    1.323305] pci_bus 0000:19: resource 2 [mem 0x9d800000-0x9e0fffff 64bit pref]
[    1.323306] pci_bus 0000:1a: resource 1 [mem 0x9e100000-0x9e2fffff]
[    1.323335] pci 0000:3b:00.0: BAR 6: assigned [mem 0xab010000-0xab01ffff pref]
[    1.323336] pci 0000:3a:00.0: PCI bridge to [bus 3b]
[    1.323344] pci 0000:3a:00.0:   bridge window [mem 0xab000000-0xab0fffff]
[    1.323359] pci_bus 0000:3a: resource 4 [io  0x6000-0x7fff window]
[    1.323360] pci_bus 0000:3a: resource 5 [mem 0xab000000-0xb87fffff window]
[    1.323362] pci_bus 0000:3a: resource 6 [mem 0x388000000000-0x38bfffffffff window]
[    1.323363] pci_bus 0000:3b: resource 1 [mem 0xab000000-0xab0fffff]
[    1.323383] pci_bus 0000:5d: resource 4 [io  0x8000-0x9fff window]
[    1.323384] pci_bus 0000:5d: resource 5 [mem 0xb8800000-0xc5ffffff window]
[    1.323386] pci_bus 0000:5d: resource 6 [mem 0x38c000000000-0x38ffffffffff window]
[    1.323412] pci_bus 0000:80: resource 4 [mem 0xc6000000-0xd37fffff window]
[    1.323413] pci_bus 0000:80: resource 5 [mem 0x390000000000-0x393fffffffff window]
[    1.323431] pci 0000:86:00.0: BAR 6: assigned [mem 0xd3810000-0xd381ffff pref]
[    1.323433] pci 0000:85:00.0: PCI bridge to [bus 86]
[    1.323440] pci 0000:85:00.0:   bridge window [mem 0xd3800000-0xd38fffff]
[    1.323457] pci_bus 0000:85: resource 4 [io  0xa000-0xbfff window]
[    1.323458] pci_bus 0000:85: resource 5 [mem 0xd3800000-0xe0ffffff window]
[    1.323459] pci_bus 0000:85: resource 6 [mem 0x394000000000-0x397fffffffff window]
[    1.323461] pci_bus 0000:86: resource 1 [mem 0xd3800000-0xd38fffff]
[    1.323482] pci 0000:ae:00.0: PCI bridge to [bus af]
[    1.323489] pci 0000:ae:00.0:   bridge window [mem 0xe1000000-0xe10fffff]
[    1.323504] pci_bus 0000:ae: resource 4 [io  0xc000-0xdfff window]
[    1.323506] pci_bus 0000:ae: resource 5 [mem 0xe1000000-0xee7fffff window]
[    1.323507] pci_bus 0000:ae: resource 6 [mem 0x398000000000-0x39bfffffffff window]
[    1.323509] pci_bus 0000:af: resource 1 [mem 0xe1000000-0xe10fffff]
[    1.323544] pci_bus 0000:d7: resource 4 [io  0xe000-0xffff window]
[    1.323545] pci_bus 0000:d7: resource 5 [mem 0xee800000-0xfbffffff window]
[    1.323547] pci_bus 0000:d7: resource 6 [mem 0x39c000000000-0x39ffffffffff window]
[    1.323927] pci 0000:03:00.0: Video device with shadowed ROM at [mem 0x000c0000-0x000dffff]
[    1.323937] pci 0000:17:05.0: disabled boot interrupts on device [8086:2034]
[    1.324048] pci 0000:3a:05.0: disabled boot interrupts on device [8086:2034]
[    1.324093] pci 0000:5d:05.0: disabled boot interrupts on device [8086:2034]
[    1.324136] pci 0000:85:05.0: disabled boot interrupts on device [8086:2034]
[    1.324242] pci 0000:ae:05.0: disabled boot interrupts on device [8086:2034]
[    1.324289] pci 0000:d7:05.0: disabled boot interrupts on device [8086:2034]
[    1.324321] PCI: CLS 128 bytes, default 64
[    1.324364] Trying to unpack rootfs image as initramfs...
[    1.486694] Initramfs unpacking failed: Decoding failed
[    1.499241] Freeing initrd memory: 61628K
[    1.499300] DMAR: Host address width 46
[    1.499303] DMAR: DRHD base: 0x000000d37fc000 flags: 0x0
[    1.499325] DMAR: dmar0: reg_base_addr d37fc000 ver 1:0 cap 8d2078c106f0466 ecap f020df
[    1.499328] DMAR: DRHD base: 0x000000e0ffc000 flags: 0x0
[    1.499334] DMAR: dmar1: reg_base_addr e0ffc000 ver 1:0 cap 8d2078c106f0466 ecap f020df
[    1.499336] DMAR: DRHD base: 0x000000ee7fc000 flags: 0x0
[    1.499341] DMAR: dmar2: reg_base_addr ee7fc000 ver 1:0 cap 8d2078c106f0466 ecap f020df
[    1.499343] DMAR: DRHD base: 0x000000fbffc000 flags: 0x0
[    1.499348] DMAR: dmar3: reg_base_addr fbffc000 ver 1:0 cap 8d2078c106f0466 ecap f020df
[    1.499350] DMAR: DRHD base: 0x000000aaffc000 flags: 0x0
[    1.499355] DMAR: dmar4: reg_base_addr aaffc000 ver 1:0 cap 8d2078c106f0466 ecap f020df
[    1.499357] DMAR: DRHD base: 0x000000b87fc000 flags: 0x0
[    1.499362] DMAR: dmar5: reg_base_addr b87fc000 ver 1:0 cap 8d2078c106f0466 ecap f020df
[    1.499364] DMAR: DRHD base: 0x000000c5ffc000 flags: 0x0
[    1.499368] DMAR: dmar6: reg_base_addr c5ffc000 ver 1:0 cap 8d2078c106f0466 ecap f020df
[    1.499370] DMAR: DRHD base: 0x0000009d7fc000 flags: 0x1
[    1.499382] DMAR: dmar7: reg_base_addr 9d7fc000 ver 1:0 cap 8d2078c106f0466 ecap f020df
[    1.499383] DMAR: RMRR base: 0x0000006f6e0000 end: 0x0000006f6e2fff
[    1.499385] DMAR: [Firmware Bug]: No firmware reserved region can cover this RMRR [0x000000006f6e0000-0x000000006f6e2fff], contact BIOS vendor for fixes
[    1.499391] DMAR: [Firmware Bug]: Your BIOS is broken; bad RMRR [0x000000006f6e0000-0x000000006f6e2fff]
               BIOS vendor: Dell Inc.; Ver: 2.14.2; Product Version: 
[    1.499394] DMAR: ATSR flags: 0x0
[    1.499395] DMAR: ATSR flags: 0x0
[    1.499565] PCI-DMA: Using software bounce buffering for IO (SWIOTLB)
[    1.499566] software IO TLB: mapped [mem 0x0000000061053000-0x0000000065053000] (64MB)
[    1.502106] check: Scanning for low memory corruption every 60 seconds
[    1.503679] Initialise system trusted keyrings
[    1.503687] Key type blacklist registered
[    1.503734] workingset: timestamp_bits=36 max_order=24 bucket_order=0
[    1.504790] zbud: loaded
[    1.505096] squashfs: version 4.0 (2009/01/31) Phillip Lougher
[    1.505226] fuse: init (API version 7.33)
[    1.505395] integrity: Platform Keyring initialized
[    1.513634] Key type asymmetric registered
[    1.513635] Asymmetric key parser 'x509' registered
[    1.513641] Block layer SCSI generic (bsg) driver version 0.4 loaded (major 243)
[    1.513681] io scheduler mq-deadline registered
[    1.514401] pcieport 0000:00:1c.0: PME: Signaling with IRQ 24
[    1.514426] pcieport 0000:00:1c.0: pciehp: Slot #0 AttnBtn- PwrCtrl- MRL- AttnInd- PwrInd- HotPlug+ Surprise+ Interlock- NoCompl+ IbPresDis- LLActRep+
[    1.514668] pcieport 0000:00:1c.4: PME: Signaling with IRQ 25
[    1.514941] pcieport 0000:17:00.0: PME: Signaling with IRQ 27
[    1.515176] pcieport 0000:17:02.0: PME: Signaling with IRQ 28
[    1.515398] pcieport 0000:17:03.0: PME: Signaling with IRQ 29
[    1.515618] pcieport 0000:3a:00.0: PME: Signaling with IRQ 31
[    1.516042] pcieport 0000:85:00.0: PME: Signaling with IRQ 33
[    1.516307] pcieport 0000:ae:00.0: PME: Signaling with IRQ 35
[    1.516644] shpchp: Standard Hot Plug PCI Controller Driver version: 0.4
[    1.516751] efifb: probing for efifb
[    1.516776] efifb: No BGRT, not showing boot graphics
[    1.516777] efifb: framebuffer at 0x91000000, using 3072k, total 3072k
[    1.516779] efifb: mode is 1024x768x32, linelength=4096, pages=1
[    1.516781] efifb: scrolling: redraw
[    1.516782] efifb: Truecolor: size=8:8:8:8, shift=24:16:8:0
[    1.516866] Console: switching to colour frame buffer device 128x48
[    1.532689] fb0: EFI VGA frame buffer device
[    1.532698] intel_idle: MWAIT substates: 0x2020
[    1.532858] Monitor-Mwait will be used to enter C-1 state
[    1.532861] ACPI: \_SB_.SCK0.CP00: Found 1 idle states
[    1.532863] intel_idle: v0.5.1 model 0x55
[    1.534370] intel_idle: Local APIC timer is reliable in all C-states
[    1.534845] input: Power Button as /devices/LNXSYSTM:00/LNXPWRBN:00/input/input0
[    1.534895] ACPI: Power Button [PWRF]
[    1.536727] ERST: Error Record Serialization Table (ERST) support is initialized.
[    1.536738] pstore: Registered erst as persistent store backend
[    1.537366] GHES: APEI firmware first mode is enabled by APEI bit and WHEA _OSC.
[    1.537525] Serial: 8250/16550 driver, 32 ports, IRQ sharing enabled
[    1.558238] 00:02: ttyS1 at I/O 0x2f8 (irq = 3, base_baud = 115200) is a 16550A
[    1.591256] 00:03: ttyS0 at I/O 0x3f8 (irq = 4, base_baud = 115200) is a 16550A
[    1.604868] Linux agpgart interface v0.103
[    1.611640] loop: module loaded
[    1.612015] libphy: Fixed MDIO Bus: probed
[    1.612016] tun: Universal TUN/TAP device driver, 1.6
[    1.612048] PPP generic driver version 2.4.2
[    1.612084] VFIO - User Level meta-driver version: 0.3
[    1.612148] ehci_hcd: USB 2.0 'Enhanced' Host Controller (EHCI) Driver
[    1.612150] ehci-pci: EHCI PCI platform driver
[    1.612183] ehci-platform: EHCI generic platform driver
[    1.612189] ohci_hcd: USB 1.1 'Open' Host Controller (OHCI) Driver
[    1.612191] ohci-pci: OHCI PCI platform driver
[    1.612223] ohci-platform: OHCI generic platform driver
[    1.612229] uhci_hcd: USB Universal Host Controller Interface driver
[    1.612287] i8042: PNP: No PS/2 controller found.
[    1.612320] mousedev: PS/2 mouse device common for all mice
[    1.612380] rtc_cmos 00:00: RTC can wake from S4
[    1.612748] rtc_cmos 00:00: registered as rtc0
[    1.612835] rtc_cmos 00:00: setting system clock to 2024-12-26T06:22:19 UTC (1735194139)
[    1.612849] rtc_cmos 00:00: alarms up to one month, y3k, 114 bytes nvram, hpet irqs
[    1.612855] i2c /dev entries driver
[    1.612889] device-mapper: uevent: version 1.0.3
[    1.612926] device-mapper: ioctl: 4.43.0-ioctl (2020-10-01) initialised: dm-devel@redhat.com
[    1.612941] platform eisa.0: Probing EISA bus 0
[    1.612943] platform eisa.0: EISA: Cannot allocate resource for mainboard
[    1.612945] platform eisa.0: Cannot allocate resource for EISA slot 1
[    1.612946] platform eisa.0: Cannot allocate resource for EISA slot 2
[    1.612947] platform eisa.0: Cannot allocate resource for EISA slot 3
[    1.612949] platform eisa.0: Cannot allocate resource for EISA slot 4
[    1.612950] platform eisa.0: Cannot allocate resource for EISA slot 5
[    1.612951] platform eisa.0: Cannot allocate resource for EISA slot 6
[    1.612953] platform eisa.0: Cannot allocate resource for EISA slot 7
[    1.612954] platform eisa.0: Cannot allocate resource for EISA slot 8
[    1.612955] platform eisa.0: EISA: Detected 0 cards
[    1.612961] intel_pstate: Intel P-state driver initializing
[    1.615161] ledtrig-cpu: registered to indicate activity on CPUs
[    1.615164] EFI Variables Facility v0.08 2004-May-17
[    1.676328] drop_monitor: Initializing network drop monitor service
[    1.676568] NET: Registered protocol family 10
[    1.686112] Segment Routing with IPv6
[    1.686127] NET: Registered protocol family 17
[    1.686199] Key type dns_resolver registered
[    1.690903] microcode: sig=0x50657, pf=0x80, revision=0x5003707
[    1.691136] microcode: Microcode Update Driver: v2.2.
[    1.691945] resctrl: MB allocation detected
[    1.691946] resctrl: L3 monitoring detected
[    1.691949] IPI shorthand broadcast: enabled
[    1.691958] sched_clock: Marking stable (1692610430, -673128)->(1729067825, -37130523)
[    1.692285] registered taskstats version 1
[    1.692295] Loading compiled-in X.509 certificates
[    1.692943] Loaded X.509 cert 'Build time autogenerated kernel key: 0d8e103743cf2d74dd103586183fa3490f9c75ad'
[    1.696623] zswap: loaded using pool lzo/zbud
[    1.696946] Key type ._fscrypt registered
[    1.696947] Key type .fscrypt registered
[    1.696948] Key type fscrypt-provisioning registered
[    1.697093] pstore: Using crash dump compression: deflate
[    1.699481] Key type encrypted registered
[    1.699483] AppArmor: AppArmor sha1 policy hashing enabled
[    1.701154] integrity: Loading X.509 certificate: UEFI:db
[    1.701178] integrity: Loaded X.509 cert 'Microsoft Corporation UEFI CA 2011: 13adbf4309bd82709c8cd54f316ed522988a1bd4'
[    1.701179] integrity: Loading X.509 certificate: UEFI:db
[    1.701202] integrity: Loaded X.509 cert 'Microsoft Windows Production PCA 2011: a92902398e16c49778cd90f99e4f9ae17c55af53'
[    1.701203] integrity: Loading X.509 certificate: UEFI:db
[    1.701350] integrity: Loaded X.509 cert 'VMware, Inc.: 4ad8ba0472073d28127706ddc6ccb9050441bbc7'
[    1.701351] integrity: Loading X.509 certificate: UEFI:db
[    1.701520] integrity: Loaded X.509 cert 'VMware, Inc.: VMware Secure Boot Signing: 04597f3e1ffb240bba0ff0f05d5eb05f3e15f6d7'
[    1.702834] integrity: Loading X.509 certificate: UEFI:MokListRT (MOKvar table)
[    1.703007] integrity: Loaded X.509 cert 'Canonical Ltd. Master Certificate Authority: ad91990bc22ab1f517048c23b6655a268e345a63'
[    1.703009] ima: No TPM chip found, activating TPM-bypass!
[    1.703015] ima: Allocated hash algorithm: sha1
[    1.703021] ima: No architecture policies found
[    1.703028] evm: Initialising EVM extended attributes:
[    1.703029] evm: security.selinux
[    1.703030] evm: security.SMACK64
[    1.703030] evm: security.SMACK64EXEC
[    1.703031] evm: security.SMACK64TRANSMUTE
[    1.703032] evm: security.SMACK64MMAP
[    1.703033] evm: security.apparmor
[    1.703033] evm: security.ima
[    1.703034] evm: security.capability
[    1.703035] evm: HMAC attrs: 0x1
[    1.705721] PM:   Magic number: 4:449:368
