[    0.000000] microcode: microcode updated early to revision 0x5003707, date = 2024-03-01
[    0.000000] Linux version 5.11.0.vanilla-f2fs (root@oslab-PowerEdge-R740xd) (gcc (Ubuntu 9.4.0-1ubuntu1~20.04.2) 9.4.0, GNU ld (GNU Binutils for Ubuntu) 2.34) #82 SMP Thu Dec 26 10:29:00 KST 2024
[    0.000000] Command line: BOOT_IMAGE=/boot/vmlinuz-5.11.0.vanilla-f2fs root=UUID=0fe244cb-556c-49fd-bc46-148ab2afc428 ro memmap=448G$64G intremap=off isolcpus=37,39 quiet splash vt.handoff=7
[    0.000000] KERNEL supported cpus:
[    0.000000]   Intel GenuineIntel
[    0.000000]   AMD AuthenticAMD
[    0.000000]   Hygon HygonGenuine
[    0.000000]   Centaur CentaurHauls
[    0.000000]   zhaoxin   Shanghai  
[    0.000000] x86/fpu: Supporting XSAVE feature 0x001: 'x87 floating point registers'
[    0.000000] x86/fpu: Supporting XSAVE feature 0x002: 'SSE registers'
[    0.000000] x86/fpu: Supporting XSAVE feature 0x004: 'AVX registers'
[    0.000000] x86/fpu: Supporting XSAVE feature 0x008: 'MPX bounds registers'
[    0.000000] x86/fpu: Supporting XSAVE feature 0x010: 'MPX CSR'
[    0.000000] x86/fpu: Supporting XSAVE feature 0x020: 'AVX-512 opmask'
[    0.000000] x86/fpu: Supporting XSAVE feature 0x040: 'AVX-512 Hi256'
[    0.000000] x86/fpu: Supporting XSAVE feature 0x080: 'AVX-512 ZMM_Hi256'
[    0.000000] x86/fpu: Supporting XSAVE feature 0x200: 'Protection Keys User registers'
[    0.000000] x86/fpu: xstate_offset[2]:  576, xstate_sizes[2]:  256
[    0.000000] x86/fpu: xstate_offset[3]:  832, xstate_sizes[3]:   64
[    0.000000] x86/fpu: xstate_offset[4]:  896, xstate_sizes[4]:   64
[    0.000000] x86/fpu: xstate_offset[5]:  960, xstate_sizes[5]:   64
[    0.000000] x86/fpu: xstate_offset[6]: 1024, xstate_sizes[6]:  512
[    0.000000] x86/fpu: xstate_offset[7]: 1536, xstate_sizes[7]: 1024
[    0.000000] x86/fpu: xstate_offset[9]: 2560, xstate_sizes[9]:    8
[    0.000000] x86/fpu: Enabled xstate features 0x2ff, context size is 2568 bytes, using 'compacted' format.
[    0.000000] BIOS-provided physical RAM map:
[    0.000000] BIOS-e820: [mem 0x0000000000000000-0x000000000009ffff] usable
[    0.000000] BIOS-e820: [mem 0x00000000000a0000-0x00000000000fffff] reserved
[    0.000000] BIOS-e820: [mem 0x0000000000100000-0x00000000682fefff] usable
[    0.000000] BIOS-e820: [mem 0x00000000682ff000-0x000000006ebfefff] reserved
[    0.000000] BIOS-e820: [mem 0x000000006ebff000-0x000000006f9fefff] ACPI NVS
[    0.000000] BIOS-e820: [mem 0x000000006f9ff000-0x000000006fffefff] ACPI data
[    0.000000] BIOS-e820: [mem 0x000000006ffff000-0x000000006fffffff] usable
[    0.000000] BIOS-e820: [mem 0x0000000070000000-0x000000008fffffff] reserved
[    0.000000] BIOS-e820: [mem 0x00000000fe000000-0x00000000fe010fff] reserved
[    0.000000] BIOS-e820: [mem 0x0000000100000000-0x000000807fffffff] usable
[    0.000000] NX (Execute Disable) protection: active
[    0.000000] e820: update [mem 0x4bca7020-0x4bcaf05f] usable ==> usable
[    0.000000] e820: update [mem 0x4bca7020-0x4bcaf05f] usable ==> usable
[    0.000000] e820: update [mem 0x4bc8e020-0x4bca665f] usable ==> usable
[    0.000000] e820: update [mem 0x4bc8e020-0x4bca665f] usable ==> usable
[    0.000000] e820: update [mem 0x4bc2e020-0x4bc8da5f] usable ==> usable
[    0.000000] e820: update [mem 0x4bc2e020-0x4bc8da5f] usable ==> usable
[    0.000000] e820: update [mem 0x4bbce020-0x4bc2da5f] usable ==> usable
[    0.000000] e820: update [mem 0x4bbce020-0x4bc2da5f] usable ==> usable
[    0.000000] e820: update [mem 0x4bb71020-0x4bbcdc5f] usable ==> usable
[    0.000000] e820: update [mem 0x4bb71020-0x4bbcdc5f] usable ==> usable
[    0.000000] e820: update [mem 0x4bb14020-0x4bb70c5f] usable ==> usable
[    0.000000] e820: update [mem 0x4bb14020-0x4bb70c5f] usable ==> usable
[    0.000000] e820: update [mem 0x4bb09020-0x4bb13a5f] usable ==> usable
[    0.000000] e820: update [mem 0x4bb09020-0x4bb13a5f] usable ==> usable
[    0.000000] e820: update [mem 0x4bb02020-0x4bb0845f] usable ==> usable
[    0.000000] e820: update [mem 0x4bb02020-0x4bb0845f] usable ==> usable
[    0.000000] extended physical RAM map:
[    0.000000] reserve setup_data: [mem 0x0000000000000000-0x000000000009ffff] usable
[    0.000000] reserve setup_data: [mem 0x00000000000a0000-0x00000000000fffff] reserved
[    0.000000] reserve setup_data: [mem 0x0000000000100000-0x000000004bb0201f] usable
[    0.000000] reserve setup_data: [mem 0x000000004bb02020-0x000000004bb0845f] usable
[    0.000000] reserve setup_data: [mem 0x000000004bb08460-0x000000004bb0901f] usable
[    0.000000] reserve setup_data: [mem 0x000000004bb09020-0x000000004bb13a5f] usable
[    0.000000] reserve setup_data: [mem 0x000000004bb13a60-0x000000004bb1401f] usable
[    0.000000] reserve setup_data: [mem 0x000000004bb14020-0x000000004bb70c5f] usable
[    0.000000] reserve setup_data: [mem 0x000000004bb70c60-0x000000004bb7101f] usable
[    0.000000] reserve setup_data: [mem 0x000000004bb71020-0x000000004bbcdc5f] usable
[    0.000000] reserve setup_data: [mem 0x000000004bbcdc60-0x000000004bbce01f] usable
[    0.000000] reserve setup_data: [mem 0x000000004bbce020-0x000000004bc2da5f] usable
[    0.000000] reserve setup_data: [mem 0x000000004bc2da60-0x000000004bc2e01f] usable
[    0.000000] reserve setup_data: [mem 0x000000004bc2e020-0x000000004bc8da5f] usable
[    0.000000] reserve setup_data: [mem 0x000000004bc8da60-0x000000004bc8e01f] usable
[    0.000000] reserve setup_data: [mem 0x000000004bc8e020-0x000000004bca665f] usable
[    0.000000] reserve setup_data: [mem 0x000000004bca6660-0x000000004bca701f] usable
[    0.000000] reserve setup_data: [mem 0x000000004bca7020-0x000000004bcaf05f] usable
[    0.000000] reserve setup_data: [mem 0x000000004bcaf060-0x00000000682fefff] usable
[    0.000000] reserve setup_data: [mem 0x00000000682ff000-0x000000006ebfefff] reserved
[    0.000000] reserve setup_data: [mem 0x000000006ebff000-0x000000006f9fefff] ACPI NVS
[    0.000000] reserve setup_data: [mem 0x000000006f9ff000-0x000000006fffefff] ACPI data
[    0.000000] reserve setup_data: [mem 0x000000006ffff000-0x000000006fffffff] usable
[    0.000000] reserve setup_data: [mem 0x0000000070000000-0x000000008fffffff] reserved
[    0.000000] reserve setup_data: [mem 0x00000000fe000000-0x00000000fe010fff] reserved
[    0.000000] reserve setup_data: [mem 0x0000000100000000-0x0000000fffffffff] usable
[    0.000000] reserve setup_data: [mem 0x0000001000000000-0x0000007fffffffff] reserved
[    0.000000] reserve setup_data: [mem 0x0000008000000000-0x000000807fffffff] usable
[    0.000000] user-defined physical RAM map:
[    0.000000] user: [mem 0x0000000000000000-0x000000000009ffff] usable
[    0.000000] user: [mem 0x00000000000a0000-0x00000000000fffff] reserved
[    0.000000] user: [mem 0x0000000000100000-0x000000004bb0201f] usable
[    0.000000] user: [mem 0x000000004bb02020-0x000000004bb0845f] usable
[    0.000000] user: [mem 0x000000004bb08460-0x000000004bb0901f] usable
[    0.000000] user: [mem 0x000000004bb09020-0x000000004bb13a5f] usable
[    0.000000] user: [mem 0x000000004bb13a60-0x000000004bb1401f] usable
[    0.000000] user: [mem 0x000000004bb14020-0x000000004bb70c5f] usable
[    0.000000] user: [mem 0x000000004bb70c60-0x000000004bb7101f] usable
[    0.000000] user: [mem 0x000000004bb71020-0x000000004bbcdc5f] usable
[    0.000000] user: [mem 0x000000004bbcdc60-0x000000004bbce01f] usable
[    0.000000] user: [mem 0x000000004bbce020-0x000000004bc2da5f] usable
[    0.000000] user: [mem 0x000000004bc2da60-0x000000004bc2e01f] usable
[    0.000000] user: [mem 0x000000004bc2e020-0x000000004bc8da5f] usable
[    0.000000] user: [mem 0x000000004bc8da60-0x000000004bc8e01f] usable
[    0.000000] user: [mem 0x000000004bc8e020-0x000000004bca665f] usable
[    0.000000] user: [mem 0x000000004bca6660-0x000000004bca701f] usable
[    0.000000] user: [mem 0x000000004bca7020-0x000000004bcaf05f] usable
[    0.000000] user: [mem 0x000000004bcaf060-0x00000000682fefff] usable
[    0.000000] user: [mem 0x00000000682ff000-0x000000006ebfefff] reserved
[    0.000000] user: [mem 0x000000006ebff000-0x000000006f9fefff] ACPI NVS
[    0.000000] user: [mem 0x000000006f9ff000-0x000000006fffefff] ACPI data
[    0.000000] user: [mem 0x000000006ffff000-0x000000006fffffff] usable
[    0.000000] user: [mem 0x0000000070000000-0x000000008fffffff] reserved
[    0.000000] user: [mem 0x00000000fe000000-0x00000000fe010fff] reserved
[    0.000000] user: [mem 0x0000000100000000-0x0000000fffffffff] usable
[    0.000000] user: [mem 0x0000001000000000-0x0000007fffffffff] reserved
[    0.000000] user: [mem 0x0000008000000000-0x000000807fffffff] usable
[    0.000000] efi: EFI v2.70 by Dell Inc.
[    0.000000] efi: ACPI=0x6fffe000 ACPI 2.0=0x6fffe014 SMBIOS=0x68d36000 SMBIOS 3.0=0x68d34000 MEMATTR=0x65053020 MOKvar=0x683aa000 RNG=0x683d5720 
[    0.000000] efi: seeding entropy pool
[    0.000000] random: fast init done
[    0.000000] SMBIOS 3.2.0 present.
[    0.000000] DMI: Dell Inc. PowerEdge R740xd/06WXJT, BIOS 2.14.2 03/21/2022
[    0.000000] tsc: Detected 2100.000 MHz processor
[    0.000009] e820: update [mem 0x00000000-0x00000fff] usable ==> reserved
[    0.000013] e820: remove [mem 0x000a0000-0x000fffff] usable
[    0.000021] last_pfn = 0x8080000 max_arch_pfn = 0x400000000
[    0.000025] MTRR default type: uncachable
[    0.000026] MTRR fixed ranges enabled:
[    0.000028]   00000-9FFFF write-back
[    0.000030]   A0000-BFFFF uncachable
[    0.000031]   C0000-FFFFF write-protect
[    0.000033] MTRR variable ranges enabled:
[    0.000034]   0 base 000000000000 mask 3F8000000000 write-back
[    0.000037]   1 base 008000000000 mask 3FFF80000000 write-back
[    0.000039]   2 base 000080000000 mask 3FFF80000000 uncachable
[    0.000041]   3 base 000070000000 mask 3FFFFC000000 uncachable
[    0.000042]   4 disabled
[    0.000043]   5 disabled
[    0.000044]   6 disabled
[    0.000045]   7 disabled
[    0.000046]   8 disabled
[    0.000047]   9 disabled
[    0.000204] x86/PAT: Configuration [0-7]: WB  WC  UC- UC  WB  WP  UC- WT  
[    0.001086] total RAM covered: 524224M
[    0.001324]  gran_size: 64K 	chunk_size: 64K 	num_reg: 10  	lose cover RAM: 386G
[    0.001327]  gran_size: 64K 	chunk_size: 128K 	num_reg: 10  	lose cover RAM: 386G
[    0.001329]  gran_size: 64K 	chunk_size: 256K 	num_reg: 10  	lose cover RAM: 386G
[    0.001331]  gran_size: 64K 	chunk_size: 512K 	num_reg: 10  	lose cover RAM: 386G
[    0.001333]  gran_size: 64K 	chunk_size: 1M 	num_reg: 10  	lose cover RAM: 386G
[    0.001335]  gran_size: 64K 	chunk_size: 2M 	num_reg: 10  	lose cover RAM: 386G
[    0.001337]  gran_size: 64K 	chunk_size: 4M 	num_reg: 10  	lose cover RAM: 386G
[    0.001339]  gran_size: 64K 	chunk_size: 8M 	num_reg: 10  	lose cover RAM: 386G
[    0.001341]  gran_size: 64K 	chunk_size: 16M 	num_reg: 10  	lose cover RAM: 386G
[    0.001342]  gran_size: 64K 	chunk_size: 32M 	num_reg: 10  	lose cover RAM: 386G
[    0.001344]  gran_size: 64K 	chunk_size: 64M 	num_reg: 10  	lose cover RAM: 386G
[    0.001346]  gran_size: 64K 	chunk_size: 128M 	num_reg: 10  	lose cover RAM: 482G
[    0.001348]  gran_size: 64K 	chunk_size: 256M 	num_reg: 10  	lose cover RAM: 482G
[    0.001350]  gran_size: 64K 	chunk_size: 512M 	num_reg: 10  	lose cover RAM: 0G
[    0.001352]  gran_size: 64K 	chunk_size: 1G 	num_reg: 10  	lose cover RAM: 0G
[    0.001354]  gran_size: 64K 	chunk_size: 2G 	num_reg: 10  	lose cover RAM: 0G
[    0.001356]  gran_size: 128K 	chunk_size: 128K 	num_reg: 10  	lose cover RAM: 386G
[    0.001357]  gran_size: 128K 	chunk_size: 256K 	num_reg: 10  	lose cover RAM: 386G
[    0.001359]  gran_size: 128K 	chunk_size: 512K 	num_reg: 10  	lose cover RAM: 386G
[    0.001361]  gran_size: 128K 	chunk_size: 1M 	num_reg: 10  	lose cover RAM: 386G
[    0.001363]  gran_size: 128K 	chunk_size: 2M 	num_reg: 10  	lose cover RAM: 386G
[    0.001365]  gran_size: 128K 	chunk_size: 4M 	num_reg: 10  	lose cover RAM: 386G
[    0.001367]  gran_size: 128K 	chunk_size: 8M 	num_reg: 10  	lose cover RAM: 386G
[    0.001368]  gran_size: 128K 	chunk_size: 16M 	num_reg: 10  	lose cover RAM: 386G
[    0.001370]  gran_size: 128K 	chunk_size: 32M 	num_reg: 10  	lose cover RAM: 386G
[    0.001372]  gran_size: 128K 	chunk_size: 64M 	num_reg: 10  	lose cover RAM: 386G
[    0.001374]  gran_size: 128K 	chunk_size: 128M 	num_reg: 10  	lose cover RAM: 482G
[    0.001376]  gran_size: 128K 	chunk_size: 256M 	num_reg: 10  	lose cover RAM: 482G
[    0.001378]  gran_size: 128K 	chunk_size: 512M 	num_reg: 10  	lose cover RAM: 0G
[    0.001380]  gran_size: 128K 	chunk_size: 1G 	num_reg: 10  	lose cover RAM: 0G
[    0.001382]  gran_size: 128K 	chunk_size: 2G 	num_reg: 10  	lose cover RAM: 0G
[    0.001384]  gran_size: 256K 	chunk_size: 256K 	num_reg: 10  	lose cover RAM: 386G
[    0.001385]  gran_size: 256K 	chunk_size: 512K 	num_reg: 10  	lose cover RAM: 386G
[    0.001387]  gran_size: 256K 	chunk_size: 1M 	num_reg: 10  	lose cover RAM: 386G
[    0.001389]  gran_size: 256K 	chunk_size: 2M 	num_reg: 10  	lose cover RAM: 386G
[    0.001391]  gran_size: 256K 	chunk_size: 4M 	num_reg: 10  	lose cover RAM: 386G
[    0.001393]  gran_size: 256K 	chunk_size: 8M 	num_reg: 10  	lose cover RAM: 386G
[    0.001395]  gran_size: 256K 	chunk_size: 16M 	num_reg: 10  	lose cover RAM: 386G
[    0.001396]  gran_size: 256K 	chunk_size: 32M 	num_reg: 10  	lose cover RAM: 386G
[    0.001398]  gran_size: 256K 	chunk_size: 64M 	num_reg: 10  	lose cover RAM: 386G
[    0.001400]  gran_size: 256K 	chunk_size: 128M 	num_reg: 10  	lose cover RAM: 482G
[    0.001402]  gran_size: 256K 	chunk_size: 256M 	num_reg: 10  	lose cover RAM: 482G
[    0.001404]  gran_size: 256K 	chunk_size: 512M 	num_reg: 10  	lose cover RAM: 0G
[    0.001406]  gran_size: 256K 	chunk_size: 1G 	num_reg: 10  	lose cover RAM: 0G
[    0.001407]  gran_size: 256K 	chunk_size: 2G 	num_reg: 10  	lose cover RAM: 0G
[    0.001409]  gran_size: 512K 	chunk_size: 512K 	num_reg: 10  	lose cover RAM: 386G
[    0.001411]  gran_size: 512K 	chunk_size: 1M 	num_reg: 10  	lose cover RAM: 386G
[    0.001413]  gran_size: 512K 	chunk_size: 2M 	num_reg: 10  	lose cover RAM: 386G
[    0.001415]  gran_size: 512K 	chunk_size: 4M 	num_reg: 10  	lose cover RAM: 386G
[    0.001417]  gran_size: 512K 	chunk_size: 8M 	num_reg: 10  	lose cover RAM: 386G
[    0.001419]  gran_size: 512K 	chunk_size: 16M 	num_reg: 10  	lose cover RAM: 386G
[    0.001421]  gran_size: 512K 	chunk_size: 32M 	num_reg: 10  	lose cover RAM: 386G
[    0.001422]  gran_size: 512K 	chunk_size: 64M 	num_reg: 10  	lose cover RAM: 386G
[    0.001424]  gran_size: 512K 	chunk_size: 128M 	num_reg: 10  	lose cover RAM: 482G
[    0.001426]  gran_size: 512K 	chunk_size: 256M 	num_reg: 10  	lose cover RAM: 482G
[    0.001428]  gran_size: 512K 	chunk_size: 512M 	num_reg: 10  	lose cover RAM: 0G
[    0.001430]  gran_size: 512K 	chunk_size: 1G 	num_reg: 10  	lose cover RAM: 0G
[    0.001432]  gran_size: 512K 	chunk_size: 2G 	num_reg: 10  	lose cover RAM: 0G
[    0.001433]  gran_size: 1M 	chunk_size: 1M 	num_reg: 10  	lose cover RAM: 386G
[    0.001435]  gran_size: 1M 	chunk_size: 2M 	num_reg: 10  	lose cover RAM: 386G
[    0.001437]  gran_size: 1M 	chunk_size: 4M 	num_reg: 10  	lose cover RAM: 386G
[    0.001439]  gran_size: 1M 	chunk_size: 8M 	num_reg: 10  	lose cover RAM: 386G
[    0.001441]  gran_size: 1M 	chunk_size: 16M 	num_reg: 10  	lose cover RAM: 386G
[    0.001442]  gran_size: 1M 	chunk_size: 32M 	num_reg: 10  	lose cover RAM: 386G
[    0.001444]  gran_size: 1M 	chunk_size: 64M 	num_reg: 10  	lose cover RAM: 386G
[    0.001446]  gran_size: 1M 	chunk_size: 128M 	num_reg: 10  	lose cover RAM: 482G
[    0.001448]  gran_size: 1M 	chunk_size: 256M 	num_reg: 10  	lose cover RAM: 482G
[    0.001450]  gran_size: 1M 	chunk_size: 512M 	num_reg: 10  	lose cover RAM: 0G
[    0.001451]  gran_size: 1M 	chunk_size: 1G 	num_reg: 10  	lose cover RAM: 0G
[    0.001453]  gran_size: 1M 	chunk_size: 2G 	num_reg: 10  	lose cover RAM: 0G
[    0.001455]  gran_size: 2M 	chunk_size: 2M 	num_reg: 10  	lose cover RAM: 386G
[    0.001457]  gran_size: 2M 	chunk_size: 4M 	num_reg: 10  	lose cover RAM: 386G
[    0.001459]  gran_size: 2M 	chunk_size: 8M 	num_reg: 10  	lose cover RAM: 386G
[    0.001461]  gran_size: 2M 	chunk_size: 16M 	num_reg: 10  	lose cover RAM: 386G
[    0.001462]  gran_size: 2M 	chunk_size: 32M 	num_reg: 10  	lose cover RAM: 386G
[    0.001464]  gran_size: 2M 	chunk_size: 64M 	num_reg: 10  	lose cover RAM: 386G
[    0.001466]  gran_size: 2M 	chunk_size: 128M 	num_reg: 10  	lose cover RAM: 482G
[    0.001468]  gran_size: 2M 	chunk_size: 256M 	num_reg: 10  	lose cover RAM: 482G
[    0.001470]  gran_size: 2M 	chunk_size: 512M 	num_reg: 10  	lose cover RAM: 0G
[    0.001472]  gran_size: 2M 	chunk_size: 1G 	num_reg: 10  	lose cover RAM: 0G
[    0.001474]  gran_size: 2M 	chunk_size: 2G 	num_reg: 10  	lose cover RAM: 0G
[    0.001476]  gran_size: 4M 	chunk_size: 4M 	num_reg: 10  	lose cover RAM: 386G
[    0.001477]  gran_size: 4M 	chunk_size: 8M 	num_reg: 10  	lose cover RAM: 386G
[    0.001479]  gran_size: 4M 	chunk_size: 16M 	num_reg: 10  	lose cover RAM: 386G
[    0.001481]  gran_size: 4M 	chunk_size: 32M 	num_reg: 10  	lose cover RAM: 386G
[    0.001483]  gran_size: 4M 	chunk_size: 64M 	num_reg: 10  	lose cover RAM: 386G
[    0.001485]  gran_size: 4M 	chunk_size: 128M 	num_reg: 10  	lose cover RAM: 482G
[    0.001486]  gran_size: 4M 	chunk_size: 256M 	num_reg: 10  	lose cover RAM: 482G
[    0.001488]  gran_size: 4M 	chunk_size: 512M 	num_reg: 10  	lose cover RAM: 0G
[    0.001490]  gran_size: 4M 	chunk_size: 1G 	num_reg: 10  	lose cover RAM: 0G
[    0.001492]  gran_size: 4M 	chunk_size: 2G 	num_reg: 10  	lose cover RAM: 0G
[    0.001494]  gran_size: 8M 	chunk_size: 8M 	num_reg: 10  	lose cover RAM: 386G
[    0.001495]  gran_size: 8M 	chunk_size: 16M 	num_reg: 10  	lose cover RAM: 386G
[    0.001497]  gran_size: 8M 	chunk_size: 32M 	num_reg: 10  	lose cover RAM: 386G
[    0.001499]  gran_size: 8M 	chunk_size: 64M 	num_reg: 10  	lose cover RAM: 386G
[    0.001501]  gran_size: 8M 	chunk_size: 128M 	num_reg: 10  	lose cover RAM: 482G
[    0.001503]  gran_size: 8M 	chunk_size: 256M 	num_reg: 10  	lose cover RAM: 482G
[    0.001505]  gran_size: 8M 	chunk_size: 512M 	num_reg: 10  	lose cover RAM: 0G
[    0.001507]  gran_size: 8M 	chunk_size: 1G 	num_reg: 10  	lose cover RAM: 0G
[    0.001509]  gran_size: 8M 	chunk_size: 2G 	num_reg: 10  	lose cover RAM: 0G
[    0.001511]  gran_size: 16M 	chunk_size: 16M 	num_reg: 10  	lose cover RAM: 386G
[    0.001512]  gran_size: 16M 	chunk_size: 32M 	num_reg: 10  	lose cover RAM: 386G
[    0.001514]  gran_size: 16M 	chunk_size: 64M 	num_reg: 10  	lose cover RAM: 386G
[    0.001516]  gran_size: 16M 	chunk_size: 128M 	num_reg: 10  	lose cover RAM: 482G
[    0.001518]  gran_size: 16M 	chunk_size: 256M 	num_reg: 10  	lose cover RAM: 482G
[    0.001520]  gran_size: 16M 	chunk_size: 512M 	num_reg: 10  	lose cover RAM: 0G
[    0.001522]  gran_size: 16M 	chunk_size: 1G 	num_reg: 10  	lose cover RAM: 0G
[    0.001523]  gran_size: 16M 	chunk_size: 2G 	num_reg: 10  	lose cover RAM: 0G
[    0.001525]  gran_size: 32M 	chunk_size: 32M 	num_reg: 10  	lose cover RAM: 386G
[    0.001527]  gran_size: 32M 	chunk_size: 64M 	num_reg: 10  	lose cover RAM: 386G
[    0.001529]  gran_size: 32M 	chunk_size: 128M 	num_reg: 10  	lose cover RAM: 482G
[    0.001531]  gran_size: 32M 	chunk_size: 256M 	num_reg: 10  	lose cover RAM: 482G
[    0.001533]  gran_size: 32M 	chunk_size: 512M 	num_reg: 10  	lose cover RAM: 0G
[    0.001535]  gran_size: 32M 	chunk_size: 1G 	num_reg: 10  	lose cover RAM: 0G
[    0.001536]  gran_size: 32M 	chunk_size: 2G 	num_reg: 10  	lose cover RAM: 0G
[    0.001538]  gran_size: 64M 	chunk_size: 64M 	num_reg: 10  	lose cover RAM: 386G
[    0.001540]  gran_size: 64M 	chunk_size: 128M 	num_reg: 10  	lose cover RAM: 482G
[    0.001542]  gran_size: 64M 	chunk_size: 256M 	num_reg: 10  	lose cover RAM: 482G
[    0.001544]  gran_size: 64M 	chunk_size: 512M 	num_reg: 10  	lose cover RAM: 0G
[    0.001546]  gran_size: 64M 	chunk_size: 1G 	num_reg: 10  	lose cover RAM: 0G
[    0.001547]  gran_size: 64M 	chunk_size: 2G 	num_reg: 10  	lose cover RAM: 0G
[    0.001549]  gran_size: 128M 	chunk_size: 128M 	num_reg: 10  	lose cover RAM: 395328M
[    0.001551]  gran_size: 128M 	chunk_size: 256M 	num_reg: 10  	lose cover RAM: 395328M
[    0.001553]  gran_size: 128M 	chunk_size: 512M 	num_reg: 10  	lose cover RAM: 0G
[    0.001555]  gran_size: 128M 	chunk_size: 1G 	num_reg: 10  	lose cover RAM: 0G
[    0.001557]  gran_size: 128M 	chunk_size: 2G 	num_reg: 10  	lose cover RAM: 0G
[    0.001559]  gran_size: 256M 	chunk_size: 256M 	num_reg: 10  	lose cover RAM: 2240M
[    0.001561]  gran_size: 256M 	chunk_size: 512M 	num_reg: 10  	lose cover RAM: 0G
[    0.001563]  gran_size: 256M 	chunk_size: 1G 	num_reg: 10  	lose cover RAM: 0G
[    0.001565]  gran_size: 256M 	chunk_size: 2G 	num_reg: 10  	lose cover RAM: 0G
[    0.001567]  gran_size: 512M 	chunk_size: 512M 	num_reg: 10  	lose cover RAM: 448M
[    0.001568]  gran_size: 512M 	chunk_size: 1G 	num_reg: 10  	lose cover RAM: 2304M
[    0.001570]  gran_size: 512M 	chunk_size: 2G 	num_reg: 10  	lose cover RAM: 2304M
[    0.001572]  gran_size: 1G 	chunk_size: 1G 	num_reg: 9  	lose cover RAM: 960M
[    0.001574]  gran_size: 1G 	chunk_size: 2G 	num_reg: 10  	lose cover RAM: 264960M
[    0.001576]  gran_size: 2G 	chunk_size: 2G 	num_reg: 8  	lose cover RAM: 1984M
[    0.001578] mtrr_cleanup: can not find optimal value
[    0.001579] please specify mtrr_gran_size/mtrr_chunk_size
[    0.001582] e820: update [mem 0x70000000-0x73ffffff] usable ==> reserved
[    0.001585] e820: update [mem 0x80000000-0xffffffff] usable ==> reserved
[    0.001590] last_pfn = 0x70000 max_arch_pfn = 0x400000000
[    0.009264] efi: Failed to lookup EFI memory descriptor for 0x00000000683aa000
[    0.009283] check: Scanning 1 areas for low memory corruption
[    0.009288] Using GB pages for direct mapping
[    0.009743] Secure boot disabled
[    0.009744] RAMDISK: [mem 0x4bcb0000-0x4f8defff]
[    0.009753] ACPI: Early table checksum verification disabled
[    0.009757] ACPI: RSDP 0x000000006FFFE014 000024 (v02 DELL  )
[    0.009761] ACPI: XSDT 0x000000006FBF9188 0000F4 (v01 DELL   PE_SC3   00000000      01000013)
[    0.009768] ACPI: FACP 0x000000006FFF8000 000114 (v06 DELL   PE_SC3   00000000 DELL 00000001)
[    0.009774] ACPI: DSDT 0x000000006FCFA000 2EE3DC (v02 DELL   PE_SC3   00000003 DELL 00000001)
[    0.009778] ACPI: FACS 0x000000006F6EE000 000040
[    0.009781] ACPI: SSDT 0x000000006FFFC000 00046C (v02 INTEL  ADDRXLAT 00000001 INTL 20180508)
[    0.009785] ACPI: MCEJ 0x000000006FFFB000 000130 (v01 DELL   PE_SC3   00000002 DELL 00000001)
[    0.009789] ACPI: WD__ 0x000000006FFFA000 000134 (v01 DELL   PE_SC3   00000001 DELL 00000001)
[    0.009792] ACPI: SLIC 0x000000006FFF9000 000176 (v01 DELL   PE_SC3   00000001 DELL 00000001)
[    0.009796] ACPI: HPET 0x000000006FFF7000 000038 (v01 DELL   PE_SC3   00000001 DELL 00000001)
[    0.009799] ACPI: APIC 0x000000006FFF5000 0016DE (v04 DELL   PE_SC3   00000000 DELL 00000001)
[    0.009803] ACPI: MCFG 0x000000006FFF4000 00003C (v01 DELL   PE_SC3   00000001 DELL 00000001)
[    0.009806] ACPI: MIGT 0x000000006FFF3000 000040 (v01 DELL   PE_SC3   00000000 DELL 00000001)
[    0.009810] ACPI: MSCT 0x000000006FFF2000 000090 (v01 DELL   PE_SC3   00000001 DELL 00000001)
[    0.009813] ACPI: PCAT 0x000000006FFF1000 000088 (v02 DELL   PE_SC3   00000002 DELL 00000001)
[    0.009817] ACPI: PCCT 0x000000006FFF0000 00006E (v01 DELL   PE_SC3   00000002 DELL 00000001)
[    0.009820] ACPI: RASF 0x000000006FFEF000 000030 (v01 DELL   PE_SC3   00000001 DELL 00000001)
[    0.009824] ACPI: SLIT 0x000000006FFEE000 00042C (v01 DELL   PE_SC3   00000001 DELL 00000001)
[    0.009827] ACPI: SRAT 0x000000006FFEB000 002D30 (v03 DELL   PE_SC3   00000002 DELL 00000001)
[    0.009831] ACPI: SVOS 0x000000006FFEA000 000032 (v01 DELL   PE_SC3   00000000 DELL 00000001)
[    0.009834] ACPI: WSMT 0x000000006FFE9000 000028 (v01 DELL   PE_SC3   00000000 DELL 00000001)
[    0.009838] ACPI: OEM4 0x000000006FC4C000 0AD1C1 (v02 INTEL  CPU  CST 00003000 INTL 20180508)
[    0.009842] ACPI: SSDT 0x000000006FC14000 037465 (v02 INTEL  SSDT  PM 00004000 INTL 20180508)
[    0.009846] ACPI: SSDT 0x000000006FBFA000 000A1F (v02 DELL   PE_SC3   00000000 DELL 00000001)
[    0.009849] ACPI: SSDT 0x000000006FC10000 00357F (v02 INTEL  SpsNm    00000002 INTL 20180508)
[    0.009853] ACPI: DMAR 0x000000006FFFD000 0001D0 (v01 DELL   PE_SC3   00000001 DELL 00000001)
[    0.009856] ACPI: HEST 0x000000006FC0F000 00017C (v01 DELL   PE_SC3   00000002 DELL 00000001)
[    0.009860] ACPI: BERT 0x000000006FC0E000 000030 (v01 DELL   PE_SC3   00000002 DELL 00000001)
[    0.009863] ACPI: ERST 0x000000006FC0D000 000230 (v01 DELL   PE_SC3   00000002 DELL 00000001)
[    0.009867] ACPI: EINJ 0x000000006FC0C000 000150 (v01 DELL   PE_SC3   00000002 DELL 00000001)
[    0.009876] ACPI: Local APIC address 0xfee00000
[    0.009979] SRAT: PXM 0 -> APIC 0x00 -> Node 0
[    0.009981] SRAT: PXM 1 -> APIC 0x40 -> Node 1
[    0.009982] SRAT: PXM 0 -> APIC 0x08 -> Node 0
[    0.009983] SRAT: PXM 1 -> APIC 0x48 -> Node 1
[    0.009984] SRAT: PXM 0 -> APIC 0x02 -> Node 0
[    0.009985] SRAT: PXM 1 -> APIC 0x42 -> Node 1
[    0.009986] SRAT: PXM 0 -> APIC 0x06 -> Node 0
[    0.009987] SRAT: PXM 1 -> APIC 0x46 -> Node 1
[    0.009988] SRAT: PXM 0 -> APIC 0x04 -> Node 0
[    0.009989] SRAT: PXM 1 -> APIC 0x44 -> Node 1
[    0.009991] SRAT: PXM 0 -> APIC 0x18 -> Node 0
[    0.009992] SRAT: PXM 1 -> APIC 0x58 -> Node 1
[    0.009992] SRAT: PXM 0 -> APIC 0x10 -> Node 0
[    0.009994] SRAT: PXM 1 -> APIC 0x50 -> Node 1
[    0.009995] SRAT: PXM 0 -> APIC 0x16 -> Node 0
[    0.009996] SRAT: PXM 1 -> APIC 0x56 -> Node 1
[    0.009997] SRAT: PXM 0 -> APIC 0x12 -> Node 0
[    0.009998] SRAT: PXM 1 -> APIC 0x52 -> Node 1
[    0.009999] SRAT: PXM 0 -> APIC 0x14 -> Node 0
[    0.010000] SRAT: PXM 1 -> APIC 0x54 -> Node 1
[    0.010001] SRAT: PXM 0 -> APIC 0x20 -> Node 0
[    0.010002] SRAT: PXM 1 -> APIC 0x60 -> Node 1
[    0.010003] SRAT: PXM 0 -> APIC 0x28 -> Node 0
[    0.010004] SRAT: PXM 1 -> APIC 0x68 -> Node 1
[    0.010005] SRAT: PXM 0 -> APIC 0x22 -> Node 0
[    0.010006] SRAT: PXM 1 -> APIC 0x62 -> Node 1
[    0.010007] SRAT: PXM 0 -> APIC 0x26 -> Node 0
[    0.010008] SRAT: PXM 1 -> APIC 0x66 -> Node 1
[    0.010009] SRAT: PXM 0 -> APIC 0x24 -> Node 0
[    0.010010] SRAT: PXM 1 -> APIC 0x64 -> Node 1
[    0.010011] SRAT: PXM 0 -> APIC 0x38 -> Node 0
[    0.010012] SRAT: PXM 1 -> APIC 0x78 -> Node 1
[    0.010013] SRAT: PXM 0 -> APIC 0x30 -> Node 0
[    0.010014] SRAT: PXM 1 -> APIC 0x70 -> Node 1
[    0.010015] SRAT: PXM 0 -> APIC 0x36 -> Node 0
[    0.010016] SRAT: PXM 1 -> APIC 0x76 -> Node 1
[    0.010017] SRAT: PXM 0 -> APIC 0x32 -> Node 0
[    0.010018] SRAT: PXM 1 -> APIC 0x72 -> Node 1
[    0.010019] SRAT: PXM 0 -> APIC 0x34 -> Node 0
[    0.010020] SRAT: PXM 1 -> APIC 0x74 -> Node 1
[    0.010034] ACPI: SRAT: Node 0 PXM 0 [mem 0x00000000-0x7fffffff]
[    0.010036] ACPI: SRAT: Node 0 PXM 0 [mem 0x100000000-0x407fffffff]
[    0.010038] ACPI: SRAT: Node 1 PXM 1 [mem 0x4080000000-0x807fffffff]
[    0.010047] NUMA: Initialized distance table, cnt=2
[    0.010048] NUMA: Node 0 [mem 0x00000000-0x7fffffff] + [mem 0x100000000-0x407fffffff] -> [mem 0x00000000-0x407fffffff]
[    0.010061] NODE_DATA(0) allocated [mem 0xffffd6000-0xfffffffff]
[    0.010086] NODE_DATA(1) allocated [mem 0x807ffd5000-0x807fffefff]
[    0.010434] Zone ranges:
[    0.010435]   DMA      [mem 0x0000000000001000-0x0000000000ffffff]
[    0.010438]   DMA32    [mem 0x0000000001000000-0x00000000ffffffff]
[    0.010440]   Normal   [mem 0x0000000100000000-0x000000807fffffff]
[    0.010442]   Device   empty
[    0.010443] Movable zone start for each node
[    0.010446] Early memory node ranges
[    0.010447]   node   0: [mem 0x0000000000001000-0x000000000009ffff]
[    0.010449]   node   0: [mem 0x0000000000100000-0x00000000682fefff]
[    0.010450]   node   0: [mem 0x000000006ffff000-0x000000006fffffff]
[    0.010451]   node   0: [mem 0x0000000100000000-0x0000000fffffffff]
[    0.010456]   node   1: [mem 0x0000008000000000-0x000000807fffffff]
[    0.012189] Zeroed struct page in unavailable ranges: 32097 pages
[    0.012191] Initmem setup node 0 [mem 0x0000000000001000-0x0000000fffffffff]
[    0.012193] On node 0 totalpages: 16155295
[    0.012195]   DMA zone: 64 pages used for memmap
[    0.012196]   DMA zone: 1094 pages reserved
[    0.012197]   DMA zone: 3999 pages, LIFO batch:0
[    0.012239]   DMA32 zone: 6604 pages used for memmap
[    0.012240]   DMA32 zone: 422656 pages, LIFO batch:63
[    0.016242]   Normal zone: 245760 pages used for memmap
[    0.016243]   Normal zone: 15728640 pages, LIFO batch:63
[    0.164702] Initmem setup node 1 [mem 0x0000008000000000-0x000000807fffffff]
[    0.164705] On node 1 totalpages: 524288
[    0.164706]   Normal zone: 8192 pages used for memmap
[    0.164707]   Normal zone: 524288 pages, LIFO batch:63
[    0.170990] ACPI: PM-Timer IO Port: 0x508
[    0.170993] ACPI: Local APIC address 0xfee00000
[    0.171015] ACPI: X2APIC_NMI (uid[0xffffffff] high level lint[0x1])
[    0.171020] ACPI: LAPIC_NMI (acpi_id[0xff] high level lint[0x1])
[    0.171040] IOAPIC[0]: apic_id 8, version 32, address 0xfec00000, GSI 0-23
[    0.171045] IOAPIC[1]: apic_id 9, version 32, address 0xfec01000, GSI 24-31
[    0.171050] IOAPIC[2]: apic_id 10, version 32, address 0xfec08000, GSI 32-39
[    0.171055] IOAPIC[3]: apic_id 11, version 32, address 0xfec10000, GSI 40-47
[    0.171059] IOAPIC[4]: apic_id 12, version 32, address 0xfec18000, GSI 48-55
[    0.171064] IOAPIC[5]: apic_id 15, version 32, address 0xfec20000, GSI 72-79
[    0.171069] IOAPIC[6]: apic_id 16, version 32, address 0xfec28000, GSI 80-87
[    0.171074] IOAPIC[7]: apic_id 17, version 32, address 0xfec30000, GSI 88-95
[    0.171079] IOAPIC[8]: apic_id 18, version 32, address 0xfec38000, GSI 96-103
[    0.171085] ACPI: INT_SRC_OVR (bus 0 bus_irq 0 global_irq 2 dfl dfl)
[    0.171087] ACPI: INT_SRC_OVR (bus 0 bus_irq 9 global_irq 9 high level)
[    0.171091] ACPI: IRQ0 used by override.
[    0.171092] ACPI: IRQ9 used by override.
[    0.171098] Using ACPI (MADT) for SMP configuration information
[    0.171099] ACPI: HPET id: 0x8086a701 base: 0xfed00000
[    0.171102] TSC deadline timer available
[    0.171104] smpboot: Allowing 40 CPUs, 0 hotplug CPUs
[    0.171122] PM: hibernation: Registered nosave memory: [mem 0x00000000-0x00000fff]
[    0.171125] PM: hibernation: Registered nosave memory: [mem 0x000a0000-0x000fffff]
[    0.171127] PM: hibernation: Registered nosave memory: [mem 0x4bb02000-0x4bb02fff]
[    0.171129] PM: hibernation: Registered nosave memory: [mem 0x4bb08000-0x4bb08fff]
[    0.171130] PM: hibernation: Registered nosave memory: [mem 0x4bb09000-0x4bb09fff]
[    0.171132] PM: hibernation: Registered nosave memory: [mem 0x4bb13000-0x4bb13fff]
[    0.171133] PM: hibernation: Registered nosave memory: [mem 0x4bb14000-0x4bb14fff]
[    0.171135] PM: hibernation: Registered nosave memory: [mem 0x4bb70000-0x4bb70fff]
[    0.171136] PM: hibernation: Registered nosave memory: [mem 0x4bb71000-0x4bb71fff]
[    0.171138] PM: hibernation: Registered nosave memory: [mem 0x4bbcd000-0x4bbcdfff]
[    0.171139] PM: hibernation: Registered nosave memory: [mem 0x4bbce000-0x4bbcefff]
[    0.171141] PM: hibernation: Registered nosave memory: [mem 0x4bc2d000-0x4bc2dfff]
[    0.171142] PM: hibernation: Registered nosave memory: [mem 0x4bc2e000-0x4bc2efff]
[    0.171144] PM: hibernation: Registered nosave memory: [mem 0x4bc8d000-0x4bc8dfff]
[    0.171145] PM: hibernation: Registered nosave memory: [mem 0x4bc8e000-0x4bc8efff]
[    0.171147] PM: hibernation: Registered nosave memory: [mem 0x4bca6000-0x4bca6fff]
[    0.171148] PM: hibernation: Registered nosave memory: [mem 0x4bca7000-0x4bca7fff]
[    0.171150] PM: hibernation: Registered nosave memory: [mem 0x4bcaf000-0x4bcaffff]
[    0.171152] PM: hibernation: Registered nosave memory: [mem 0x682ff000-0x6ebfefff]
[    0.171153] PM: hibernation: Registered nosave memory: [mem 0x6ebff000-0x6f9fefff]
[    0.171154] PM: hibernation: Registered nosave memory: [mem 0x6f9ff000-0x6fffefff]
[    0.171156] PM: hibernation: Registered nosave memory: [mem 0x70000000-0x8fffffff]
[    0.171157] PM: hibernation: Registered nosave memory: [mem 0x90000000-0xfdffffff]
[    0.171158] PM: hibernation: Registered nosave memory: [mem 0xfe000000-0xfe010fff]
[    0.171159] PM: hibernation: Registered nosave memory: [mem 0xfe011000-0xffffffff]
[    0.171161] PM: hibernation: Registered nosave memory: [mem 0x1000000000-0x7fffffffff]
[    0.171163] [mem 0x90000000-0xfdffffff] available for PCI devices
[    0.171165] Booting paravirtualized kernel on bare hardware
[    0.171167] clocksource: refined-jiffies: mask: 0xffffffff max_cycles: 0xffffffff, max_idle_ns: 7645519600211568 ns
[    0.171175] setup_percpu: NR_CPUS:8192 nr_cpumask_bits:40 nr_cpu_ids:40 nr_node_ids:2
[    0.174047] percpu: Embedded 56 pages/cpu s192512 r8192 d28672 u262144
[    0.174057] pcpu-alloc: s192512 r8192 d28672 u262144 alloc=1*2097152
[    0.174061] pcpu-alloc: [0] 00 02 04 06 08 10 12 14 [0] 16 18 20 22 24 26 28 30 
[    0.174073] pcpu-alloc: [0] 32 34 36 38 -- -- -- -- [1] 01 03 05 07 09 11 13 15 
[    0.174086] pcpu-alloc: [1] 17 19 21 23 25 27 29 31 [1] 33 35 37 39 -- -- -- -- 
[    0.174134] Built 2 zonelists, mobility grouping on.  Total pages: 16417869
[    0.174136] Policy zone: Normal
[    0.174137] Kernel command line: BOOT_IMAGE=/boot/vmlinuz-5.11.0.vanilla-f2fs root=UUID=0fe244cb-556c-49fd-bc46-148ab2afc428 ro memmap=448G$64G intremap=off isolcpus=37,39 quiet splash vt.handoff=7
[    0.174677] mem auto-init: stack:off, heap alloc:on, heap free:off
[    0.347081] Memory: 65365308K/66718332K available (16393K kernel code, 17748K rwdata, 10284K rodata, 2804K init, 10024K bss, 1352764K reserved, 0K cma-reserved)
[    0.347086] random: get_random_u64 called from __kmem_cache_create+0x31/0x460 with crng_init=1
[    0.347543] SLUB: HWalign=64, Order=0-3, MinObjects=0, CPUs=40, Nodes=2
[    0.347565] ftrace: allocating 48076 entries in 188 pages
[    0.365601] ftrace: allocated 188 pages with 5 groups
[    0.366305] rcu: Hierarchical RCU implementation.
[    0.366306] rcu: 	RCU restricting CPUs from NR_CPUS=8192 to nr_cpu_ids=40.
[    0.366308] 	Rude variant of Tasks RCU enabled.
[    0.366309] 	Tracing variant of Tasks RCU enabled.
[    0.366309] rcu: RCU calculated value of scheduler-enlistment delay is 25 jiffies.
[    0.366310] rcu: Adjusting geometry for rcu_fanout_leaf=16, nr_cpu_ids=40
[    0.370290] NR_IRQS: 524544, nr_irqs: 2104, preallocated irqs: 16
[    0.370619] random: crng done (trusting CPU's manufacturer)
[    0.370719] Console: colour dummy device 80x25
[    0.370761] printk: console [tty0] enabled
[    0.370861] mempolicy: Enabling automatic NUMA balancing. Configure with numa_balancing= or the kernel.numa_balancing sysctl
[    0.370864] ACPI: Core revision 20201113
[    0.373941] clocksource: hpet: mask: 0xffffffff max_cycles: 0xffffffff, max_idle_ns: 79635855245 ns
[    0.373986] APIC: Switch to symmetric I/O mode setup
[    0.374199] x2apic: IRQ remapping doesn't support X2APIC mode
[    0.374305] Switched APIC routing to physical flat.
[    0.375233] ..TIMER: vector=0x30 apic1=0 pin1=2 apic2=-1 pin2=-1
[    0.393923] clocksource: tsc-early: mask: 0xffffffffffffffff max_cycles: 0x1e4530a99b6, max_idle_ns: 440795257976 ns
[    0.393928] Calibrating delay loop (skipped), value calculated using timer frequency.. 4200.00 BogoMIPS (lpj=8400000)
[    0.393932] pid_max: default: 40960 minimum: 320
[    0.397575] LSM: Security Framework initializing
[    0.397588] Yama: becoming mindful.
[    0.397623] AppArmor: AppArmor initialized
[    0.409410] Dentry cache hash table entries: 8388608 (order: 14, 67108864 bytes, vmalloc)
[    0.415271] Inode-cache hash table entries: 4194304 (order: 13, 33554432 bytes, vmalloc)
[    0.415509] Mount-cache hash table entries: 131072 (order: 8, 1048576 bytes, vmalloc)
[    0.415698] Mountpoint-cache hash table entries: 131072 (order: 8, 1048576 bytes, vmalloc)
[    0.416298] mce: CPU0: Thermal monitoring enabled (TM1)
[    0.416329] process: using mwait in idle threads
[    0.416332] Last level iTLB entries: 4KB 128, 2MB 8, 4MB 8
[    0.416333] Last level dTLB entries: 4KB 64, 2MB 0, 4MB 0, 1GB 4
[    0.416338] Spectre V1 : Mitigation: usercopy/swapgs barriers and __user pointer sanitization
[    0.416340] Spectre V2 : Mitigation: Enhanced IBRS
[    0.416341] Spectre V2 : Spectre v2 / SpectreRSB mitigation: Filling RSB on context switch
[    0.416342] Spectre V2 : mitigation: Enabling conditional Indirect Branch Prediction Barrier
[    0.416344] Speculative Store Bypass: Mitigation: Speculative Store Bypass disabled via prctl and seccomp
[    0.416345] TAA: Mitigation: TSX disabled
[    0.416617] Freeing SMP alternatives memory: 40K
[    0.422045] smpboot: Estimated ratio of average max frequency by base frequency (times 1024): 1804
[    0.422057] smpboot: CPU0: Intel(R) Xeon(R) Gold 6230 CPU @ 2.10GHz (family: 0x6, model: 0x55, stepping: 0x7)
[    0.422277] Performance Events: PEBS fmt3+, Skylake events, 32-deep LBR, full-width counters, Intel PMU driver.
[    0.422300] ... version:                4
[    0.422301] ... bit width:              48
[    0.422301] ... generic registers:      8
[    0.422302] ... value mask:             0000ffffffffffff
[    0.422303] ... max period:             00007fffffffffff
[    0.422304] ... fixed-purpose events:   3
[    0.422305] ... event mask:             00000007000000ff
[    0.422423] rcu: Hierarchical SRCU implementation.
[    0.425626] NMI watchdog: Enabled. Permanently consumes one hw-PMU counter.
[    0.426157] smp: Bringing up secondary CPUs ...
[    0.426335] x86: Booting SMP configuration:
[    0.426335] .... node  #1, CPUs:        #1
[    0.003350] smpboot: CPU 1 Converting physical 0 to logical die 1

[    0.518076] .... node  #0, CPUs:    #2
[    0.525174] .... node  #1, CPUs:    #3
[    0.533339] .... node  #0, CPUs:    #4
[    0.540325] .... node  #1, CPUs:    #5
[    0.548393] .... node  #0, CPUs:    #6
[    0.555400] .... node  #1, CPUs:    #7
[    0.563265] .... node  #0, CPUs:    #8
[    0.570124] .... node  #1, CPUs:    #9
[    0.578074] .... node  #0, CPUs:   #10
[    0.585194] .... node  #1, CPUs:   #11
[    0.593306] .... node  #0, CPUs:   #12
[    0.600525] .... node  #1, CPUs:   #13
[    0.608579] .... node  #0, CPUs:   #14
[    0.615552] .... node  #1, CPUs:   #15
[    0.623539] .... node  #0, CPUs:   #16
[    0.630721] .... node  #1, CPUs:   #17
[    0.638635] .... node  #0, CPUs:   #18
[    0.645524] .... node  #1, CPUs:   #19
[    0.653431] .... node  #0, CPUs:   #20
[    0.660558] .... node  #1, CPUs:   #21
[    0.668713] .... node  #0, CPUs:   #22
[    0.675891] .... node  #1, CPUs:   #23
[    0.684039] .... node  #0, CPUs:   #24
[    0.691072] .... node  #1, CPUs:   #25
[    0.699000] .... node  #0, CPUs:   #26
[    0.706140] .... node  #1, CPUs:   #27
[    0.714066] .... node  #0, CPUs:   #28
[    0.721039] .... node  #1, CPUs:   #29
[    0.729134] .... node  #0, CPUs:   #30
[    0.736345] .... node  #1, CPUs:   #31
[    0.744571] .... node  #0, CPUs:   #32
[    0.751669] .... node  #1, CPUs:   #33
[    0.759750] .... node  #0, CPUs:   #34
[    0.766852] .... node  #1, CPUs:   #35
[    0.774973] .... node  #0, CPUs:   #36
[    0.782131] .... node  #1, CPUs:   #37
[    0.790051] .... node  #0, CPUs:   #38
[    0.796710] .... node  #1, CPUs:   #39
[    0.804623] smp: Brought up 2 nodes, 40 CPUs
[    0.804623] smpboot: Max logical packages: 2
[    0.804623] smpboot: Total of 40 processors activated (168030.99 BogoMIPS)
[    0.809663] devtmpfs: initialized
[    0.809663] x86/mm: Memory block size: 2048MB
[    0.810203] PM: Registering ACPI NVS region [mem 0x6ebff000-0x6f9fefff] (14680064 bytes)
[    0.810236] clocksource: jiffies: mask: 0xffffffff max_cycles: 0xffffffff, max_idle_ns: 7645041785100000 ns
[    0.810564] futex hash table entries: 16384 (order: 8, 1048576 bytes, vmalloc)
[    0.810748] pinctrl core: initialized pinctrl subsystem
[    0.810882] PM: RTC time: 05:15:57, date: 2024-12-26
[    0.811089] NET: Registered protocol family 16
[    0.812672] DMA: preallocated 4096 KiB GFP_KERNEL pool for atomic allocations
[    0.813485] DMA: preallocated 4096 KiB GFP_KERNEL|GFP_DMA pool for atomic allocations
[    0.814647] DMA: preallocated 4096 KiB GFP_KERNEL|GFP_DMA32 pool for atomic allocations
[    0.814654] audit: initializing netlink subsys (disabled)
[    0.814659] audit: type=2000 audit(1735190156.444:1): state=initialized audit_enabled=0 res=1
[    0.814659] thermal_sys: Registered thermal governor 'fair_share'
[    0.814659] thermal_sys: Registered thermal governor 'bang_bang'
[    0.814659] thermal_sys: Registered thermal governor 'step_wise'
[    0.814659] thermal_sys: Registered thermal governor 'user_space'
[    0.814659] thermal_sys: Registered thermal governor 'power_allocator'
[    0.814659] EISA bus registered
[    0.814659] cpuidle: using governor ladder
[    0.814659] cpuidle: using governor menu
[    0.814659] Detected 1 PCC Subspaces
[    0.814659] Registering PCC driver as Mailbox controller
[    0.814659] ACPI FADT declares the system doesn't support PCIe ASPM, so disable it
[    0.814659] ACPI: bus type PCI registered
[    0.814659] acpiphp: ACPI Hot Plug PCI Controller Driver version: 0.5
[    0.814659] PCI: MMCONFIG for domain 0000 [bus 00-ff] at [mem 0x80000000-0x8fffffff] (base 0x80000000)
[    0.814659] PCI: MMCONFIG at [mem 0x80000000-0x8fffffff] reserved in E820
[    0.814659] pmd_set_huge: Cannot satisfy [mem 0x80000000-0x80200000] with a huge-page mapping due to MTRR override.
[    0.814659] PCI: Using configuration type 1 for base access
[    0.814659] PCI: Dell System detected, enabling pci=bfsort.
[    0.815451] ENERGY_PERF_BIAS: Set to 'normal', was 'performance'
[    0.818720] HugeTLB registered 1.00 GiB page size, pre-allocated 0 pages
[    0.818720] HugeTLB registered 2.00 MiB page size, pre-allocated 0 pages
[    0.818720] fbcon: Taking over console
[    0.818720] ACPI: Added _OSI(Module Device)
[    0.818720] ACPI: Added _OSI(Processor Device)
[    0.818720] ACPI: Added _OSI(3.0 _SCP Extensions)
[    0.818720] ACPI: Added _OSI(Processor Aggregator Device)
[    0.818720] ACPI: Added _OSI(Linux-Dell-Video)
[    0.818720] ACPI: Added _OSI(Linux-Lenovo-NV-HDMI-Audio)
[    0.818720] ACPI: Added _OSI(Linux-HPI-Hybrid-Graphics)
[    0.925410] ACPI: 5 ACPI AML tables successfully acquired and loaded
[    0.934465] ACPI: [Firmware Bug]: BIOS _OSI(Linux) query ignored
[    0.941618] ACPI: Dynamic OEM Table Load:
[    1.134720] ACPI: Interpreter enabled
[    1.134743] ACPI: (supports S0 S5)
[    1.134744] ACPI: Using IOAPIC for interrupt routing
[    1.134862] HEST: Table parsing has been initialized.
[    1.134865] PCI: Using host bridge windows from ACPI; if necessary, use "pci=nocrs" and report a bug
[    1.151063] ACPI: Enabled 5 GPEs in block 00 to 7F
[    1.227946] ACPI: PCI Root Bridge [PC00] (domain 0000 [bus 00-16])
[    1.227953] acpi PNP0A08:00: _OSC: OS supports [ExtendedConfig ASPM ClockPM Segments MSI EDR HPX-Type3]
[    1.228071] acpi PNP0A08:00: _OSC: platform does not support [SHPCHotplug AER LTR DPC]
[    1.228178] acpi PNP0A08:00: _OSC: OS now controls [PCIeHotplug PME PCIeCapability]
[    1.228180] acpi PNP0A08:00: FADT indicates ASPM is unsupported, using BIOS configuration
[    1.230125] PCI host bridge to bus 0000:00
[    1.230127] pci_bus 0000:00: root bus resource [io  0x0000-0x0cf7 window]
[    1.230129] pci_bus 0000:00: root bus resource [io  0x1000-0x3fff window]
[    1.230131] pci_bus 0000:00: root bus resource [mem 0x000a0000-0x000bffff window]
[    1.230133] pci_bus 0000:00: root bus resource [mem 0x000c4000-0x000c7fff window]
[    1.230134] pci_bus 0000:00: root bus resource [mem 0xfe010000-0xfe010fff window]
[    1.230135] pci_bus 0000:00: root bus resource [mem 0x90000000-0x9d7fffff window]
[    1.230137] pci_bus 0000:00: root bus resource [mem 0x380000000000-0x383fffffffff window]
[    1.230139] pci_bus 0000:00: root bus resource [bus 00-16]
[    1.230155] pci 0000:00:00.0: [8086:2020] type 00 class 0x060000
[    1.231019] pci 0000:00:05.0: [8086:2024] type 00 class 0x088000
[    1.231852] pci 0000:00:05.2: [8086:2025] type 00 class 0x088000
[    1.232668] pci 0000:00:05.4: [8086:2026] type 00 class 0x080020
[    1.232684] pci 0000:00:05.4: reg 0x10: [mem 0x92f20000-0x92f20fff]
[    1.233513] pci 0000:00:08.0: [8086:2014] type 00 class 0x088000
[    1.234324] pci 0000:00:08.1: [8086:2015] type 00 class 0x110100
[    1.235116] pci 0000:00:08.2: [8086:2016] type 00 class 0x088000
[    1.235939] pci 0000:00:11.0: [8086:a1ec] type 00 class 0xff0000
[    1.235942] pci 0000:00:11.0: device has non-compliant BARs; disabling IO/MEM decoding
[    1.236768] pci 0000:00:11.5: [8086:a1d2] type 00 class 0x010601
[    1.236790] pci 0000:00:11.5: reg 0x10: [mem 0x92f16000-0x92f17fff]
[    1.236804] pci 0000:00:11.5: reg 0x14: [mem 0x92f1f000-0x92f1f0ff]
[    1.236818] pci 0000:00:11.5: reg 0x18: [io  0x2068-0x206f]
[    1.236831] pci 0000:00:11.5: reg 0x1c: [io  0x2074-0x2077]
[    1.236845] pci 0000:00:11.5: reg 0x20: [io  0x2040-0x205f]
[    1.236858] pci 0000:00:11.5: reg 0x24: [mem 0x92e80000-0x92efffff]
[    1.236899] pci 0000:00:11.5: PME# supported from D3hot
[    1.237753] pci 0000:00:14.0: [8086:a1af] type 00 class 0x0c0330
[    1.237783] pci 0000:00:14.0: reg 0x10: [mem 0x92f00000-0x92f0ffff 64bit]
[    1.237874] pci 0000:00:14.0: PME# supported from D3hot D3cold
[    1.238730] pci 0000:00:14.2: [8086:a1b1] type 00 class 0x118000
[    1.238759] pci 0000:00:14.2: reg 0x10: [mem 0x92f1c000-0x92f1cfff 64bit]
[    1.239632] pci 0000:00:16.0: [8086:a1ba] type 00 class 0x078000
[    1.239667] pci 0000:00:16.0: reg 0x10: [mem 0x92f1b000-0x92f1bfff 64bit]
[    1.239778] pci 0000:00:16.0: PME# supported from D3hot
[    1.240564] pci 0000:00:16.1: [8086:a1bb] type 00 class 0x078000
[    1.240599] pci 0000:00:16.1: reg 0x10: [mem 0x92f1a000-0x92f1afff 64bit]
[    1.240710] pci 0000:00:16.1: PME# supported from D3hot
[    1.241510] pci 0000:00:16.4: [8086:a1be] type 00 class 0x078000
[    1.241545] pci 0000:00:16.4: reg 0x10: [mem 0x92f19000-0x92f19fff 64bit]
[    1.241656] pci 0000:00:16.4: PME# supported from D3hot
[    1.242443] pci 0000:00:17.0: [8086:a182] type 00 class 0x010601
[    1.242465] pci 0000:00:17.0: reg 0x10: [mem 0x92f14000-0x92f15fff]
[    1.242479] pci 0000:00:17.0: reg 0x14: [mem 0x92f1e000-0x92f1e0ff]
[    1.242492] pci 0000:00:17.0: reg 0x18: [io  0x2060-0x2067]
[    1.242505] pci 0000:00:17.0: reg 0x1c: [io  0x2070-0x2073]
[    1.242519] pci 0000:00:17.0: reg 0x20: [io  0x2020-0x203f]
[    1.242532] pci 0000:00:17.0: reg 0x24: [mem 0x92e00000-0x92e7ffff]
[    1.242574] pci 0000:00:17.0: PME# supported from D3hot
[    1.243419] pci 0000:00:1c.0: [8086:a190] type 01 class 0x060400
[    1.244232] pci 0000:00:1c.0: PME# supported from D0 D3hot D3cold
[    1.244476] pci 0000:00:1c.4: [8086:a194] type 01 class 0x060400
[    1.244564] pci 0000:00:1c.4: PME# supported from D0 D3hot D3cold
[    1.245537] pci 0000:00:1f.0: [8086:a1c1] type 00 class 0x060100
[    1.246520] pci 0000:00:1f.2: [8086:a1a1] type 00 class 0x058000
[    1.246544] pci 0000:00:1f.2: reg 0x10: [mem 0x92f10000-0x92f13fff]
[    1.247459] pci 0000:00:1f.4: [8086:a1a3] type 00 class 0x0c0500
[    1.247490] pci 0000:00:1f.4: reg 0x10: [mem 0x92f18000-0x92f180ff 64bit]
[    1.247531] pci 0000:00:1f.4: reg 0x20: [io  0x2000-0x201f]
[    1.248333] pci 0000:00:1f.5: [8086:a1a4] type 00 class 0x0c8000
[    1.248357] pci 0000:00:1f.5: reg 0x10: [mem 0xfe010000-0xfe010fff]
[    1.249265] pci 0000:00:1c.0: PCI bridge to [bus 01]
[    1.249269] pci 0000:00:1c.0:   bridge window [mem 0x92a00000-0x92dfffff]
[    1.249329] pci 0000:02:00.0: [1556:be00] type 01 class 0x060400
[    1.257941] pci 0000:00:1c.4: PCI bridge to [bus 02-03]
[    1.257945] pci 0000:00:1c.4:   bridge window [mem 0x92000000-0x928fffff]
[    1.257949] pci 0000:00:1c.4:   bridge window [mem 0x91000000-0x91ffffff 64bit pref]
[    1.257981] pci_bus 0000:03: extended config space not accessible
[    1.258003] pci 0000:03:00.0: [102b:0536] type 00 class 0x030000
[    1.258031] pci 0000:03:00.0: reg 0x10: [mem 0x91000000-0x91ffffff pref]
[    1.258049] pci 0000:03:00.0: reg 0x14: [mem 0x92808000-0x9280bfff]
[    1.258066] pci 0000:03:00.0: reg 0x18: [mem 0x92000000-0x927fffff]
[    1.258139] pci 0000:03:00.0: BAR 0: assigned to efifb
[    1.258234] pci 0000:02:00.0: PCI bridge to [bus 03]
[    1.258242] pci 0000:02:00.0:   bridge window [mem 0x92000000-0x928fffff]
[    1.258248] pci 0000:02:00.0:   bridge window [mem 0x91000000-0x91ffffff 64bit pref]
[    1.258277] pci_bus 0000:00: on NUMA node 0
[    1.258673] ACPI: PCI Interrupt Link [LNKA] (IRQs 3 4 5 6 10 *11 12 14 15)
[    1.258777] ACPI: PCI Interrupt Link [LNKB] (IRQs 3 4 5 *6 10 11 12 14 15)
[    1.258878] ACPI: PCI Interrupt Link [LNKC] (IRQs 3 4 *5 6 10 11 12 14 15)
[    1.258978] ACPI: PCI Interrupt Link [LNKD] (IRQs 3 4 5 6 10 *11 12 14 15)
[    1.259080] ACPI: PCI Interrupt Link [LNKE] (IRQs 3 4 5 6 10 *11 12 14 15)
[    1.259180] ACPI: PCI Interrupt Link [LNKF] (IRQs 3 4 5 *6 10 11 12 14 15)
[    1.259279] ACPI: PCI Interrupt Link [LNKG] (IRQs 3 4 *5 6 10 11 12 14 15)
[    1.259378] ACPI: PCI Interrupt Link [LNKH] (IRQs 3 4 5 6 10 *11 12 14 15)
[    1.259817] ACPI: PCI Root Bridge [PC01] (domain 0000 [bus 17-39])
[    1.259822] acpi PNP0A08:01: _OSC: OS supports [ExtendedConfig ASPM ClockPM Segments MSI EDR HPX-Type3]
[    1.259987] acpi PNP0A08:01: _OSC: platform does not support [SHPCHotplug AER LTR DPC]
[    1.260167] acpi PNP0A08:01: _OSC: OS now controls [PCIeHotplug PME PCIeCapability]
[    1.260168] acpi PNP0A08:01: FADT indicates ASPM is unsupported, using BIOS configuration
[    1.260400] PCI host bridge to bus 0000:17
[    1.260401] pci_bus 0000:17: root bus resource [io  0x4000-0x5fff window]
[    1.260403] pci_bus 0000:17: root bus resource [mem 0x9d800000-0xaaffffff window]
[    1.260405] pci_bus 0000:17: root bus resource [mem 0x384000000000-0x387fffffffff window]
[    1.260406] pci_bus 0000:17: root bus resource [bus 17-39]
[    1.260422] pci 0000:17:00.0: [8086:2030] type 01 class 0x060400
[    1.260498] pci 0000:17:00.0: PME# supported from D0 D3hot D3cold
[    1.260742] pci 0000:17:02.0: [8086:2032] type 01 class 0x060400
[    1.260787] pci 0000:17:02.0: enabling Extended Tags
[    1.260820] pci 0000:17:02.0: PME# supported from D0 D3hot D3cold
[    1.260927] pci 0000:17:03.0: [8086:2033] type 01 class 0x060400
[    1.260972] pci 0000:17:03.0: enabling Extended Tags
[    1.261003] pci 0000:17:03.0: PME# supported from D0 D3hot D3cold
[    1.261100] pci 0000:17:05.0: [8086:2034] type 00 class 0x088000
[    1.261223] pci 0000:17:05.2: [8086:2035] type 00 class 0x088000
[    1.261336] pci 0000:17:05.4: [8086:2036] type 00 class 0x080020
[    1.261353] pci 0000:17:05.4: reg 0x10: [mem 0x9e500000-0x9e500fff]
[    1.261482] pci 0000:17:08.0: [8086:208d] type 00 class 0x088000
[    1.261585] pci 0000:17:08.1: [8086:208d] type 00 class 0x088000
[    1.261673] pci 0000:17:08.2: [8086:208d] type 00 class 0x088000
[    1.261773] pci 0000:17:08.3: [8086:208d] type 00 class 0x088000
[    1.261862] pci 0000:17:08.4: [8086:208d] type 00 class 0x088000
[    1.261951] pci 0000:17:08.5: [8086:208d] type 00 class 0x088000
[    1.262039] pci 0000:17:08.6: [8086:208d] type 00 class 0x088000
[    1.262126] pci 0000:17:08.7: [8086:208d] type 00 class 0x088000
[    1.262214] pci 0000:17:09.0: [8086:208d] type 00 class 0x088000
[    1.262316] pci 0000:17:09.1: [8086:208d] type 00 class 0x088000
[    1.262403] pci 0000:17:09.2: [8086:208d] type 00 class 0x088000
[    1.262505] pci 0000:17:09.3: [8086:208d] type 00 class 0x088000
[    1.262592] pci 0000:17:09.4: [8086:208d] type 00 class 0x088000
[    1.262680] pci 0000:17:09.5: [8086:208d] type 00 class 0x088000
[    1.262767] pci 0000:17:09.6: [8086:208d] type 00 class 0x088000
[    1.262855] pci 0000:17:09.7: [8086:208d] type 00 class 0x088000
[    1.262945] pci 0000:17:0a.0: [8086:208d] type 00 class 0x088000
[    1.263045] pci 0000:17:0a.1: [8086:208d] type 00 class 0x088000
[    1.263137] pci 0000:17:0a.2: [8086:208d] type 00 class 0x088000
[    1.263237] pci 0000:17:0a.3: [8086:208d] type 00 class 0x088000
[    1.263325] pci 0000:17:0a.4: [8086:208d] type 00 class 0x088000
[    1.263413] pci 0000:17:0a.5: [8086:208d] type 00 class 0x088000
[    1.263500] pci 0000:17:0a.6: [8086:208d] type 00 class 0x088000
[    1.263587] pci 0000:17:0a.7: [8086:208d] type 00 class 0x088000
[    1.263676] pci 0000:17:0b.0: [8086:208d] type 00 class 0x088000
[    1.263785] pci 0000:17:0b.1: [8086:208d] type 00 class 0x088000
[    1.263875] pci 0000:17:0b.2: [8086:208d] type 00 class 0x088000
[    1.263970] pci 0000:17:0b.3: [8086:208d] type 00 class 0x088000
[    1.264062] pci 0000:17:0e.0: [8086:208e] type 00 class 0x088000
[    1.264161] pci 0000:17:0e.1: [8086:208e] type 00 class 0x088000
[    1.264248] pci 0000:17:0e.2: [8086:208e] type 00 class 0x088000
[    1.264335] pci 0000:17:0e.3: [8086:208e] type 00 class 0x088000
[    1.264422] pci 0000:17:0e.4: [8086:208e] type 00 class 0x088000
[    1.264509] pci 0000:17:0e.5: [8086:208e] type 00 class 0x088000
[    1.264597] pci 0000:17:0e.6: [8086:208e] type 00 class 0x088000
[    1.264690] pci 0000:17:0e.7: [8086:208e] type 00 class 0x088000
[    1.264779] pci 0000:17:0f.0: [8086:208e] type 00 class 0x088000
[    1.264879] pci 0000:17:0f.1: [8086:208e] type 00 class 0x088000
[    1.264967] pci 0000:17:0f.2: [8086:208e] type 00 class 0x088000
[    1.265055] pci 0000:17:0f.3: [8086:208e] type 00 class 0x088000
[    1.265143] pci 0000:17:0f.4: [8086:208e] type 00 class 0x088000
[    1.265238] pci 0000:17:0f.5: [8086:208e] type 00 class 0x088000
[    1.265328] pci 0000:17:0f.6: [8086:208e] type 00 class 0x088000
[    1.265426] pci 0000:17:0f.7: [8086:208e] type 00 class 0x088000
[    1.265514] pci 0000:17:10.0: [8086:208e] type 00 class 0x088000
[    1.265616] pci 0000:17:10.1: [8086:208e] type 00 class 0x088000
[    1.265707] pci 0000:17:10.2: [8086:208e] type 00 class 0x088000
[    1.265795] pci 0000:17:10.3: [8086:208e] type 00 class 0x088000
[    1.265883] pci 0000:17:10.4: [8086:208e] type 00 class 0x088000
[    1.265971] pci 0000:17:10.5: [8086:208e] type 00 class 0x088000
[    1.266059] pci 0000:17:10.6: [8086:208e] type 00 class 0x088000
[    1.266152] pci 0000:17:10.7: [8086:208e] type 00 class 0x088000
[    1.266239] pci 0000:17:11.0: [8086:208e] type 00 class 0x088000
[    1.266339] pci 0000:17:11.1: [8086:208e] type 00 class 0x088000
[    1.266427] pci 0000:17:11.2: [8086:208e] type 00 class 0x088000
[    1.266514] pci 0000:17:11.3: [8086:208e] type 00 class 0x088000
[    1.266614] pci 0000:17:1d.0: [8086:2054] type 00 class 0x088000
[    1.266714] pci 0000:17:1d.1: [8086:2055] type 00 class 0x088000
[    1.266802] pci 0000:17:1d.2: [8086:2056] type 00 class 0x088000
[    1.266902] pci 0000:17:1d.3: [8086:2057] type 00 class 0x088000
[    1.266994] pci 0000:17:1e.0: [8086:2080] type 00 class 0x088000
[    1.267094] pci 0000:17:1e.1: [8086:2081] type 00 class 0x088000
[    1.267184] pci 0000:17:1e.2: [8086:2082] type 00 class 0x088000
[    1.267303] pci 0000:17:1e.3: [8086:2083] type 00 class 0x088000
[    1.267391] pci 0000:17:1e.4: [8086:2084] type 00 class 0x088000
[    1.267479] pci 0000:17:1e.5: [8086:2085] type 00 class 0x088000
[    1.267568] pci 0000:17:1e.6: [8086:2086] type 00 class 0x088000
[    1.267703] pci 0000:18:00.0: [1000:005d] type 00 class 0x010400
[    1.267721] pci 0000:18:00.0: reg 0x10: [io  0x4000-0x40ff]
[    1.267738] pci 0000:18:00.0: reg 0x14: [mem 0x9e400000-0x9e40ffff 64bit]
[    1.267755] pci 0000:18:00.0: reg 0x1c: [mem 0x9e300000-0x9e3fffff 64bit]
[    1.267777] pci 0000:18:00.0: reg 0x30: [mem 0xfff00000-0xffffffff pref]
[    1.267815] pci 0000:18:00.0: supports D1 D2
[    1.267866] pci 0000:17:00.0: PCI bridge to [bus 18]
[    1.267868] pci 0000:17:00.0:   bridge window [io  0x4000-0x4fff]
[    1.267871] pci 0000:17:00.0:   bridge window [mem 0x9e300000-0x9e4fffff]
[    1.268014] pci 0000:19:00.0: [8086:1563] type 00 class 0x020000
[    1.268042] pci 0000:19:00.0: reg 0x10: [mem 0x9dc00000-0x9dffffff 64bit pref]
[    1.268085] pci 0000:19:00.0: reg 0x20: [mem 0x9e004000-0x9e007fff 64bit pref]
[    1.268099] pci 0000:19:00.0: reg 0x30: [mem 0xfff80000-0xffffffff pref]
[    1.268157] pci 0000:19:00.0: PME# supported from D0 D3hot D3cold
[    1.268389] pci 0000:19:00.1: [8086:1563] type 00 class 0x020000
[    1.268417] pci 0000:19:00.1: reg 0x10: [mem 0x9d800000-0x9dbfffff 64bit pref]
[    1.268460] pci 0000:19:00.1: reg 0x20: [mem 0x9e000000-0x9e003fff 64bit pref]
[    1.268474] pci 0000:19:00.1: reg 0x30: [mem 0xfff80000-0xffffffff pref]
[    1.268527] pci 0000:19:00.1: PME# supported from D0 D3hot D3cold
[    1.268721] pci 0000:17:02.0: PCI bridge to [bus 19]
[    1.268726] pci 0000:17:02.0:   bridge window [mem 0x9d800000-0x9e0fffff 64bit pref]
[    1.268787] pci 0000:1a:00.0: [8086:1521] type 00 class 0x020000
[    1.268809] pci 0000:1a:00.0: reg 0x10: [mem 0x9e180000-0x9e1fffff]
[    1.268846] pci 0000:1a:00.0: reg 0x1c: [mem 0x9e204000-0x9e207fff]
[    1.268883] pci 0000:1a:00.0: reg 0x30: [mem 0xfff80000-0xffffffff pref]
[    1.268940] pci 0000:1a:00.0: PME# supported from D0 D3hot D3cold
[    1.269124] pci 0000:1a:00.1: [8086:1521] type 00 class 0x020000
[    1.269146] pci 0000:1a:00.1: reg 0x10: [mem 0x9e100000-0x9e17ffff]
[    1.269183] pci 0000:1a:00.1: reg 0x1c: [mem 0x9e200000-0x9e203fff]
[    1.269220] pci 0000:1a:00.1: reg 0x30: [mem 0xfff80000-0xffffffff pref]
[    1.269274] pci 0000:1a:00.1: PME# supported from D0 D3hot D3cold
[    1.269440] pci 0000:17:03.0: PCI bridge to [bus 1a]
[    1.269443] pci 0000:17:03.0:   bridge window [mem 0x9e100000-0x9e2fffff]
[    1.269476] pci_bus 0000:17: on NUMA node 0
[    1.269637] ACPI: PCI Root Bridge [PC02] (domain 0000 [bus 3a-5c])
[    1.269641] acpi PNP0A08:02: _OSC: OS supports [ExtendedConfig ASPM ClockPM Segments MSI EDR HPX-Type3]
[    1.269796] acpi PNP0A08:02: _OSC: platform does not support [SHPCHotplug AER LTR DPC]
[    1.269953] acpi PNP0A08:02: _OSC: OS now controls [PCIeHotplug PME PCIeCapability]
[    1.269955] acpi PNP0A08:02: FADT indicates ASPM is unsupported, using BIOS configuration
[    1.270146] PCI host bridge to bus 0000:3a
[    1.270148] pci_bus 0000:3a: root bus resource [io  0x6000-0x7fff window]
[    1.270149] pci_bus 0000:3a: root bus resource [mem 0xab000000-0xb87fffff window]
[    1.270151] pci_bus 0000:3a: root bus resource [mem 0x388000000000-0x38bfffffffff window]
[    1.270153] pci_bus 0000:3a: root bus resource [bus 3a-5c]
[    1.270168] pci 0000:3a:00.0: [8086:2030] type 01 class 0x060400
[    1.270241] pci 0000:3a:00.0: PME# supported from D0 D3hot D3cold
[    1.270452] pci 0000:3a:05.0: [8086:2034] type 00 class 0x088000
[    1.270559] pci 0000:3a:05.2: [8086:2035] type 00 class 0x088000
[    1.270668] pci 0000:3a:05.4: [8086:2036] type 00 class 0x080020
[    1.270684] pci 0000:3a:05.4: reg 0x10: [mem 0xab100000-0xab100fff]
[    1.270803] pci 0000:3a:08.0: [8086:2066] type 00 class 0x088000
[    1.270914] pci 0000:3a:09.0: [8086:2066] type 00 class 0x088000
[    1.271021] pci 0000:3a:0a.0: [8086:2040] type 00 class 0x088000
[    1.271127] pci 0000:3a:0a.1: [8086:2041] type 00 class 0x088000
[    1.271219] pci 0000:3a:0a.2: [8086:2042] type 00 class 0x088000
[    1.271312] pci 0000:3a:0a.3: [8086:2043] type 00 class 0x088000
[    1.271404] pci 0000:3a:0a.4: [8086:2044] type 00 class 0x088000
[    1.271502] pci 0000:3a:0a.5: [8086:2045] type 00 class 0x088000
[    1.271595] pci 0000:3a:0a.6: [8086:2046] type 00 class 0x088000
[    1.271686] pci 0000:3a:0a.7: [8086:2047] type 00 class 0x088000
[    1.271778] pci 0000:3a:0b.0: [8086:2048] type 00 class 0x088000
[    1.271882] pci 0000:3a:0b.1: [8086:2049] type 00 class 0x088000
[    1.271974] pci 0000:3a:0b.2: [8086:204a] type 00 class 0x088000
[    1.272069] pci 0000:3a:0b.3: [8086:204b] type 00 class 0x088000
[    1.272162] pci 0000:3a:0c.0: [8086:2040] type 00 class 0x088000
[    1.272276] pci 0000:3a:0c.1: [8086:2041] type 00 class 0x088000
[    1.272372] pci 0000:3a:0c.2: [8086:2042] type 00 class 0x088000
[    1.272467] pci 0000:3a:0c.3: [8086:2043] type 00 class 0x088000
[    1.272560] pci 0000:3a:0c.4: [8086:2044] type 00 class 0x088000
[    1.272653] pci 0000:3a:0c.5: [8086:2045] type 00 class 0x088000
[    1.272747] pci 0000:3a:0c.6: [8086:2046] type 00 class 0x088000
[    1.272841] pci 0000:3a:0c.7: [8086:2047] type 00 class 0x088000
[    1.272935] pci 0000:3a:0d.0: [8086:2048] type 00 class 0x088000
[    1.273046] pci 0000:3a:0d.1: [8086:2049] type 00 class 0x088000
[    1.273140] pci 0000:3a:0d.2: [8086:204a] type 00 class 0x088000
[    1.273235] pci 0000:3a:0d.3: [8086:204b] type 00 class 0x088000
[    1.273376] pci 0000:3b:00.0: [8086:2700] type 00 class 0x010802
[    1.273400] pci 0000:3b:00.0: reg 0x10: [mem 0xab000000-0xab003fff 64bit]
[    1.273452] pci 0000:3b:00.0: reg 0x30: [mem 0xffff0000-0xffffffff pref]
[    1.273837] pci 0000:3a:00.0: PCI bridge to [bus 3b]
[    1.273841] pci 0000:3a:00.0:   bridge window [mem 0xab000000-0xab0fffff]
[    1.273855] pci_bus 0000:3a: on NUMA node 0
[    1.273978] ACPI: PCI Root Bridge [PC03] (domain 0000 [bus 5d-7f])
[    1.273982] acpi PNP0A08:03: _OSC: OS supports [ExtendedConfig ASPM ClockPM Segments MSI EDR HPX-Type3]
[    1.274137] acpi PNP0A08:03: _OSC: platform does not support [SHPCHotplug AER LTR DPC]
[    1.274292] acpi PNP0A08:03: _OSC: OS now controls [PCIeHotplug PME PCIeCapability]
[    1.274294] acpi PNP0A08:03: FADT indicates ASPM is unsupported, using BIOS configuration
[    1.274526] PCI host bridge to bus 0000:5d
[    1.274528] pci_bus 0000:5d: root bus resource [io  0x8000-0x9fff window]
[    1.274530] pci_bus 0000:5d: root bus resource [mem 0xb8800000-0xc5ffffff window]
[    1.274531] pci_bus 0000:5d: root bus resource [mem 0x38c000000000-0x38ffffffffff window]
[    1.274533] pci_bus 0000:5d: root bus resource [bus 5d-7f]
[    1.274544] pci 0000:5d:05.0: [8086:2034] type 00 class 0x088000
[    1.274656] pci 0000:5d:05.2: [8086:2035] type 00 class 0x088000
[    1.274762] pci 0000:5d:05.4: [8086:2036] type 00 class 0x080020
[    1.274779] pci 0000:5d:05.4: reg 0x10: [mem 0xb8800000-0xb8800fff]
[    1.274902] pci 0000:5d:0e.0: [8086:2058] type 00 class 0x110100
[    1.275015] pci 0000:5d:0e.1: [8086:2059] type 00 class 0x088000
[    1.275107] pci 0000:5d:0f.0: [8086:2058] type 00 class 0x110100
[    1.275217] pci 0000:5d:0f.1: [8086:2059] type 00 class 0x088000
[    1.275311] pci 0000:5d:10.0: [8086:2058] type 00 class 0x110100
[    1.275416] pci 0000:5d:10.1: [8086:2059] type 00 class 0x088000
[    1.275515] pci 0000:5d:12.0: [8086:204c] type 00 class 0x110100
[    1.275618] pci 0000:5d:12.1: [8086:204d] type 00 class 0x110100
[    1.275696] pci 0000:5d:12.2: [8086:204e] type 00 class 0x088000
[    1.275789] pci 0000:5d:12.4: [8086:204c] type 00 class 0x110100
[    1.275881] pci 0000:5d:12.5: [8086:204d] type 00 class 0x110100
[    1.275961] pci 0000:5d:15.0: [8086:2018] type 00 class 0x088000
[    1.276052] pci 0000:5d:15.1: [8086:2088] type 00 class 0x110100
[    1.276132] pci 0000:5d:16.0: [8086:2018] type 00 class 0x088000
[    1.276222] pci 0000:5d:16.1: [8086:2088] type 00 class 0x110100
[    1.276300] pci 0000:5d:16.4: [8086:2018] type 00 class 0x088000
[    1.276380] pci 0000:5d:16.5: [8086:2088] type 00 class 0x110100
[    1.276470] pci 0000:5d:17.0: [8086:2018] type 00 class 0x088000
[    1.276558] pci 0000:5d:17.1: [8086:2088] type 00 class 0x110100
[    1.276642] pci_bus 0000:5d: on NUMA node 0
[    1.276878] ACPI: PCI Root Bridge [PC06] (domain 0000 [bus 80-84])
[    1.276882] acpi PNP0A08:06: _OSC: OS supports [ExtendedConfig ASPM ClockPM Segments MSI EDR HPX-Type3]
[    1.277035] acpi PNP0A08:06: _OSC: platform does not support [SHPCHotplug AER LTR DPC]
[    1.277190] acpi PNP0A08:06: _OSC: OS now controls [PCIeHotplug PME PCIeCapability]
[    1.277192] acpi PNP0A08:06: FADT indicates ASPM is unsupported, using BIOS configuration
[    1.277239] acpi PNP0A08:06: host bridge window [io  0x0000 window] (ignored, not CPU addressable)
[    1.277356] PCI host bridge to bus 0000:80
[    1.277357] pci_bus 0000:80: root bus resource [mem 0xc6000000-0xd37fffff window]
[    1.277359] pci_bus 0000:80: root bus resource [mem 0x390000000000-0x393fffffffff window]
[    1.277361] pci_bus 0000:80: root bus resource [bus 80-84]
[    1.277386] pci 0000:80:05.0: [8086:2024] type 00 class 0x088000
[    1.277514] pci 0000:80:05.2: [8086:2025] type 00 class 0x088000
[    1.277624] pci 0000:80:05.4: [8086:2026] type 00 class 0x080020
[    1.277641] pci 0000:80:05.4: reg 0x10: [mem 0xc6000000-0xc6000fff]
[    1.277771] pci 0000:80:08.0: [8086:2014] type 00 class 0x088000
[    1.277879] pci 0000:80:08.1: [8086:2015] type 00 class 0x110100
[    1.277964] pci 0000:80:08.2: [8086:2016] type 00 class 0x088000
[    1.278073] pci_bus 0000:80: on NUMA node 1
[    1.278182] ACPI: PCI Root Bridge [PC07] (domain 0000 [bus 85-ad])
[    1.278186] acpi PNP0A08:07: _OSC: OS supports [ExtendedConfig ASPM ClockPM Segments MSI EDR HPX-Type3]
[    1.278338] acpi PNP0A08:07: _OSC: platform does not support [SHPCHotplug AER LTR DPC]
[    1.278494] acpi PNP0A08:07: _OSC: OS now controls [PCIeHotplug PME PCIeCapability]
[    1.278495] acpi PNP0A08:07: FADT indicates ASPM is unsupported, using BIOS configuration
[    1.278778] PCI host bridge to bus 0000:85
[    1.278779] pci_bus 0000:85: root bus resource [io  0xa000-0xbfff window]
[    1.278781] pci_bus 0000:85: root bus resource [mem 0xd3800000-0xe0ffffff window]
[    1.278783] pci_bus 0000:85: root bus resource [mem 0x394000000000-0x397fffffffff window]
[    1.278784] pci_bus 0000:85: root bus resource [bus 85-ad]
[    1.278801] pci 0000:85:00.0: [8086:2030] type 01 class 0x060400
[    1.278881] pci 0000:85:00.0: PME# supported from D0 D3hot D3cold
[    1.279127] pci 0000:85:05.0: [8086:2034] type 00 class 0x088000
[    1.279247] pci 0000:85:05.2: [8086:2035] type 00 class 0x088000
[    1.279364] pci 0000:85:05.4: [8086:2036] type 00 class 0x080020
[    1.279381] pci 0000:85:05.4: reg 0x10: [mem 0xd3900000-0xd3900fff]
[    1.279516] pci 0000:85:08.0: [8086:208d] type 00 class 0x088000
[    1.279618] pci 0000:85:08.1: [8086:208d] type 00 class 0x088000
[    1.279711] pci 0000:85:08.2: [8086:208d] type 00 class 0x088000
[    1.279801] pci 0000:85:08.3: [8086:208d] type 00 class 0x088000
[    1.279896] pci 0000:85:08.4: [8086:208d] type 00 class 0x088000
[    1.279985] pci 0000:85:08.5: [8086:208d] type 00 class 0x088000
[    1.280075] pci 0000:85:08.6: [8086:208d] type 00 class 0x088000
[    1.280166] pci 0000:85:08.7: [8086:208d] type 00 class 0x088000
[    1.280255] pci 0000:85:09.0: [8086:208d] type 00 class 0x088000
[    1.280361] pci 0000:85:09.1: [8086:208d] type 00 class 0x088000
[    1.280451] pci 0000:85:09.2: [8086:208d] type 00 class 0x088000
[    1.280544] pci 0000:85:09.3: [8086:208d] type 00 class 0x088000
[    1.280640] pci 0000:85:09.4: [8086:208d] type 00 class 0x088000
[    1.280730] pci 0000:85:09.5: [8086:208d] type 00 class 0x088000
[    1.280820] pci 0000:85:09.6: [8086:208d] type 00 class 0x088000
[    1.280916] pci 0000:85:09.7: [8086:208d] type 00 class 0x088000
[    1.281006] pci 0000:85:0a.0: [8086:208d] type 00 class 0x088000
[    1.281111] pci 0000:85:0a.1: [8086:208d] type 00 class 0x088000
[    1.281203] pci 0000:85:0a.2: [8086:208d] type 00 class 0x088000
[    1.281293] pci 0000:85:0a.3: [8086:208d] type 00 class 0x088000
[    1.281391] pci 0000:85:0a.4: [8086:208d] type 00 class 0x088000
[    1.281480] pci 0000:85:0a.5: [8086:208d] type 00 class 0x088000
[    1.281572] pci 0000:85:0a.6: [8086:208d] type 00 class 0x088000
[    1.281661] pci 0000:85:0a.7: [8086:208d] type 00 class 0x088000
[    1.281751] pci 0000:85:0b.0: [8086:208d] type 00 class 0x088000
[    1.281857] pci 0000:85:0b.1: [8086:208d] type 00 class 0x088000
[    1.281949] pci 0000:85:0b.2: [8086:208d] type 00 class 0x088000
[    1.282039] pci 0000:85:0b.3: [8086:208d] type 00 class 0x088000
[    1.282141] pci 0000:85:0e.0: [8086:208e] type 00 class 0x088000
[    1.282244] pci 0000:85:0e.1: [8086:208e] type 00 class 0x088000
[    1.282334] pci 0000:85:0e.2: [8086:208e] type 00 class 0x088000
[    1.282423] pci 0000:85:0e.3: [8086:208e] type 00 class 0x088000
[    1.282514] pci 0000:85:0e.4: [8086:208e] type 00 class 0x088000
[    1.282604] pci 0000:85:0e.5: [8086:208e] type 00 class 0x088000
[    1.282694] pci 0000:85:0e.6: [8086:208e] type 00 class 0x088000
[    1.282783] pci 0000:85:0e.7: [8086:208e] type 00 class 0x088000
[    1.282879] pci 0000:85:0f.0: [8086:208e] type 00 class 0x088000
[    1.282982] pci 0000:85:0f.1: [8086:208e] type 00 class 0x088000
[    1.283073] pci 0000:85:0f.2: [8086:208e] type 00 class 0x088000
[    1.283163] pci 0000:85:0f.3: [8086:208e] type 00 class 0x088000
[    1.283254] pci 0000:85:0f.4: [8086:208e] type 00 class 0x088000
[    1.283344] pci 0000:85:0f.5: [8086:208e] type 00 class 0x088000
[    1.283435] pci 0000:85:0f.6: [8086:208e] type 00 class 0x088000
[    1.283525] pci 0000:85:0f.7: [8086:208e] type 00 class 0x088000
[    1.283621] pci 0000:85:10.0: [8086:208e] type 00 class 0x088000
[    1.283725] pci 0000:85:10.1: [8086:208e] type 00 class 0x088000
[    1.283816] pci 0000:85:10.2: [8086:208e] type 00 class 0x088000
[    1.283906] pci 0000:85:10.3: [8086:208e] type 00 class 0x088000
[    1.283998] pci 0000:85:10.4: [8086:208e] type 00 class 0x088000
[    1.284088] pci 0000:85:10.5: [8086:208e] type 00 class 0x088000
[    1.284178] pci 0000:85:10.6: [8086:208e] type 00 class 0x088000
[    1.284267] pci 0000:85:10.7: [8086:208e] type 00 class 0x088000
[    1.284364] pci 0000:85:11.0: [8086:208e] type 00 class 0x088000
[    1.284470] pci 0000:85:11.1: [8086:208e] type 00 class 0x088000
[    1.284561] pci 0000:85:11.2: [8086:208e] type 00 class 0x088000
[    1.284654] pci 0000:85:11.3: [8086:208e] type 00 class 0x088000
[    1.284757] pci 0000:85:1d.0: [8086:2054] type 00 class 0x088000
[    1.284860] pci 0000:85:1d.1: [8086:2055] type 00 class 0x088000
[    1.284961] pci 0000:85:1d.2: [8086:2056] type 00 class 0x088000
[    1.285053] pci 0000:85:1d.3: [8086:2057] type 00 class 0x088000
[    1.285159] pci 0000:85:1e.0: [8086:2080] type 00 class 0x088000
[    1.285268] pci 0000:85:1e.1: [8086:2081] type 00 class 0x088000
[    1.285360] pci 0000:85:1e.2: [8086:2082] type 00 class 0x088000
[    1.285452] pci 0000:85:1e.3: [8086:2083] type 00 class 0x088000
[    1.285543] pci 0000:85:1e.4: [8086:2084] type 00 class 0x088000
[    1.285636] pci 0000:85:1e.5: [8086:2085] type 00 class 0x088000
[    1.285727] pci 0000:85:1e.6: [8086:2086] type 00 class 0x088000
[    1.285867] pci 0000:86:00.0: [144d:a80a] type 00 class 0x010802
[    1.285896] pci 0000:86:00.0: reg 0x10: [mem 0xd3800000-0xd3803fff 64bit]
[    1.285958] pci 0000:86:00.0: reg 0x30: [mem 0xffff0000-0xffffffff pref]
[    1.286348] pci 0000:86:00.0: 31.504 Gb/s available PCIe bandwidth, limited by 8.0 GT/s PCIe x4 link at 0000:85:00.0 (capable of 63.012 Gb/s with 16.0 GT/s PCIe x4 link)
[    1.286445] pci 0000:85:00.0: PCI bridge to [bus 86]
[    1.286449] pci 0000:85:00.0:   bridge window [mem 0xd3800000-0xd38fffff]
[    1.286466] pci_bus 0000:85: on NUMA node 1
[    1.286608] ACPI: PCI Root Bridge [PC08] (domain 0000 [bus ae-d6])
[    1.286613] acpi PNP0A08:08: _OSC: OS supports [ExtendedConfig ASPM ClockPM Segments MSI EDR HPX-Type3]
[    1.286767] acpi PNP0A08:08: _OSC: platform does not support [SHPCHotplug AER LTR DPC]
[    1.286922] acpi PNP0A08:08: _OSC: OS now controls [PCIeHotplug PME PCIeCapability]
[    1.286924] acpi PNP0A08:08: FADT indicates ASPM is unsupported, using BIOS configuration
[    1.287125] PCI host bridge to bus 0000:ae
[    1.287126] pci_bus 0000:ae: root bus resource [io  0xc000-0xdfff window]
[    1.287128] pci_bus 0000:ae: root bus resource [mem 0xe1000000-0xee7fffff window]
[    1.287129] pci_bus 0000:ae: root bus resource [mem 0x398000000000-0x39bfffffffff window]
[    1.287131] pci_bus 0000:ae: root bus resource [bus ae-d6]
[    1.287148] pci 0000:ae:00.0: [8086:2030] type 01 class 0x060400
[    1.287195] pci 0000:ae:00.0: enabling Extended Tags
[    1.287232] pci 0000:ae:00.0: PME# supported from D0 D3hot D3cold
[    1.287473] pci 0000:ae:05.0: [8086:2034] type 00 class 0x088000
[    1.287585] pci 0000:ae:05.2: [8086:2035] type 00 class 0x088000
[    1.287695] pci 0000:ae:05.4: [8086:2036] type 00 class 0x080020
[    1.287712] pci 0000:ae:05.4: reg 0x10: [mem 0xe1100000-0xe1100fff]
[    1.287838] pci 0000:ae:08.0: [8086:2066] type 00 class 0x088000
[    1.287962] pci 0000:ae:09.0: [8086:2066] type 00 class 0x088000
[    1.288083] pci 0000:ae:0a.0: [8086:2040] type 00 class 0x088000
[    1.288193] pci 0000:ae:0a.1: [8086:2041] type 00 class 0x088000
[    1.288305] pci 0000:ae:0a.2: [8086:2042] type 00 class 0x088000
[    1.288403] pci 0000:ae:0a.3: [8086:2043] type 00 class 0x088000
[    1.288502] pci 0000:ae:0a.4: [8086:2044] type 00 class 0x088000
[    1.288599] pci 0000:ae:0a.5: [8086:2045] type 00 class 0x088000
[    1.288695] pci 0000:ae:0a.6: [8086:2046] type 00 class 0x088000
[    1.288793] pci 0000:ae:0a.7: [8086:2047] type 00 class 0x088000
[    1.288892] pci 0000:ae:0b.0: [8086:2048] type 00 class 0x088000
[    1.289001] pci 0000:ae:0b.1: [8086:2049] type 00 class 0x088000
[    1.289108] pci 0000:ae:0b.2: [8086:204a] type 00 class 0x088000
[    1.289206] pci 0000:ae:0b.3: [8086:204b] type 00 class 0x088000
[    1.289307] pci 0000:ae:0c.0: [8086:2040] type 00 class 0x088000
[    1.289418] pci 0000:ae:0c.1: [8086:2041] type 00 class 0x088000
[    1.289519] pci 0000:ae:0c.2: [8086:2042] type 00 class 0x088000
[    1.289618] pci 0000:ae:0c.3: [8086:2043] type 00 class 0x088000
[    1.289717] pci 0000:ae:0c.4: [8086:2044] type 00 class 0x088000
[    1.289818] pci 0000:ae:0c.5: [8086:2045] type 00 class 0x088000
[    1.289931] pci 0000:ae:0c.6: [8086:2046] type 00 class 0x088000
[    1.290030] pci 0000:ae:0c.7: [8086:2047] type 00 class 0x088000
[    1.290131] pci 0000:ae:0d.0: [8086:2048] type 00 class 0x088000
[    1.290251] pci 0000:ae:0d.1: [8086:2049] type 00 class 0x088000
[    1.290350] pci 0000:ae:0d.2: [8086:204a] type 00 class 0x088000
[    1.290449] pci 0000:ae:0d.3: [8086:204b] type 00 class 0x088000
[    1.290606] pci 0000:af:00.0: [144d:a808] type 00 class 0x010802
[    1.290633] pci 0000:af:00.0: reg 0x10: [mem 0xe1000000-0xe1003fff 64bit]
[    1.291246] pci 0000:ae:00.0: PCI bridge to [bus af]
[    1.291250] pci 0000:ae:00.0:   bridge window [mem 0xe1000000-0xe10fffff]
[    1.291265] pci_bus 0000:ae: on NUMA node 1
[    1.291436] ACPI: PCI Root Bridge [PC09] (domain 0000 [bus d7-ff])
[    1.291440] acpi PNP0A08:09: _OSC: OS supports [ExtendedConfig ASPM ClockPM Segments MSI EDR HPX-Type3]
[    1.291593] acpi PNP0A08:09: _OSC: platform does not support [SHPCHotplug AER LTR DPC]
[    1.291749] acpi PNP0A08:09: _OSC: OS now controls [PCIeHotplug PME PCIeCapability]
[    1.291751] acpi PNP0A08:09: FADT indicates ASPM is unsupported, using BIOS configuration
[    1.291944] PCI host bridge to bus 0000:d7
[    1.291945] pci_bus 0000:d7: root bus resource [io  0xe000-0xffff window]
[    1.291947] pci_bus 0000:d7: root bus resource [mem 0xee800000-0xfbffffff window]
[    1.291948] pci_bus 0000:d7: root bus resource [mem 0x39c000000000-0x39ffffffffff window]
[    1.291950] pci_bus 0000:d7: root bus resource [bus d7-ff]
[    1.291963] pci 0000:d7:05.0: [8086:2034] type 00 class 0x088000
[    1.292091] pci 0000:d7:05.2: [8086:2035] type 00 class 0x088000
[    1.292202] pci 0000:d7:05.4: [8086:2036] type 00 class 0x080020
[    1.292220] pci 0000:d7:05.4: reg 0x10: [mem 0xee800000-0xee800fff]
[    1.292353] pci 0000:d7:0e.0: [8086:2058] type 00 class 0x110100
[    1.292462] pci 0000:d7:0e.1: [8086:2059] type 00 class 0x088000
[    1.292562] pci 0000:d7:0f.0: [8086:2058] type 00 class 0x110100
[    1.292672] pci 0000:d7:0f.1: [8086:2059] type 00 class 0x088000
[    1.292769] pci 0000:d7:10.0: [8086:2058] type 00 class 0x110100
[    1.292879] pci 0000:d7:10.1: [8086:2059] type 00 class 0x088000
[    1.292991] pci 0000:d7:12.0: [8086:204c] type 00 class 0x110100
[    1.293098] pci 0000:d7:12.1: [8086:204d] type 00 class 0x110100
[    1.293180] pci 0000:d7:12.2: [8086:204e] type 00 class 0x088000
[    1.293263] pci 0000:d7:12.4: [8086:204c] type 00 class 0x110100
[    1.293360] pci 0000:d7:12.5: [8086:204d] type 00 class 0x110100
[    1.293443] pci 0000:d7:15.0: [8086:2018] type 00 class 0x088000
[    1.293537] pci 0000:d7:15.1: [8086:2088] type 00 class 0x110100
[    1.293620] pci 0000:d7:16.0: [8086:2018] type 00 class 0x088000
[    1.293729] pci 0000:d7:16.1: [8086:2088] type 00 class 0x110100
[    1.293810] pci 0000:d7:16.4: [8086:2018] type 00 class 0x088000
[    1.293891] pci 0000:d7:16.5: [8086:2088] type 00 class 0x110100
[    1.293973] pci 0000:d7:17.0: [8086:2018] type 00 class 0x088000
[    1.294067] pci 0000:d7:17.1: [8086:2088] type 00 class 0x110100
[    1.294156] pci_bus 0000:d7: on NUMA node 1
[    1.294958] iommu: Default domain type: Translated 
[    1.294958] pci 0000:03:00.0: vgaarb: setting as boot VGA device
[    1.294958] pci 0000:03:00.0: vgaarb: VGA device added: decodes=io+mem,owns=io+mem,locks=none
[    1.294958] pci 0000:03:00.0: vgaarb: bridge control possible
[    1.294958] vgaarb: loaded
[    1.294958] SCSI subsystem initialized
[    1.294958] libata version 3.00 loaded.
[    1.294958] ACPI: bus type USB registered
[    1.294958] usbcore: registered new interface driver usbfs
[    1.294958] usbcore: registered new interface driver hub
[    1.294958] usbcore: registered new device driver usb
[    1.294958] pps_core: LinuxPPS API ver. 1 registered
[    1.294958] pps_core: Software ver. 5.3.6 - Copyright 2005-2007 Rodolfo Giometti <giometti@linux.it>
[    1.294958] PTP clock support registered
[    1.294958] EDAC MC: Ver: 3.0.0
[    1.294958] Registered efivars operations
[    1.294958] NetLabel: Initializing
[    1.294958] NetLabel:  domain hash size = 128
[    1.294958] NetLabel:  protocols = UNLABELED CIPSOv4 CALIPSO
[    1.294958] NetLabel:  unlabeled traffic allowed by default
[    1.294958] PCI: Using ACPI for IRQ routing
[    1.299378] PCI: pci_cache_line_size set to 64 bytes
[    1.299641] e820: reserve RAM buffer [mem 0x4bb02020-0x4bffffff]
[    1.299643] e820: reserve RAM buffer [mem 0x4bb09020-0x4bffffff]
[    1.299645] e820: reserve RAM buffer [mem 0x4bb14020-0x4bffffff]
[    1.299646] e820: reserve RAM buffer [mem 0x4bb71020-0x4bffffff]
[    1.299648] e820: reserve RAM buffer [mem 0x4bbce020-0x4bffffff]
[    1.299649] e820: reserve RAM buffer [mem 0x4bc2e020-0x4bffffff]
[    1.299650] e820: reserve RAM buffer [mem 0x4bc8e020-0x4bffffff]
[    1.299651] e820: reserve RAM buffer [mem 0x4bca7020-0x4bffffff]
[    1.299652] e820: reserve RAM buffer [mem 0x682ff000-0x6bffffff]
[    1.302263] hpet0: at MMIO 0xfed00000, IRQs 2, 8, 0, 0, 0, 0, 0, 0
[    1.302271] hpet0: 8 comparators, 64-bit 24.000000 MHz counter
[    1.304411] clocksource: Switched to clocksource tsc-early
[    1.314379] VFS: Disk quotas dquot_6.6.0
[    1.314414] VFS: Dquot-cache hash table entries: 512 (order 0, 4096 bytes)
[    1.314570] AppArmor: AppArmor Filesystem Enabled
[    1.314581] pnp: PnP ACPI init
[    1.320966] pnp 00:00: Plug and Play ACPI device, IDs PNP0b00 (active)
[    1.321168] system 00:01: [io  0x0500-0x05fe] has been reserved
[    1.321171] system 00:01: [io  0x0400-0x047f] has been reserved
[    1.321173] system 00:01: [io  0x0600-0x061f] has been reserved
[    1.321174] system 00:01: [io  0x0ca0-0x0ca5] has been reserved
[    1.321176] system 00:01: [io  0x0880-0x0883] has been reserved
[    1.321177] system 00:01: [io  0x0800-0x081f] has been reserved
[    1.321180] system 00:01: [mem 0xfed1c000-0xfed3ffff] has been reserved
[    1.321182] system 00:01: [mem 0xfed45000-0xfed8bfff] has been reserved
[    1.321183] system 00:01: [mem 0xff000000-0xffffffff] has been reserved
[    1.321185] system 00:01: [mem 0xfee00000-0xfeefffff] has been reserved
[    1.321187] system 00:01: [mem 0xfed12000-0xfed1200f] has been reserved
[    1.321188] system 00:01: [mem 0xfed12010-0xfed1201f] has been reserved
[    1.321190] system 00:01: [mem 0xfed1b000-0xfed1bfff] has been reserved
[    1.321195] system 00:01: Plug and Play ACPI device, IDs PNP0c02 (active)
[    1.321453] pnp 00:02: Plug and Play ACPI device, IDs PNP0501 (active)
[    1.321673] pnp 00:03: Plug and Play ACPI device, IDs PNP0501 (active)
[    1.321858] system 00:04: [mem 0xfd000000-0xfdabffff] has been reserved
[    1.321861] system 00:04: [mem 0xfdad0000-0xfdadffff] has been reserved
[    1.321862] system 00:04: [mem 0xfdb00000-0xfdffffff] has been reserved
[    1.321864] system 00:04: [mem 0xfe000000-0xfe00ffff] has been reserved
[    1.321866] system 00:04: [mem 0xfe011000-0xfe01ffff] has been reserved
[    1.321868] system 00:04: [mem 0xfe036000-0xfe03bfff] has been reserved
[    1.321869] system 00:04: [mem 0xfe03d000-0xfe3fffff] has been reserved
[    1.321871] system 00:04: [mem 0xfe410000-0xfe7fffff] has been reserved
[    1.321875] system 00:04: Plug and Play ACPI device, IDs PNP0c02 (active)
[    1.322241] system 00:05: [io  0x1000-0x10fe] has been reserved
[    1.322246] system 00:05: Plug and Play ACPI device, IDs PNP0c02 (active)
[    1.323227] pnp: PnP ACPI: found 6 devices
[    1.328826] clocksource: acpi_pm: mask: 0xffffff max_cycles: 0xffffff, max_idle_ns: 2085701024 ns
[    1.328897] NET: Registered protocol family 2
[    1.329471] tcp_listen_portaddr_hash hash table entries: 32768 (order: 7, 524288 bytes, vmalloc)
[    1.330873] TCP established hash table entries: 524288 (order: 10, 4194304 bytes, vmalloc)
[    1.331722] TCP bind hash table entries: 65536 (order: 8, 1048576 bytes, vmalloc)
[    1.331801] TCP: Hash tables configured (established 524288 bind 65536)
[    1.332427] MPTCP token hash table entries: 65536 (order: 8, 1572864 bytes, vmalloc)
[    1.332923] UDP hash table entries: 32768 (order: 8, 1048576 bytes, vmalloc)
[    1.333358] UDP-Lite hash table entries: 32768 (order: 8, 1048576 bytes, vmalloc)
[    1.333578] NET: Registered protocol family 1
[    1.333583] NET: Registered protocol family 44
[    1.333591] pci 0000:18:00.0: can't claim BAR 6 [mem 0xfff00000-0xffffffff pref]: no compatible bridge window
[    1.333594] pci 0000:19:00.0: can't claim BAR 6 [mem 0xfff80000-0xffffffff pref]: no compatible bridge window
[    1.333596] pci 0000:19:00.1: can't claim BAR 6 [mem 0xfff80000-0xffffffff pref]: no compatible bridge window
[    1.333598] pci 0000:1a:00.0: can't claim BAR 6 [mem 0xfff80000-0xffffffff pref]: no compatible bridge window
[    1.333599] pci 0000:1a:00.1: can't claim BAR 6 [mem 0xfff80000-0xffffffff pref]: no compatible bridge window
[    1.333603] pci 0000:3b:00.0: can't claim BAR 6 [mem 0xffff0000-0xffffffff pref]: no compatible bridge window
[    1.333606] pci 0000:86:00.0: can't claim BAR 6 [mem 0xffff0000-0xffffffff pref]: no compatible bridge window
[    1.333613] pci 0000:00:1c.0: bridge window [io  0x1000-0x0fff] to [bus 01] add_size 1000
[    1.333616] pci 0000:00:1c.0: bridge window [mem 0x00100000-0x000fffff 64bit pref] to [bus 01] add_size 200000 add_align 100000
[    1.333626] pci 0000:00:1c.0: BAR 15: assigned [mem 0x380000000000-0x3800001fffff 64bit pref]
[    1.333629] pci 0000:00:1c.0: BAR 13: assigned [io  0x3000-0x3fff]
[    1.333632] pci 0000:00:1c.0: PCI bridge to [bus 01]
[    1.333634] pci 0000:00:1c.0:   bridge window [io  0x3000-0x3fff]
[    1.333643] pci 0000:00:1c.0:   bridge window [mem 0x92a00000-0x92dfffff]
[    1.333649] pci 0000:00:1c.0:   bridge window [mem 0x380000000000-0x3800001fffff 64bit pref]
[    1.333661] pci 0000:02:00.0: PCI bridge to [bus 03]
[    1.333670] pci 0000:02:00.0:   bridge window [mem 0x92000000-0x928fffff]
[    1.333677] pci 0000:02:00.0:   bridge window [mem 0x91000000-0x91ffffff 64bit pref]
[    1.333690] pci 0000:00:1c.4: PCI bridge to [bus 02-03]
[    1.333698] pci 0000:00:1c.4:   bridge window [mem 0x92000000-0x928fffff]
[    1.333704] pci 0000:00:1c.4:   bridge window [mem 0x91000000-0x91ffffff 64bit pref]
[    1.333715] pci_bus 0000:00: resource 4 [io  0x0000-0x0cf7 window]
[    1.333717] pci_bus 0000:00: resource 5 [io  0x1000-0x3fff window]
[    1.333719] pci_bus 0000:00: resource 6 [mem 0x000a0000-0x000bffff window]
[    1.333720] pci_bus 0000:00: resource 7 [mem 0x000c4000-0x000c7fff window]
[    1.333721] pci_bus 0000:00: resource 8 [mem 0xfe010000-0xfe010fff window]
[    1.333723] pci_bus 0000:00: resource 9 [mem 0x90000000-0x9d7fffff window]
[    1.333724] pci_bus 0000:00: resource 10 [mem 0x380000000000-0x383fffffffff window]
[    1.333726] pci_bus 0000:01: resource 0 [io  0x3000-0x3fff]
[    1.333727] pci_bus 0000:01: resource 1 [mem 0x92a00000-0x92dfffff]
[    1.333729] pci_bus 0000:01: resource 2 [mem 0x380000000000-0x3800001fffff 64bit pref]
[    1.333731] pci_bus 0000:02: resource 1 [mem 0x92000000-0x928fffff]
[    1.333732] pci_bus 0000:02: resource 2 [mem 0x91000000-0x91ffffff 64bit pref]
[    1.333734] pci_bus 0000:03: resource 1 [mem 0x92000000-0x928fffff]
[    1.333735] pci_bus 0000:03: resource 2 [mem 0x91000000-0x91ffffff 64bit pref]
[    1.333873] pci 0000:17:02.0: BAR 14: assigned [mem 0x9e600000-0x9e6fffff]
[    1.333875] pci 0000:18:00.0: BAR 6: no space for [mem size 0x00100000 pref]
[    1.333877] pci 0000:18:00.0: BAR 6: failed to assign [mem size 0x00100000 pref]
[    1.333879] pci 0000:17:00.0: PCI bridge to [bus 18]
[    1.333880] pci 0000:17:00.0:   bridge window [io  0x4000-0x4fff]
[    1.333888] pci 0000:17:00.0:   bridge window [mem 0x9e300000-0x9e4fffff]
[    1.333902] pci 0000:19:00.0: BAR 6: assigned [mem 0x9e600000-0x9e67ffff pref]
[    1.333904] pci 0000:19:00.1: BAR 6: assigned [mem 0x9e680000-0x9e6fffff pref]
[    1.333906] pci 0000:17:02.0: PCI bridge to [bus 19]
[    1.333913] pci 0000:17:02.0:   bridge window [mem 0x9e600000-0x9e6fffff]
[    1.333919] pci 0000:17:02.0:   bridge window [mem 0x9d800000-0x9e0fffff 64bit pref]
[    1.333937] pci 0000:1a:00.0: BAR 6: assigned [mem 0x9e280000-0x9e2fffff pref]
[    1.333939] pci 0000:1a:00.1: BAR 6: no space for [mem size 0x00080000 pref]
[    1.333941] pci 0000:1a:00.1: BAR 6: failed to assign [mem size 0x00080000 pref]
[    1.333943] pci 0000:17:03.0: PCI bridge to [bus 1a]
[    1.333950] pci 0000:17:03.0:   bridge window [mem 0x9e100000-0x9e2fffff]
[    1.333967] pci_bus 0000:17: resource 4 [io  0x4000-0x5fff window]
[    1.333968] pci_bus 0000:17: resource 5 [mem 0x9d800000-0xaaffffff window]
[    1.333970] pci_bus 0000:17: resource 6 [mem 0x384000000000-0x387fffffffff window]
[    1.333971] pci_bus 0000:18: resource 0 [io  0x4000-0x4fff]
[    1.333973] pci_bus 0000:18: resource 1 [mem 0x9e300000-0x9e4fffff]
[    1.333975] pci_bus 0000:19: resource 1 [mem 0x9e600000-0x9e6fffff]
[    1.333976] pci_bus 0000:19: resource 2 [mem 0x9d800000-0x9e0fffff 64bit pref]
[    1.333978] pci_bus 0000:1a: resource 1 [mem 0x9e100000-0x9e2fffff]
[    1.334005] pci 0000:3b:00.0: BAR 6: assigned [mem 0xab010000-0xab01ffff pref]
[    1.334007] pci 0000:3a:00.0: PCI bridge to [bus 3b]
[    1.334014] pci 0000:3a:00.0:   bridge window [mem 0xab000000-0xab0fffff]
[    1.334029] pci_bus 0000:3a: resource 4 [io  0x6000-0x7fff window]
[    1.334031] pci_bus 0000:3a: resource 5 [mem 0xab000000-0xb87fffff window]
[    1.334032] pci_bus 0000:3a: resource 6 [mem 0x388000000000-0x38bfffffffff window]
[    1.334034] pci_bus 0000:3b: resource 1 [mem 0xab000000-0xab0fffff]
[    1.334053] pci_bus 0000:5d: resource 4 [io  0x8000-0x9fff window]
[    1.334054] pci_bus 0000:5d: resource 5 [mem 0xb8800000-0xc5ffffff window]
[    1.334055] pci_bus 0000:5d: resource 6 [mem 0x38c000000000-0x38ffffffffff window]
[    1.334082] pci_bus 0000:80: resource 4 [mem 0xc6000000-0xd37fffff window]
[    1.334084] pci_bus 0000:80: resource 5 [mem 0x390000000000-0x393fffffffff window]
[    1.334101] pci 0000:86:00.0: BAR 6: assigned [mem 0xd3810000-0xd381ffff pref]
[    1.334102] pci 0000:85:00.0: PCI bridge to [bus 86]
[    1.334110] pci 0000:85:00.0:   bridge window [mem 0xd3800000-0xd38fffff]
[    1.334126] pci_bus 0000:85: resource 4 [io  0xa000-0xbfff window]
[    1.334128] pci_bus 0000:85: resource 5 [mem 0xd3800000-0xe0ffffff window]
[    1.334129] pci_bus 0000:85: resource 6 [mem 0x394000000000-0x397fffffffff window]
[    1.334131] pci_bus 0000:86: resource 1 [mem 0xd3800000-0xd38fffff]
[    1.334151] pci 0000:ae:00.0: PCI bridge to [bus af]
[    1.334159] pci 0000:ae:00.0:   bridge window [mem 0xe1000000-0xe10fffff]
[    1.334174] pci_bus 0000:ae: resource 4 [io  0xc000-0xdfff window]
[    1.334176] pci_bus 0000:ae: resource 5 [mem 0xe1000000-0xee7fffff window]
[    1.334177] pci_bus 0000:ae: resource 6 [mem 0x398000000000-0x39bfffffffff window]
[    1.334179] pci_bus 0000:af: resource 1 [mem 0xe1000000-0xe10fffff]
[    1.334214] pci_bus 0000:d7: resource 4 [io  0xe000-0xffff window]
[    1.334216] pci_bus 0000:d7: resource 5 [mem 0xee800000-0xfbffffff window]
[    1.334217] pci_bus 0000:d7: resource 6 [mem 0x39c000000000-0x39ffffffffff window]
[    1.334585] pci 0000:03:00.0: Video device with shadowed ROM at [mem 0x000c0000-0x000dffff]
[    1.334595] pci 0000:17:05.0: disabled boot interrupts on device [8086:2034]
[    1.334706] pci 0000:3a:05.0: disabled boot interrupts on device [8086:2034]
[    1.334750] pci 0000:5d:05.0: disabled boot interrupts on device [8086:2034]
[    1.334794] pci 0000:85:05.0: disabled boot interrupts on device [8086:2034]
[    1.334900] pci 0000:ae:05.0: disabled boot interrupts on device [8086:2034]
[    1.334945] pci 0000:d7:05.0: disabled boot interrupts on device [8086:2034]
[    1.334978] PCI: CLS 128 bytes, default 64
[    1.335019] Trying to unpack rootfs image as initramfs...
[    1.510905] Freeing initrd memory: 61628K
[    1.510957] DMAR: Host address width 46
[    1.510960] DMAR: DRHD base: 0x000000d37fc000 flags: 0x0
[    1.510985] DMAR: dmar0: reg_base_addr d37fc000 ver 1:0 cap 8d2078c106f0466 ecap f020df
[    1.510988] DMAR: DRHD base: 0x000000e0ffc000 flags: 0x0
[    1.510994] DMAR: dmar1: reg_base_addr e0ffc000 ver 1:0 cap 8d2078c106f0466 ecap f020df
[    1.510996] DMAR: DRHD base: 0x000000ee7fc000 flags: 0x0
[    1.511002] DMAR: dmar2: reg_base_addr ee7fc000 ver 1:0 cap 8d2078c106f0466 ecap f020df
[    1.511004] DMAR: DRHD base: 0x000000fbffc000 flags: 0x0
[    1.511008] DMAR: dmar3: reg_base_addr fbffc000 ver 1:0 cap 8d2078c106f0466 ecap f020df
[    1.511010] DMAR: DRHD base: 0x000000aaffc000 flags: 0x0
[    1.511015] DMAR: dmar4: reg_base_addr aaffc000 ver 1:0 cap 8d2078c106f0466 ecap f020df
[    1.511017] DMAR: DRHD base: 0x000000b87fc000 flags: 0x0
[    1.511022] DMAR: dmar5: reg_base_addr b87fc000 ver 1:0 cap 8d2078c106f0466 ecap f020df
[    1.511024] DMAR: DRHD base: 0x000000c5ffc000 flags: 0x0
[    1.511028] DMAR: dmar6: reg_base_addr c5ffc000 ver 1:0 cap 8d2078c106f0466 ecap f020df
[    1.511030] DMAR: DRHD base: 0x0000009d7fc000 flags: 0x1
[    1.511035] DMAR: dmar7: reg_base_addr 9d7fc000 ver 1:0 cap 8d2078c106f0466 ecap f020df
[    1.511036] DMAR: RMRR base: 0x0000006f6e0000 end: 0x0000006f6e2fff
[    1.511038] DMAR: [Firmware Bug]: No firmware reserved region can cover this RMRR [0x000000006f6e0000-0x000000006f6e2fff], contact BIOS vendor for fixes
[    1.511044] DMAR: [Firmware Bug]: Your BIOS is broken; bad RMRR [0x000000006f6e0000-0x000000006f6e2fff]
               BIOS vendor: Dell Inc.; Ver: 2.14.2; Product Version: 
[    1.511046] DMAR: ATSR flags: 0x0
[    1.511047] DMAR: ATSR flags: 0x0
[    1.511212] PCI-DMA: Using software bounce buffering for IO (SWIOTLB)
[    1.511213] software IO TLB: mapped [mem 0x0000000061053000-0x0000000065053000] (64MB)
[    1.513734] check: Scanning for low memory corruption every 60 seconds
[    1.515291] Initialise system trusted keyrings
[    1.515301] Key type blacklist registered
[    1.515350] workingset: timestamp_bits=36 max_order=24 bucket_order=0
[    1.516441] zbud: loaded
[    1.516768] squashfs: version 4.0 (2009/01/31) Phillip Lougher
[    1.516904] fuse: init (API version 7.33)
[    1.517088] integrity: Platform Keyring initialized
[    1.525214] Key type asymmetric registered
[    1.525216] Asymmetric key parser 'x509' registered
[    1.525223] Block layer SCSI generic (bsg) driver version 0.4 loaded (major 243)
[    1.525263] io scheduler mq-deadline registered
[    1.526011] pcieport 0000:00:1c.0: PME: Signaling with IRQ 24
[    1.526036] pcieport 0000:00:1c.0: pciehp: Slot #0 AttnBtn- PwrCtrl- MRL- AttnInd- PwrInd- HotPlug+ Surprise+ Interlock- NoCompl+ IbPresDis- LLActRep+
[    1.526285] pcieport 0000:00:1c.4: PME: Signaling with IRQ 25
[    1.526557] pcieport 0000:17:00.0: PME: Signaling with IRQ 27
[    1.526790] pcieport 0000:17:02.0: PME: Signaling with IRQ 28
[    1.527013] pcieport 0000:17:03.0: PME: Signaling with IRQ 29
[    1.527231] pcieport 0000:3a:00.0: PME: Signaling with IRQ 31
[    1.527650] pcieport 0000:85:00.0: PME: Signaling with IRQ 33
[    1.527910] pcieport 0000:ae:00.0: PME: Signaling with IRQ 35
[    1.528248] shpchp: Standard Hot Plug PCI Controller Driver version: 0.4
[    1.528355] efifb: probing for efifb
[    1.528382] efifb: No BGRT, not showing boot graphics
[    1.528383] efifb: framebuffer at 0x91000000, using 3072k, total 3072k
[    1.528384] efifb: mode is 1024x768x32, linelength=4096, pages=1
[    1.528386] efifb: scrolling: redraw
[    1.528387] efifb: Truecolor: size=8:8:8:8, shift=24:16:8:0
[    1.528466] Console: switching to colour frame buffer device 128x48
[    1.547737] fb0: EFI VGA frame buffer device
[    1.547746] intel_idle: MWAIT substates: 0x2020
[    1.547904] Monitor-Mwait will be used to enter C-1 state
[    1.547907] ACPI: \_SB_.SCK0.CP00: Found 1 idle states
[    1.547909] intel_idle: v0.5.1 model 0x55
[    1.549417] intel_idle: Local APIC timer is reliable in all C-states
[    1.549884] input: Power Button as /devices/LNXSYSTM:00/LNXPWRBN:00/input/input0
[    1.549941] ACPI: Power Button [PWRF]
[    1.551794] ERST: Error Record Serialization Table (ERST) support is initialized.
[    1.551807] pstore: Registered erst as persistent store backend
[    1.552434] GHES: APEI firmware first mode is enabled by APEI bit and WHEA _OSC.
[    1.552590] Serial: 8250/16550 driver, 32 ports, IRQ sharing enabled
[    1.573303] 00:02: ttyS1 at I/O 0x2f8 (irq = 3, base_baud = 115200) is a 16550A
[    1.606379] 00:03: ttyS0 at I/O 0x3f8 (irq = 4, base_baud = 115200) is a 16550A
[    1.620091] Linux agpgart interface v0.103
[    1.626545] loop: module loaded
[    1.626912] libphy: Fixed MDIO Bus: probed
[    1.626914] tun: Universal TUN/TAP device driver, 1.6
[    1.626943] PPP generic driver version 2.4.2
[    1.626979] VFIO - User Level meta-driver version: 0.3
[    1.627054] ehci_hcd: USB 2.0 'Enhanced' Host Controller (EHCI) Driver
[    1.627057] ehci-pci: EHCI PCI platform driver
[    1.627089] ehci-platform: EHCI generic platform driver
[    1.627095] ohci_hcd: USB 1.1 'Open' Host Controller (OHCI) Driver
[    1.627097] ohci-pci: OHCI PCI platform driver
[    1.627130] ohci-platform: OHCI generic platform driver
[    1.627135] uhci_hcd: USB Universal Host Controller Interface driver
[    1.627191] i8042: PNP: No PS/2 controller found.
[    1.627226] mousedev: PS/2 mouse device common for all mice
[    1.627290] rtc_cmos 00:00: RTC can wake from S4
[    1.627661] rtc_cmos 00:00: registered as rtc0
[    1.627748] rtc_cmos 00:00: setting system clock to 2024-12-26T05:15:57 UTC (1735190157)
[    1.627762] rtc_cmos 00:00: alarms up to one month, y3k, 114 bytes nvram, hpet irqs
[    1.627768] i2c /dev entries driver
[    1.627803] device-mapper: uevent: version 1.0.3
[    1.627842] device-mapper: ioctl: 4.43.0-ioctl (2020-10-01) initialised: dm-devel@redhat.com
[    1.627855] platform eisa.0: Probing EISA bus 0
[    1.627857] platform eisa.0: EISA: Cannot allocate resource for mainboard
[    1.627859] platform eisa.0: Cannot allocate resource for EISA slot 1
[    1.627860] platform eisa.0: Cannot allocate resource for EISA slot 2
[    1.627862] platform eisa.0: Cannot allocate resource for EISA slot 3
[    1.627863] platform eisa.0: Cannot allocate resource for EISA slot 4
[    1.627864] platform eisa.0: Cannot allocate resource for EISA slot 5
[    1.627866] platform eisa.0: Cannot allocate resource for EISA slot 6
[    1.627867] platform eisa.0: Cannot allocate resource for EISA slot 7
[    1.627868] platform eisa.0: Cannot allocate resource for EISA slot 8
[    1.627869] platform eisa.0: EISA: Detected 0 cards
[    1.627875] intel_pstate: Intel P-state driver initializing
[    1.629879] ledtrig-cpu: registered to indicate activity on CPUs
[    1.629883] EFI Variables Facility v0.08 2004-May-17
[    1.691841] drop_monitor: Initializing network drop monitor service
[    1.692232] NET: Registered protocol family 10
[    1.706007] Segment Routing with IPv6
[    1.706042] NET: Registered protocol family 17
[    1.706104] Key type dns_resolver registered
[    1.710965] microcode: sig=0x50657, pf=0x80, revision=0x5003707
[    1.711205] microcode: Microcode Update Driver: v2.2.
[    1.712006] resctrl: MB allocation detected
[    1.712008] resctrl: L3 monitoring detected
[    1.712011] IPI shorthand broadcast: enabled
[    1.712018] sched_clock: Marking stable (1712647545, -649437)->(1771524727, -59526619)
[    1.712352] registered taskstats version 1
[    1.712363] Loading compiled-in X.509 certificates
[    1.713065] Loaded X.509 cert 'Build time autogenerated kernel key: 0d8e103743cf2d74dd103586183fa3490f9c75ad'
[    1.716806] zswap: loaded using pool lzo/zbud
[    1.717068] Key type ._fscrypt registered
[    1.717070] Key type .fscrypt registered
[    1.717071] Key type fscrypt-provisioning registered
[    1.717221] pstore: Using crash dump compression: deflate
[    1.719675] Key type encrypted registered
[    1.719677] AppArmor: AppArmor sha1 policy hashing enabled
[    1.721255] integrity: Loading X.509 certificate: UEFI:db
[    1.721280] integrity: Loaded X.509 cert 'Microsoft Corporation UEFI CA 2011: 13adbf4309bd82709c8cd54f316ed522988a1bd4'
[    1.721281] integrity: Loading X.509 certificate: UEFI:db
[    1.721300] integrity: Loaded X.509 cert 'Microsoft Windows Production PCA 2011: a92902398e16c49778cd90f99e4f9ae17c55af53'
[    1.721301] integrity: Loading X.509 certificate: UEFI:db
[    1.721414] integrity: Loaded X.509 cert 'VMware, Inc.: 4ad8ba0472073d28127706ddc6ccb9050441bbc7'
[    1.721415] integrity: Loading X.509 certificate: UEFI:db
[    1.721603] integrity: Loaded X.509 cert 'VMware, Inc.: VMware Secure Boot Signing: 04597f3e1ffb240bba0ff0f05d5eb05f3e15f6d7'
[    1.722875] integrity: Loading X.509 certificate: UEFI:MokListRT (MOKvar table)
[    1.723070] integrity: Loaded X.509 cert 'Canonical Ltd. Master Certificate Authority: ad91990bc22ab1f517048c23b6655a268e345a63'
[    1.723073] ima: No TPM chip found, activating TPM-bypass!
[    1.723078] ima: Allocated hash algorithm: sha1
[    1.723084] ima: No architecture policies found
[    1.723095] evm: Initialising EVM extended attributes:
[    1.723095] evm: security.selinux
[    1.723096] evm: security.SMACK64
[    1.723097] evm: security.SMACK64EXEC
[    1.723098] evm: security.SMACK64TRANSMUTE
[    1.723099] evm: security.SMACK64MMAP
[    1.723100] evm: security.apparmor
[    1.723100] evm: security.ima
[    1.723101] evm: security.capability
[    1.723102] evm: HMAC attrs: 0x1
[    1.726064] PM:   Magic number: 4:240:265
